[2025-05-29T18:54:39.684+0000][gc] Using G1
[2025-05-29T18:54:39.691+0000][gc,init] Version: 17.0.8.1+1-Ubuntu-0ubuntu122.04 (release)
[2025-05-29T18:54:39.691+0000][gc,init] CPUs: 8 total, 8 available
[2025-05-29T18:54:39.691+0000][gc,init] Memory: 13975M
[2025-05-29T18:54:39.692+0000][gc,init] Large Page Support: Disabled
[2025-05-29T18:54:39.692+0000][gc,init] NUMA Support: Disabled
[2025-05-29T18:54:39.692+0000][gc,init] Compressed Oops: Enabled (32-bit)
[2025-05-29T18:54:39.692+0000][gc,init] Heap Region Size: 1M
[2025-05-29T18:54:39.692+0000][gc,init] Heap Min Capacity: 1G
[2025-05-29T18:54:39.692+0000][gc,init] Heap Initial Capacity: 1G
[2025-05-29T18:54:39.692+0000][gc,init] Heap Max Capacity: 1G
[2025-05-29T18:54:39.693+0000][gc,init] Pre-touch: Disabled
[2025-05-29T18:54:39.693+0000][gc,init] Parallel Workers: 8
[2025-05-29T18:54:39.693+0000][gc,init] Concurrent Workers: 2
[2025-05-29T18:54:39.693+0000][gc,init] Concurrent Refinement Workers: 8
[2025-05-29T18:54:39.693+0000][gc,init] Periodic GC: Disabled
[2025-05-29T18:54:39.700+0000][gc,metaspace] CDS archive(s) mapped at: [0x00007f204b000000-0x00007f204bbeb000-0x00007f204bbeb000), size 12496896, SharedBaseAddress: 0x00007f204b000000, ArchiveRelocationMode: 1.
[2025-05-29T18:54:39.700+0000][gc,metaspace] Compressed class space mapped at: 0x00007f204c000000-0x00007f208c000000, reserved size: 1073741824
[2025-05-29T18:54:39.700+0000][gc,metaspace] Narrow klass base: 0x00007f204b000000, Narrow klass shift: 0, Narrow klass range: 0x100000000
[2025-05-29T18:54:40.881+0000][gc,start    ] GC(0) Pause Young (Normal) (G1 Evacuation Pause)
[2025-05-29T18:54:40.883+0000][gc,task     ] GC(0) Using 8 workers of 8 for evacuation
[2025-05-29T18:54:40.892+0000][gc,phases   ] GC(0)   Pre Evacuate Collection Set: 0.3ms
[2025-05-29T18:54:40.892+0000][gc,phases   ] GC(0)   Merge Heap Roots: 0.4ms
[2025-05-29T18:54:40.892+0000][gc,phases   ] GC(0)   Evacuate Collection Set: 6.4ms
[2025-05-29T18:54:40.892+0000][gc,phases   ] GC(0)   Post Evacuate Collection Set: 1.1ms
[2025-05-29T18:54:40.892+0000][gc,phases   ] GC(0)   Other: 2.1ms
[2025-05-29T18:54:40.892+0000][gc,heap     ] GC(0) Eden regions: 51->0(44)
[2025-05-29T18:54:40.893+0000][gc,heap     ] GC(0) Survivor regions: 0->7(7)
[2025-05-29T18:54:40.893+0000][gc,heap     ] GC(0) Old regions: 0->1
[2025-05-29T18:54:40.893+0000][gc,heap     ] GC(0) Archive regions: 2->2
[2025-05-29T18:54:40.893+0000][gc,heap     ] GC(0) Humongous regions: 0->0
[2025-05-29T18:54:40.893+0000][gc,metaspace] GC(0) Metaspace: 16987K(17216K)->16987K(17216K) NonClass: 14927K(15040K)->14927K(15040K) Class: 2060K(2176K)->2060K(2176K)
[2025-05-29T18:54:40.893+0000][gc          ] GC(0) Pause Young (Normal) (G1 Evacuation Pause) 51M->8M(1024M) 11.841ms
[2025-05-29T18:54:40.893+0000][gc,cpu      ] GC(0) User=0.01s Sys=0.03s Real=0.01s
[2025-05-29T18:54:41.171+0000][gc,start    ] GC(1) Pause Young (Concurrent Start) (Metadata GC Threshold)
[2025-05-29T18:54:41.171+0000][gc,task     ] GC(1) Using 8 workers of 8 for evacuation
[2025-05-29T18:54:41.178+0000][gc,phases   ] GC(1)   Pre Evacuate Collection Set: 0.3ms
[2025-05-29T18:54:41.178+0000][gc,phases   ] GC(1)   Merge Heap Roots: 0.2ms
[2025-05-29T18:54:41.178+0000][gc,phases   ] GC(1)   Evacuate Collection Set: 4.6ms
[2025-05-29T18:54:41.179+0000][gc,phases   ] GC(1)   Post Evacuate Collection Set: 1.0ms
[2025-05-29T18:54:41.179+0000][gc,phases   ] GC(1)   Other: 0.7ms
[2025-05-29T18:54:41.179+0000][gc,heap     ] GC(1) Eden regions: 14->0(49)
[2025-05-29T18:54:41.179+0000][gc,heap     ] GC(1) Survivor regions: 7->2(7)
[2025-05-29T18:54:41.179+0000][gc,heap     ] GC(1) Old regions: 1->8
[2025-05-29T18:54:41.180+0000][gc,heap     ] GC(1) Archive regions: 2->2
[2025-05-29T18:54:41.180+0000][gc,heap     ] GC(1) Humongous regions: 0->0
[2025-05-29T18:54:41.180+0000][gc,metaspace] GC(1) Metaspace: 21322K(21504K)->21322K(21504K) NonClass: 18675K(18752K)->18675K(18752K) Class: 2647K(2752K)->2647K(2752K)
[2025-05-29T18:54:41.180+0000][gc          ] GC(1) Pause Young (Concurrent Start) (Metadata GC Threshold) 22M->10M(1024M) 8.995ms
[2025-05-29T18:54:41.180+0000][gc,cpu      ] GC(1) User=0.04s Sys=0.00s Real=0.01s
[2025-05-29T18:54:41.181+0000][gc          ] GC(2) Concurrent Mark Cycle
[2025-05-29T18:54:41.181+0000][gc,marking  ] GC(2) Concurrent Clear Claimed Marks
[2025-05-29T18:54:41.181+0000][gc,marking  ] GC(2) Concurrent Clear Claimed Marks 0.180ms
[2025-05-29T18:54:41.181+0000][gc,marking  ] GC(2) Concurrent Scan Root Regions
[2025-05-29T18:54:41.184+0000][gc,marking  ] GC(2) Concurrent Scan Root Regions 3.263ms
[2025-05-29T18:54:41.185+0000][gc,marking  ] GC(2) Concurrent Mark
[2025-05-29T18:54:41.185+0000][gc,marking  ] GC(2) Concurrent Mark From Roots
[2025-05-29T18:54:41.185+0000][gc,task     ] GC(2) Using 2 workers of 2 for marking
[2025-05-29T18:54:41.188+0000][gc,marking  ] GC(2) Concurrent Mark From Roots 3.332ms
[2025-05-29T18:54:41.188+0000][gc,marking  ] GC(2) Concurrent Preclean
[2025-05-29T18:54:41.189+0000][gc,marking  ] GC(2) Concurrent Preclean 0.258ms
[2025-05-29T18:54:41.190+0000][gc,start    ] GC(2) Pause Remark
[2025-05-29T18:54:41.193+0000][gc          ] GC(2) Pause Remark 10M->10M(1024M) 3.060ms
[2025-05-29T18:54:41.194+0000][gc,cpu      ] GC(2) User=0.01s Sys=0.00s Real=0.00s
[2025-05-29T18:54:41.194+0000][gc,marking  ] GC(2) Concurrent Mark 9.262ms
[2025-05-29T18:54:41.195+0000][gc,marking  ] GC(2) Concurrent Rebuild Remembered Sets
[2025-05-29T18:54:41.195+0000][gc,marking  ] GC(2) Concurrent Rebuild Remembered Sets 0.242ms
[2025-05-29T18:54:41.196+0000][gc,start    ] GC(2) Pause Cleanup
[2025-05-29T18:54:41.197+0000][gc          ] GC(2) Pause Cleanup 11M->11M(1024M) 0.247ms
[2025-05-29T18:54:41.197+0000][gc,cpu      ] GC(2) User=0.00s Sys=0.00s Real=0.00s
[2025-05-29T18:54:41.197+0000][gc,marking  ] GC(2) Concurrent Cleanup for Next Mark
[2025-05-29T18:54:41.198+0000][gc,marking  ] GC(2) Concurrent Cleanup for Next Mark 1.361ms
[2025-05-29T18:54:41.199+0000][gc          ] GC(2) Concurrent Mark Cycle 18.037ms
[2025-05-29T18:54:42.106+0000][gc,start    ] GC(3) Pause Young (Normal) (G1 Evacuation Pause)
[2025-05-29T18:54:42.106+0000][gc,task     ] GC(3) Using 8 workers of 8 for evacuation
[2025-05-29T18:54:42.112+0000][gc,phases   ] GC(3)   Pre Evacuate Collection Set: 0.4ms
[2025-05-29T18:54:42.112+0000][gc,phases   ] GC(3)   Merge Heap Roots: 0.3ms
[2025-05-29T18:54:42.113+0000][gc,phases   ] GC(3)   Evacuate Collection Set: 3.5ms
[2025-05-29T18:54:42.113+0000][gc,phases   ] GC(3)   Post Evacuate Collection Set: 1.6ms
[2025-05-29T18:54:42.113+0000][gc,phases   ] GC(3)   Other: 0.6ms
[2025-05-29T18:54:42.113+0000][gc,heap     ] GC(3) Eden regions: 49->0(45)
[2025-05-29T18:54:42.114+0000][gc,heap     ] GC(3) Survivor regions: 2->6(7)
[2025-05-29T18:54:42.114+0000][gc,heap     ] GC(3) Old regions: 8->8
[2025-05-29T18:54:42.114+0000][gc,heap     ] GC(3) Archive regions: 2->2
[2025-05-29T18:54:42.114+0000][gc,heap     ] GC(3) Humongous regions: 1->1
[2025-05-29T18:54:42.114+0000][gc,metaspace] GC(3) Metaspace: 32612K(32960K)->32612K(32960K) NonClass: 28796K(28992K)->28796K(28992K) Class: 3816K(3968K)->3816K(3968K)
[2025-05-29T18:54:42.115+0000][gc          ] GC(3) Pause Young (Normal) (G1 Evacuation Pause) 60M->15M(1024M) 8.859ms
[2025-05-29T18:54:42.115+0000][gc,cpu      ] GC(3) User=0.02s Sys=0.00s Real=0.01s
[2025-05-29T18:54:42.456+0000][gc,start    ] GC(4) Pause Young (Concurrent Start) (Metadata GC Threshold)
[2025-05-29T18:54:42.457+0000][gc,task     ] GC(4) Using 8 workers of 8 for evacuation
[2025-05-29T18:54:42.469+0000][gc,phases   ] GC(4)   Pre Evacuate Collection Set: 0.4ms
[2025-05-29T18:54:42.470+0000][gc,phases   ] GC(4)   Merge Heap Roots: 0.3ms
[2025-05-29T18:54:42.470+0000][gc,phases   ] GC(4)   Evacuate Collection Set: 10.8ms
[2025-05-29T18:54:42.470+0000][gc,phases   ] GC(4)   Post Evacuate Collection Set: 0.9ms
[2025-05-29T18:54:42.471+0000][gc,phases   ] GC(4)   Other: 0.6ms
[2025-05-29T18:54:42.471+0000][gc,heap     ] GC(4) Eden regions: 20->0(49)
[2025-05-29T18:54:42.471+0000][gc,heap     ] GC(4) Survivor regions: 6->2(7)
[2025-05-29T18:54:42.471+0000][gc,heap     ] GC(4) Old regions: 8->14
[2025-05-29T18:54:42.471+0000][gc,heap     ] GC(4) Archive regions: 2->2
[2025-05-29T18:54:42.472+0000][gc,heap     ] GC(4) Humongous regions: 12->12
[2025-05-29T18:54:42.472+0000][gc,metaspace] GC(4) Metaspace: 35622K(36096K)->35622K(36096K) NonClass: 31451K(31680K)->31451K(31680K) Class: 4170K(4416K)->4170K(4416K)
[2025-05-29T18:54:42.472+0000][gc          ] GC(4) Pause Young (Concurrent Start) (Metadata GC Threshold) 46M->27M(1024M) 15.477ms
[2025-05-29T18:54:42.472+0000][gc,cpu      ] GC(4) User=0.06s Sys=0.00s Real=0.01s
[2025-05-29T18:54:42.472+0000][gc          ] GC(5) Concurrent Mark Cycle
[2025-05-29T18:54:42.473+0000][gc,marking  ] GC(5) Concurrent Clear Claimed Marks
[2025-05-29T18:54:42.473+0000][gc,marking  ] GC(5) Concurrent Clear Claimed Marks 0.168ms
[2025-05-29T18:54:42.475+0000][gc,marking  ] GC(5) Concurrent Scan Root Regions
[2025-05-29T18:54:42.482+0000][gc,marking  ] GC(5) Concurrent Scan Root Regions 7.273ms
[2025-05-29T18:54:42.483+0000][gc,marking  ] GC(5) Concurrent Mark
[2025-05-29T18:54:42.484+0000][gc,marking  ] GC(5) Concurrent Mark From Roots
[2025-05-29T18:54:42.484+0000][gc,task     ] GC(5) Using 2 workers of 2 for marking
[2025-05-29T18:54:42.506+0000][gc,marking  ] GC(5) Concurrent Mark From Roots 22.422ms
[2025-05-29T18:54:42.506+0000][gc,marking  ] GC(5) Concurrent Preclean
[2025-05-29T18:54:42.507+0000][gc,marking  ] GC(5) Concurrent Preclean 0.870ms
[2025-05-29T18:54:42.509+0000][gc,start    ] GC(5) Pause Remark
[2025-05-29T18:54:42.513+0000][gc          ] GC(5) Pause Remark 32M->32M(1024M) 3.797ms
[2025-05-29T18:54:42.513+0000][gc,cpu      ] GC(5) User=0.01s Sys=0.00s Real=0.00s
[2025-05-29T18:54:42.514+0000][gc,marking  ] GC(5) Concurrent Mark 30.989ms
[2025-05-29T18:54:42.514+0000][gc,marking  ] GC(5) Concurrent Rebuild Remembered Sets
[2025-05-29T18:54:42.524+0000][gc,marking  ] GC(5) Concurrent Rebuild Remembered Sets 9.358ms
[2025-05-29T18:54:42.526+0000][gc,start    ] GC(5) Pause Cleanup
[2025-05-29T18:54:42.527+0000][gc          ] GC(5) Pause Cleanup 33M->33M(1024M) 0.614ms
[2025-05-29T18:54:42.527+0000][gc,cpu      ] GC(5) User=0.00s Sys=0.00s Real=0.00s
[2025-05-29T18:54:42.528+0000][gc,marking  ] GC(5) Concurrent Cleanup for Next Mark
[2025-05-29T18:54:42.720+0000][gc,marking  ] GC(5) Concurrent Cleanup for Next Mark 192.316ms
[2025-05-29T18:54:42.721+0000][gc          ] GC(5) Concurrent Mark Cycle 248.660ms
[2025-05-29T18:54:43.065+0000][gc,start    ] GC(6) Pause Young (Prepare Mixed) (G1 Evacuation Pause)
[2025-05-29T18:54:43.065+0000][gc,task     ] GC(6) Using 8 workers of 8 for evacuation
[2025-05-29T18:54:43.072+0000][gc,phases   ] GC(6)   Pre Evacuate Collection Set: 0.4ms
[2025-05-29T18:54:43.072+0000][gc,phases   ] GC(6)   Merge Heap Roots: 0.3ms
[2025-05-29T18:54:43.073+0000][gc,phases   ] GC(6)   Evacuate Collection Set: 4.7ms
[2025-05-29T18:54:43.073+0000][gc,phases   ] GC(6)   Post Evacuate Collection Set: 1.3ms
[2025-05-29T18:54:43.073+0000][gc,phases   ] GC(6)   Other: 0.8ms
[2025-05-29T18:54:43.073+0000][gc,heap     ] GC(6) Eden regions: 49->0(44)
[2025-05-29T18:54:43.074+0000][gc,heap     ] GC(6) Survivor regions: 2->7(7)
[2025-05-29T18:54:43.074+0000][gc,heap     ] GC(6) Old regions: 14->14
[2025-05-29T18:54:43.074+0000][gc,heap     ] GC(6) Archive regions: 2->2
[2025-05-29T18:54:43.074+0000][gc,heap     ] GC(6) Humongous regions: 12->10
[2025-05-29T18:54:43.074+0000][gc,metaspace] GC(6) Metaspace: 41251K(41920K)->41251K(41920K) NonClass: 36373K(36736K)->36373K(36736K) Class: 4878K(5184K)->4878K(5184K)
[2025-05-29T18:54:43.075+0000][gc          ] GC(6) Pause Young (Prepare Mixed) (G1 Evacuation Pause) 76M->31M(1024M) 10.018ms
[2025-05-29T18:54:43.075+0000][gc,cpu      ] GC(6) User=0.03s Sys=0.01s Real=0.01s
[2025-05-29T18:57:09.824+0000][gc,start    ] GC(7) Pause Young (Mixed) (G1 Evacuation Pause)
[2025-05-29T18:57:09.825+0000][gc,task     ] GC(7) Using 8 workers of 8 for evacuation
[2025-05-29T18:57:09.839+0000][gc,phases   ] GC(7)   Pre Evacuate Collection Set: 0.7ms
[2025-05-29T18:57:09.839+0000][gc,phases   ] GC(7)   Merge Heap Roots: 0.5ms
[2025-05-29T18:57:09.840+0000][gc,phases   ] GC(7)   Evacuate Collection Set: 10.4ms
[2025-05-29T18:57:09.840+0000][gc,phases   ] GC(7)   Post Evacuate Collection Set: 1.7ms
[2025-05-29T18:57:09.840+0000][gc,phases   ] GC(7)   Other: 1.4ms
[2025-05-29T18:57:09.840+0000][gc,heap     ] GC(7) Eden regions: 44->0(47)
[2025-05-29T18:57:09.841+0000][gc,heap     ] GC(7) Survivor regions: 7->4(7)
[2025-05-29T18:57:09.841+0000][gc,heap     ] GC(7) Old regions: 14->21
[2025-05-29T18:57:09.841+0000][gc,heap     ] GC(7) Archive regions: 2->2
[2025-05-29T18:57:09.841+0000][gc,heap     ] GC(7) Humongous regions: 139->139
[2025-05-29T18:57:09.842+0000][gc,metaspace] GC(7) Metaspace: 46527K(47488K)->46527K(47488K) NonClass: 40983K(41472K)->40983K(41472K) Class: 5543K(6016K)->5543K(6016K)
[2025-05-29T18:57:09.842+0000][gc          ] GC(7) Pause Young (Mixed) (G1 Evacuation Pause) 204M->163M(1024M) 17.656ms
[2025-05-29T18:57:09.842+0000][gc,cpu      ] GC(7) User=0.06s Sys=0.02s Real=0.02s
[2025-05-29T18:57:33.869+0000][gc,start    ] GC(8) Pause Young (Concurrent Start) (G1 Evacuation Pause)
[2025-05-29T18:57:33.870+0000][gc,task     ] GC(8) Using 8 workers of 8 for evacuation
[2025-05-29T18:57:33.876+0000][gc,phases   ] GC(8)   Pre Evacuate Collection Set: 0.5ms
[2025-05-29T18:57:33.876+0000][gc,phases   ] GC(8)   Merge Heap Roots: 0.4ms
[2025-05-29T18:57:33.876+0000][gc,phases   ] GC(8)   Evacuate Collection Set: 3.5ms
[2025-05-29T18:57:33.877+0000][gc,phases   ] GC(8)   Post Evacuate Collection Set: 1.6ms
[2025-05-29T18:57:33.877+0000][gc,phases   ] GC(8)   Other: 1.5ms
[2025-05-29T18:57:33.877+0000][gc,heap     ] GC(8) Eden regions: 47->0(47)
[2025-05-29T18:57:33.877+0000][gc,heap     ] GC(8) Survivor regions: 4->4(7)
[2025-05-29T18:57:33.878+0000][gc,heap     ] GC(8) Old regions: 21->21
[2025-05-29T18:57:33.878+0000][gc,heap     ] GC(8) Archive regions: 2->2
[2025-05-29T18:57:33.878+0000][gc,heap     ] GC(8) Humongous regions: 139->139
[2025-05-29T18:57:33.878+0000][gc,metaspace] GC(8) Metaspace: 47087K(48064K)->47087K(48064K) NonClass: 41543K(42048K)->41543K(42048K) Class: 5543K(6016K)->5543K(6016K)
[2025-05-29T18:57:33.878+0000][gc          ] GC(8) Pause Young (Concurrent Start) (G1 Evacuation Pause) 210M->164M(1024M) 9.800ms
[2025-05-29T18:57:33.879+0000][gc,cpu      ] GC(8) User=0.03s Sys=0.00s Real=0.01s
[2025-05-29T18:57:33.879+0000][gc          ] GC(9) Concurrent Mark Cycle
[2025-05-29T18:57:33.879+0000][gc,marking  ] GC(9) Concurrent Clear Claimed Marks
[2025-05-29T18:57:33.879+0000][gc,marking  ] GC(9) Concurrent Clear Claimed Marks 0.269ms
[2025-05-29T18:57:33.879+0000][gc,marking  ] GC(9) Concurrent Scan Root Regions
[2025-05-29T18:57:33.881+0000][gc,marking  ] GC(9) Concurrent Scan Root Regions 1.785ms
[2025-05-29T18:57:33.881+0000][gc,marking  ] GC(9) Concurrent Mark
[2025-05-29T18:57:33.882+0000][gc,marking  ] GC(9) Concurrent Mark From Roots
[2025-05-29T18:57:33.882+0000][gc,task     ] GC(9) Using 2 workers of 2 for marking
[2025-05-29T18:57:33.898+0000][gc,marking  ] GC(9) Concurrent Mark From Roots 15.917ms
[2025-05-29T18:57:33.898+0000][gc,marking  ] GC(9) Concurrent Preclean
[2025-05-29T18:57:33.898+0000][gc,marking  ] GC(9) Concurrent Preclean 0.408ms
[2025-05-29T18:57:33.899+0000][gc,start    ] GC(9) Pause Remark
[2025-05-29T18:57:33.904+0000][gc          ] GC(9) Pause Remark 165M->165M(1024M) 4.570ms
[2025-05-29T18:57:33.904+0000][gc,cpu      ] GC(9) User=0.01s Sys=0.00s Real=0.01s
[2025-05-29T18:57:33.904+0000][gc,marking  ] GC(9) Concurrent Mark 22.698ms
[2025-05-29T18:57:33.904+0000][gc,marking  ] GC(9) Concurrent Rebuild Remembered Sets
[2025-05-29T18:57:33.914+0000][gc,marking  ] GC(9) Concurrent Rebuild Remembered Sets 9.705ms
[2025-05-29T18:57:33.915+0000][gc,start    ] GC(9) Pause Cleanup
[2025-05-29T18:57:33.915+0000][gc          ] GC(9) Pause Cleanup 165M->165M(1024M) 0.603ms
[2025-05-29T18:57:33.916+0000][gc,cpu      ] GC(9) User=0.00s Sys=0.00s Real=0.00s
[2025-05-29T18:57:33.916+0000][gc,marking  ] GC(9) Concurrent Cleanup for Next Mark
[2025-05-29T18:57:33.917+0000][gc,marking  ] GC(9) Concurrent Cleanup for Next Mark 0.889ms
[2025-05-29T18:57:33.917+0000][gc          ] GC(9) Concurrent Mark Cycle 38.475ms
[2025-05-29T18:57:58.384+0000][gc,start    ] GC(10) Pause Young (Prepare Mixed) (G1 Evacuation Pause)
[2025-05-29T18:57:58.384+0000][gc,task     ] GC(10) Using 8 workers of 8 for evacuation
[2025-05-29T18:57:58.395+0000][gc,phases   ] GC(10)   Pre Evacuate Collection Set: 0.8ms
[2025-05-29T18:57:58.395+0000][gc,phases   ] GC(10)   Merge Heap Roots: 0.9ms
[2025-05-29T18:57:58.396+0000][gc,phases   ] GC(10)   Evacuate Collection Set: 7.1ms
[2025-05-29T18:57:58.396+0000][gc,phases   ] GC(10)   Post Evacuate Collection Set: 1.4ms
[2025-05-29T18:57:58.396+0000][gc,phases   ] GC(10)   Other: 1.0ms
[2025-05-29T18:57:58.396+0000][gc,heap     ] GC(10) Eden regions: 47->0(49)
[2025-05-29T18:57:58.397+0000][gc,heap     ] GC(10) Survivor regions: 4->2(7)
[2025-05-29T18:57:58.397+0000][gc,heap     ] GC(10) Old regions: 21->24
[2025-05-29T18:57:58.397+0000][gc,heap     ] GC(10) Archive regions: 2->2
[2025-05-29T18:57:58.397+0000][gc,heap     ] GC(10) Humongous regions: 139->139
[2025-05-29T18:57:58.398+0000][gc,metaspace] GC(10) Metaspace: 47142K(48064K)->47142K(48064K) NonClass: 41597K(42048K)->41597K(42048K) Class: 5544K(6016K)->5544K(6016K)
[2025-05-29T18:57:58.398+0000][gc          ] GC(10) Pause Young (Prepare Mixed) (G1 Evacuation Pause) 211M->164M(1024M) 14.000ms
[2025-05-29T18:57:58.398+0000][gc,cpu      ] GC(10) User=0.05s Sys=0.00s Real=0.01s
[2025-05-29T18:58:26.559+0000][gc,start    ] GC(11) Pause Young (Mixed) (G1 Evacuation Pause)
[2025-05-29T18:58:26.559+0000][gc,task     ] GC(11) Using 8 workers of 8 for evacuation
[2025-05-29T18:58:26.566+0000][gc,phases   ] GC(11)   Pre Evacuate Collection Set: 0.7ms
[2025-05-29T18:58:26.567+0000][gc,phases   ] GC(11)   Merge Heap Roots: 0.3ms
[2025-05-29T18:58:26.567+0000][gc,phases   ] GC(11)   Evacuate Collection Set: 4.6ms
[2025-05-29T18:58:26.567+0000][gc,phases   ] GC(11)   Post Evacuate Collection Set: 1.3ms
[2025-05-29T18:58:26.568+0000][gc,phases   ] GC(11)   Other: 1.0ms
[2025-05-29T18:58:26.568+0000][gc,heap     ] GC(11) Eden regions: 49->0(72)
[2025-05-29T18:58:26.568+0000][gc,heap     ] GC(11) Survivor regions: 2->3(7)
[2025-05-29T18:58:26.568+0000][gc,heap     ] GC(11) Old regions: 24->23
[2025-05-29T18:58:26.568+0000][gc,heap     ] GC(11) Archive regions: 2->2
[2025-05-29T18:58:26.569+0000][gc,heap     ] GC(11) Humongous regions: 139->139
[2025-05-29T18:58:26.569+0000][gc,metaspace] GC(11) Metaspace: 47255K(48256K)->47255K(48256K) NonClass: 41711K(42240K)->41711K(42240K) Class: 5544K(6016K)->5544K(6016K)
[2025-05-29T18:58:26.569+0000][gc          ] GC(11) Pause Young (Mixed) (G1 Evacuation Pause) 213M->165M(1024M) 10.312ms
[2025-05-29T18:58:26.569+0000][gc,cpu      ] GC(11) User=0.02s Sys=0.01s Real=0.01s
[2025-05-29T18:59:07.009+0000][gc,start    ] GC(12) Pause Young (Normal) (G1 Evacuation Pause)
[2025-05-29T18:59:07.010+0000][gc,task     ] GC(12) Using 8 workers of 8 for evacuation
[2025-05-29T18:59:07.028+0000][gc,phases   ] GC(12)   Pre Evacuate Collection Set: 0.3ms
[2025-05-29T18:59:07.028+0000][gc,phases   ] GC(12)   Merge Heap Roots: 0.2ms
[2025-05-29T18:59:07.029+0000][gc,phases   ] GC(12)   Evacuate Collection Set: 16.6ms
[2025-05-29T18:59:07.029+0000][gc,phases   ] GC(12)   Post Evacuate Collection Set: 1.0ms
[2025-05-29T18:59:07.029+0000][gc,phases   ] GC(12)   Other: 1.4ms
[2025-05-29T18:59:07.029+0000][gc,heap     ] GC(12) Eden regions: 72->0(110)
[2025-05-29T18:59:07.029+0000][gc,heap     ] GC(12) Survivor regions: 3->4(10)
[2025-05-29T18:59:07.029+0000][gc,heap     ] GC(12) Old regions: 23->23
[2025-05-29T18:59:07.030+0000][gc,heap     ] GC(12) Archive regions: 2->2
[2025-05-29T18:59:07.030+0000][gc,heap     ] GC(12) Humongous regions: 139->139
[2025-05-29T18:59:07.030+0000][gc,metaspace] GC(12) Metaspace: 47536K(48512K)->47536K(48512K) NonClass: 41992K(42496K)->41992K(42496K) Class: 5544K(6016K)->5544K(6016K)
[2025-05-29T18:59:07.030+0000][gc          ] GC(12) Pause Young (Normal) (G1 Evacuation Pause) 237M->166M(1024M) 21.527ms
[2025-05-29T18:59:07.030+0000][gc,cpu      ] GC(12) User=0.02s Sys=0.01s Real=0.02s
[2025-05-29T19:00:03.811+0000][gc,start    ] GC(13) Pause Young (Normal) (G1 Evacuation Pause)
[2025-05-29T19:00:03.814+0000][gc,task     ] GC(13) Using 8 workers of 8 for evacuation
[2025-05-29T19:00:03.844+0000][gc,mmu      ] GC(13) MMU target violated: 21.0ms (20.0ms/21.0ms)
[2025-05-29T19:00:03.845+0000][gc,phases   ] GC(13)   Pre Evacuate Collection Set: 0.8ms
[2025-05-29T19:00:03.856+0000][gc,phases   ] GC(13)   Merge Heap Roots: 0.5ms
[2025-05-29T19:00:03.857+0000][gc,phases   ] GC(13)   Evacuate Collection Set: 25.0ms
[2025-05-29T19:00:03.857+0000][gc,phases   ] GC(13)   Post Evacuate Collection Set: 2.9ms
[2025-05-29T19:00:03.857+0000][gc,phases   ] GC(13)   Other: 4.2ms
[2025-05-29T19:00:03.858+0000][gc,heap     ] GC(13) Eden regions: 110->0(45)
[2025-05-29T19:00:03.858+0000][gc,heap     ] GC(13) Survivor regions: 4->6(15)
[2025-05-29T19:00:03.858+0000][gc,heap     ] GC(13) Old regions: 23->23
[2025-05-29T19:00:03.858+0000][gc,heap     ] GC(13) Archive regions: 2->2
[2025-05-29T19:00:03.859+0000][gc,heap     ] GC(13) Humongous regions: 139->139
[2025-05-29T19:00:03.859+0000][gc,metaspace] GC(13) Metaspace: 47602K(48576K)->47602K(48576K) NonClass: 42058K(42560K)->42058K(42560K) Class: 5544K(6016K)->5544K(6016K)
[2025-05-29T19:00:03.859+0000][gc          ] GC(13) Pause Young (Normal) (G1 Evacuation Pause) 276M->168M(1024M) 48.024ms
[2025-05-29T19:00:03.859+0000][gc,cpu      ] GC(13) User=0.05s Sys=0.00s Real=0.05s
[2025-05-29T19:00:30.465+0000][gc,start    ] GC(14) Pause Young (Normal) (G1 Evacuation Pause)
[2025-05-29T19:00:30.476+0000][gc,task     ] GC(14) Using 8 workers of 8 for evacuation
[2025-05-29T19:00:30.487+0000][gc,phases   ] GC(14)   Pre Evacuate Collection Set: 0.6ms
[2025-05-29T19:00:30.496+0000][gc,phases   ] GC(14)   Merge Heap Roots: 0.4ms
[2025-05-29T19:00:30.497+0000][gc,phases   ] GC(14)   Evacuate Collection Set: 7.0ms
[2025-05-29T19:00:30.516+0000][gc,phases   ] GC(14)   Post Evacuate Collection Set: 1.6ms
[2025-05-29T19:00:30.517+0000][gc,phases   ] GC(14)   Other: 12.6ms
[2025-05-29T19:00:30.536+0000][gc,heap     ] GC(14) Eden regions: 45->0(117)
[2025-05-29T19:00:30.537+0000][gc,heap     ] GC(14) Survivor regions: 6->5(7)
[2025-05-29T19:00:30.537+0000][gc,heap     ] GC(14) Old regions: 23->25
[2025-05-29T19:00:30.538+0000][gc,heap     ] GC(14) Archive regions: 2->2
[2025-05-29T19:00:30.538+0000][gc,heap     ] GC(14) Humongous regions: 139->139
[2025-05-29T19:00:30.538+0000][gc,metaspace] GC(14) Metaspace: 47615K(48576K)->47615K(48576K) NonClass: 42068K(42560K)->42068K(42560K) Class: 5546K(6016K)->5546K(6016K)
[2025-05-29T19:00:30.539+0000][gc          ] GC(14) Pause Young (Normal) (G1 Evacuation Pause) 213M->169M(1024M) 74.163ms
[2025-05-29T19:00:30.539+0000][gc,cpu      ] GC(14) User=0.04s Sys=0.01s Real=0.07s
[2025-05-29T19:01:22.292+0000][gc,start    ] GC(15) Pause Young (Normal) (G1 Evacuation Pause)
[2025-05-29T19:01:22.293+0000][gc,task     ] GC(15) Using 8 workers of 8 for evacuation
[2025-05-29T19:01:22.302+0000][gc,phases   ] GC(15)   Pre Evacuate Collection Set: 1.3ms
[2025-05-29T19:01:22.303+0000][gc,phases   ] GC(15)   Merge Heap Roots: 0.4ms
[2025-05-29T19:01:22.303+0000][gc,phases   ] GC(15)   Evacuate Collection Set: 5.6ms
[2025-05-29T19:01:22.304+0000][gc,phases   ] GC(15)   Post Evacuate Collection Set: 1.0ms
[2025-05-29T19:01:22.304+0000][gc,phases   ] GC(15)   Other: 2.4ms
[2025-05-29T19:01:22.304+0000][gc,heap     ] GC(15) Eden regions: 109->0(121)
[2025-05-29T19:01:22.304+0000][gc,heap     ] GC(15) Survivor regions: 5->7(15)
[2025-05-29T19:01:22.304+0000][gc,heap     ] GC(15) Old regions: 25->25
[2025-05-29T19:01:22.305+0000][gc,heap     ] GC(15) Archive regions: 2->2
[2025-05-29T19:01:22.305+0000][gc,heap     ] GC(15) Humongous regions: 139->139
[2025-05-29T19:01:22.305+0000][gc,metaspace] GC(15) Metaspace: 47669K(48576K)->47669K(48576K) NonClass: 42120K(42560K)->42120K(42560K) Class: 5548K(6016K)->5548K(6016K)
[2025-05-29T19:01:22.305+0000][gc          ] GC(15) Pause Young (Normal) (G1 Evacuation Pause) 278M->171M(1024M) 13.921ms
[2025-05-29T19:01:22.306+0000][gc,cpu      ] GC(15) User=0.03s Sys=0.01s Real=0.02s
[2025-05-29T19:02:16.404+0000][gc,start    ] GC(16) Pause Young (Normal) (G1 Evacuation Pause)
[2025-05-29T19:02:16.405+0000][gc,task     ] GC(16) Using 8 workers of 8 for evacuation
[2025-05-29T19:02:16.417+0000][gc,phases   ] GC(16)   Pre Evacuate Collection Set: 0.6ms
[2025-05-29T19:02:16.418+0000][gc,phases   ] GC(16)   Merge Heap Roots: 0.3ms
[2025-05-29T19:02:16.418+0000][gc,phases   ] GC(16)   Evacuate Collection Set: 10.1ms
[2025-05-29T19:02:16.418+0000][gc,phases   ] GC(16)   Post Evacuate Collection Set: 0.9ms
[2025-05-29T19:02:16.419+0000][gc,phases   ] GC(16)   Other: 1.2ms
[2025-05-29T19:02:16.419+0000][gc,heap     ] GC(16) Eden regions: 116->0(163)
[2025-05-29T19:02:16.419+0000][gc,heap     ] GC(16) Survivor regions: 7->10(16)
[2025-05-29T19:02:16.419+0000][gc,heap     ] GC(16) Old regions: 25->25
[2025-05-29T19:02:16.420+0000][gc,heap     ] GC(16) Archive regions: 2->2
[2025-05-29T19:02:16.420+0000][gc,heap     ] GC(16) Humongous regions: 139->139
[2025-05-29T19:02:16.420+0000][gc,metaspace] GC(16) Metaspace: 47694K(48640K)->47694K(48640K) NonClass: 42144K(42624K)->42144K(42624K) Class: 5549K(6016K)->5549K(6016K)
[2025-05-29T19:02:16.420+0000][gc          ] GC(16) Pause Young (Normal) (G1 Evacuation Pause) 287M->174M(1024M) 16.039ms
[2025-05-29T19:02:16.421+0000][gc,cpu      ] GC(16) User=0.05s Sys=0.00s Real=0.02s
[2025-05-29T19:03:30.978+0000][gc,start    ] GC(17) Pause Young (Normal) (G1 Evacuation Pause)
[2025-05-29T19:03:30.978+0000][gc,task     ] GC(17) Using 8 workers of 8 for evacuation
[2025-05-29T19:03:30.994+0000][gc,phases   ] GC(17)   Pre Evacuate Collection Set: 0.8ms
[2025-05-29T19:03:30.995+0000][gc,phases   ] GC(17)   Merge Heap Roots: 1.0ms
[2025-05-29T19:03:30.995+0000][gc,phases   ] GC(17)   Evacuate Collection Set: 12.1ms
[2025-05-29T19:03:30.995+0000][gc,phases   ] GC(17)   Post Evacuate Collection Set: 2.0ms
[2025-05-29T19:03:30.995+0000][gc,phases   ] GC(17)   Other: 1.1ms
[2025-05-29T19:03:30.996+0000][gc,heap     ] GC(17) Eden regions: 158->0(140)
[2025-05-29T19:03:30.996+0000][gc,heap     ] GC(17) Survivor regions: 10->13(21)
[2025-05-29T19:03:30.996+0000][gc,heap     ] GC(17) Old regions: 25->25
[2025-05-29T19:03:30.996+0000][gc,heap     ] GC(17) Archive regions: 2->2
[2025-05-29T19:03:30.996+0000][gc,heap     ] GC(17) Humongous regions: 139->139
[2025-05-29T19:03:30.996+0000][gc,metaspace] GC(17) Metaspace: 47750K(48640K)->47750K(48640K) NonClass: 42200K(42624K)->42200K(42624K) Class: 5549K(6016K)->5549K(6016K)
[2025-05-29T19:03:30.997+0000][gc          ] GC(17) Pause Young (Normal) (G1 Evacuation Pause) 332M->177M(1024M) 18.975ms
[2025-05-29T19:03:30.997+0000][gc,cpu      ] GC(17) User=0.07s Sys=0.02s Real=0.02s
[2025-05-29T19:04:45.945+0000][gc,start    ] GC(18) Pause Young (Normal) (G1 Evacuation Pause)
[2025-05-29T19:04:45.946+0000][gc,task     ] GC(18) Using 8 workers of 8 for evacuation
[2025-05-29T19:04:45.963+0000][gc,phases   ] GC(18)   Pre Evacuate Collection Set: 0.5ms
[2025-05-29T19:04:45.964+0000][gc,phases   ] GC(18)   Merge Heap Roots: 0.5ms
[2025-05-29T19:04:45.964+0000][gc,phases   ] GC(18)   Evacuate Collection Set: 14.2ms
[2025-05-29T19:04:45.964+0000][gc,phases   ] GC(18)   Post Evacuate Collection Set: 1.3ms
[2025-05-29T19:04:45.964+0000][gc,phases   ] GC(18)   Other: 2.2ms
[2025-05-29T19:04:45.965+0000][gc,heap     ] GC(18) Eden regions: 140->0(136)
[2025-05-29T19:04:45.965+0000][gc,heap     ] GC(18) Survivor regions: 13->12(20)
[2025-05-29T19:04:45.965+0000][gc,heap     ] GC(18) Old regions: 25->29
[2025-05-29T19:04:45.965+0000][gc,heap     ] GC(18) Archive regions: 2->2
[2025-05-29T19:04:45.966+0000][gc,heap     ] GC(18) Humongous regions: 139->139
[2025-05-29T19:04:45.966+0000][gc,metaspace] GC(18) Metaspace: 47776K(48768K)->47776K(48768K) NonClass: 42224K(42752K)->42224K(42752K) Class: 5552K(6016K)->5552K(6016K)
[2025-05-29T19:04:45.966+0000][gc          ] GC(18) Pause Young (Normal) (G1 Evacuation Pause) 317M->179M(1024M) 21.459ms
[2025-05-29T19:04:45.966+0000][gc,cpu      ] GC(18) User=0.07s Sys=0.00s Real=0.02s
[2025-05-29T19:05:37.475+0000][gc,start    ] GC(19) Pause Young (Normal) (G1 Evacuation Pause)
[2025-05-29T19:05:37.477+0000][gc,task     ] GC(19) Using 8 workers of 8 for evacuation
[2025-05-29T19:05:37.486+0000][gc,phases   ] GC(19)   Pre Evacuate Collection Set: 0.3ms
[2025-05-29T19:05:37.487+0000][gc,phases   ] GC(19)   Merge Heap Roots: 0.2ms
[2025-05-29T19:05:37.487+0000][gc,phases   ] GC(19)   Evacuate Collection Set: 8.0ms
[2025-05-29T19:05:37.487+0000][gc,phases   ] GC(19)   Post Evacuate Collection Set: 1.0ms
[2025-05-29T19:05:37.487+0000][gc,phases   ] GC(19)   Other: 1.4ms
[2025-05-29T19:05:37.487+0000][gc,heap     ] GC(19) Eden regions: 96->0(287)
[2025-05-29T19:05:37.488+0000][gc,heap     ] GC(19) Survivor regions: 12->8(14)
[2025-05-29T19:05:37.488+0000][gc,heap     ] GC(19) Old regions: 29->34
[2025-05-29T19:05:37.488+0000][gc,heap     ] GC(19) Archive regions: 2->2
[2025-05-29T19:05:37.488+0000][gc,heap     ] GC(19) Humongous regions: 139->139
[2025-05-29T19:05:37.488+0000][gc,metaspace] GC(19) Metaspace: 47798K(48768K)->47798K(48768K) NonClass: 42245K(42752K)->42245K(42752K) Class: 5552K(6016K)->5552K(6016K)
[2025-05-29T19:05:37.489+0000][gc          ] GC(19) Pause Young (Normal) (G1 Evacuation Pause) 275M->181M(1024M) 13.076ms
[2025-05-29T19:05:37.489+0000][gc,cpu      ] GC(19) User=0.05s Sys=0.00s Real=0.01s
[2025-05-29T19:07:54.257+0000][gc,start    ] GC(20) Pause Young (Normal) (G1 Evacuation Pause)
[2025-05-29T19:07:54.258+0000][gc,task     ] GC(20) Using 8 workers of 8 for evacuation
[2025-05-29T19:07:54.272+0000][gc,phases   ] GC(20)   Pre Evacuate Collection Set: 0.5ms
[2025-05-29T19:07:54.273+0000][gc,phases   ] GC(20)   Merge Heap Roots: 0.3ms
[2025-05-29T19:07:54.273+0000][gc,phases   ] GC(20)   Evacuate Collection Set: 11.6ms
[2025-05-29T19:07:54.273+0000][gc,phases   ] GC(20)   Post Evacuate Collection Set: 1.1ms
[2025-05-29T19:07:54.273+0000][gc,phases   ] GC(20)   Other: 2.0ms
[2025-05-29T19:07:54.273+0000][gc,heap     ] GC(20) Eden regions: 266->0(241)
[2025-05-29T19:07:54.274+0000][gc,heap     ] GC(20) Survivor regions: 8->13(35)
[2025-05-29T19:07:54.274+0000][gc,heap     ] GC(20) Old regions: 34->34
[2025-05-29T19:07:54.274+0000][gc,heap     ] GC(20) Archive regions: 2->2
[2025-05-29T19:07:54.274+0000][gc,heap     ] GC(20) Humongous regions: 139->139
[2025-05-29T19:07:54.274+0000][gc,metaspace] GC(20) Metaspace: 47906K(48832K)->47906K(48832K) NonClass: 42354K(42816K)->42354K(42816K) Class: 5552K(6016K)->5552K(6016K)
[2025-05-29T19:07:54.275+0000][gc          ] GC(20) Pause Young (Normal) (G1 Evacuation Pause) 447M->185M(1024M) 17.707ms
[2025-05-29T19:07:54.275+0000][gc,cpu      ] GC(20) User=0.06s Sys=0.00s Real=0.02s
[2025-05-29T19:10:03.964+0000][gc,start    ] GC(21) Pause Young (Normal) (G1 Evacuation Pause)
[2025-05-29T19:10:03.965+0000][gc,task     ] GC(21) Using 8 workers of 8 for evacuation
[2025-05-29T19:10:03.984+0000][gc,phases   ] GC(21)   Pre Evacuate Collection Set: 0.5ms
[2025-05-29T19:10:03.984+0000][gc,phases   ] GC(21)   Merge Heap Roots: 0.3ms
[2025-05-29T19:10:03.984+0000][gc,phases   ] GC(21)   Evacuate Collection Set: 15.9ms
[2025-05-29T19:10:03.984+0000][gc,phases   ] GC(21)   Post Evacuate Collection Set: 1.2ms
[2025-05-29T19:10:03.985+0000][gc,phases   ] GC(21)   Other: 1.9ms
[2025-05-29T19:10:03.985+0000][gc,heap     ] GC(21) Eden regions: 241->0(271)
[2025-05-29T19:10:03.985+0000][gc,heap     ] GC(21) Survivor regions: 13->17(32)
[2025-05-29T19:10:03.985+0000][gc,heap     ] GC(21) Old regions: 34->34
[2025-05-29T19:10:03.986+0000][gc,heap     ] GC(21) Archive regions: 2->2
[2025-05-29T19:10:03.986+0000][gc,heap     ] GC(21) Humongous regions: 139->139
[2025-05-29T19:10:03.986+0000][gc,metaspace] GC(21) Metaspace: 47917K(48832K)->47917K(48832K) NonClass: 42364K(42816K)->42364K(42816K) Class: 5552K(6016K)->5552K(6016K)
[2025-05-29T19:10:03.986+0000][gc          ] GC(21) Pause Young (Normal) (G1 Evacuation Pause) 426M->190M(1024M) 22.430ms
[2025-05-29T19:10:03.986+0000][gc,cpu      ] GC(21) User=0.06s Sys=0.00s Real=0.02s
[2025-05-29T19:12:25.177+0000][gc,start    ] GC(22) Pause Young (Normal) (G1 Evacuation Pause)
[2025-05-29T19:12:25.179+0000][gc,task     ] GC(22) Using 8 workers of 8 for evacuation
[2025-05-29T19:12:25.202+0000][gc,mmu      ] GC(22) MMU target violated: 21.0ms (20.0ms/21.0ms)
[2025-05-29T19:12:25.203+0000][gc,phases   ] GC(22)   Pre Evacuate Collection Set: 1.2ms
[2025-05-29T19:12:25.203+0000][gc,phases   ] GC(22)   Merge Heap Roots: 1.0ms
[2025-05-29T19:12:25.203+0000][gc,phases   ] GC(22)   Evacuate Collection Set: 18.9ms
[2025-05-29T19:12:25.203+0000][gc,phases   ] GC(22)   Post Evacuate Collection Set: 1.6ms
[2025-05-29T19:12:25.204+0000][gc,phases   ] GC(22)   Other: 3.5ms
[2025-05-29T19:12:25.204+0000][gc,heap     ] GC(22) Eden regions: 271->0(141)
[2025-05-29T19:12:25.204+0000][gc,heap     ] GC(22) Survivor regions: 17->22(36)
[2025-05-29T19:12:25.205+0000][gc,heap     ] GC(22) Old regions: 34->34
[2025-05-29T19:12:25.205+0000][gc,heap     ] GC(22) Archive regions: 2->2
[2025-05-29T19:12:25.205+0000][gc,heap     ] GC(22) Humongous regions: 139->139
[2025-05-29T19:12:25.205+0000][gc,metaspace] GC(22) Metaspace: 48007K(48960K)->48007K(48960K) NonClass: 42454K(42944K)->42454K(42944K) Class: 5552K(6016K)->5552K(6016K)
[2025-05-29T19:12:25.205+0000][gc          ] GC(22) Pause Young (Normal) (G1 Evacuation Pause) 461M->195M(1024M) 28.932ms
[2025-05-29T19:12:25.206+0000][gc,cpu      ] GC(22) User=0.13s Sys=0.03s Real=0.03s
[2025-05-29T19:13:37.346+0000][gc,start    ] GC(23) Pause Young (Normal) (G1 Evacuation Pause)
[2025-05-29T19:13:37.347+0000][gc,task     ] GC(23) Using 8 workers of 8 for evacuation
[2025-05-29T19:13:37.366+0000][gc,phases   ] GC(23)   Pre Evacuate Collection Set: 0.3ms
[2025-05-29T19:13:37.366+0000][gc,phases   ] GC(23)   Merge Heap Roots: 0.3ms
[2025-05-29T19:13:37.367+0000][gc,phases   ] GC(23)   Evacuate Collection Set: 16.4ms
[2025-05-29T19:13:37.367+0000][gc,phases   ] GC(23)   Post Evacuate Collection Set: 1.7ms
[2025-05-29T19:13:37.367+0000][gc,phases   ] GC(23)   Other: 1.9ms
[2025-05-29T19:13:37.367+0000][gc,heap     ] GC(23) Eden regions: 141->0(326)
[2025-05-29T19:13:37.368+0000][gc,heap     ] GC(23) Survivor regions: 22->13(21)
[2025-05-29T19:13:37.368+0000][gc,heap     ] GC(23) Old regions: 34->46
[2025-05-29T19:13:37.368+0000][gc,heap     ] GC(23) Archive regions: 2->2
[2025-05-29T19:13:37.369+0000][gc,heap     ] GC(23) Humongous regions: 139->139
[2025-05-29T19:13:37.369+0000][gc,metaspace] GC(23) Metaspace: 48019K(48960K)->48019K(48960K) NonClass: 42466K(42944K)->42466K(42944K) Class: 5552K(6016K)->5552K(6016K)
[2025-05-29T19:13:37.369+0000][gc          ] GC(23) Pause Young (Normal) (G1 Evacuation Pause) 336M->198M(1024M) 23.637ms
[2025-05-29T19:13:37.370+0000][gc,cpu      ] GC(23) User=0.09s Sys=0.03s Real=0.02s
[2025-05-29T19:16:24.744+0000][gc,start    ] GC(24) Pause Young (Normal) (G1 Evacuation Pause)
[2025-05-29T19:16:24.746+0000][gc,task     ] GC(24) Using 8 workers of 8 for evacuation
[2025-05-29T19:16:24.768+0000][gc,mmu      ] GC(24) MMU target violated: 21.0ms (20.0ms/21.0ms)
[2025-05-29T19:16:24.768+0000][gc,phases   ] GC(24)   Pre Evacuate Collection Set: 0.6ms
[2025-05-29T19:16:24.768+0000][gc,phases   ] GC(24)   Merge Heap Roots: 0.3ms
[2025-05-29T19:16:24.769+0000][gc,phases   ] GC(24)   Evacuate Collection Set: 19.0ms
[2025-05-29T19:16:24.769+0000][gc,phases   ] GC(24)   Post Evacuate Collection Set: 1.4ms
[2025-05-29T19:16:24.769+0000][gc,phases   ] GC(24)   Other: 2.5ms
[2025-05-29T19:16:24.769+0000][gc,heap     ] GC(24) Eden regions: 326->0(90)
[2025-05-29T19:16:24.770+0000][gc,heap     ] GC(24) Survivor regions: 13->19(43)
[2025-05-29T19:16:24.770+0000][gc,heap     ] GC(24) Old regions: 46->46
[2025-05-29T19:16:24.770+0000][gc,heap     ] GC(24) Archive regions: 2->2
[2025-05-29T19:16:24.770+0000][gc,heap     ] GC(24) Humongous regions: 139->139
[2025-05-29T19:16:24.770+0000][gc,metaspace] GC(24) Metaspace: 48064K(48960K)->48064K(48960K) NonClass: 42504K(42944K)->42504K(42944K) Class: 5560K(6016K)->5560K(6016K)
[2025-05-29T19:16:24.771+0000][gc          ] GC(24) Pause Young (Normal) (G1 Evacuation Pause) 524M->203M(1024M) 26.478ms
[2025-05-29T19:16:24.771+0000][gc,cpu      ] GC(24) User=0.10s Sys=0.00s Real=0.03s
[2025-05-29T19:17:11.492+0000][gc,start    ] GC(25) Pause Young (Normal) (G1 Evacuation Pause)
[2025-05-29T19:17:11.493+0000][gc,task     ] GC(25) Using 8 workers of 8 for evacuation
[2025-05-29T19:17:11.515+0000][gc,mmu      ] GC(25) MMU target violated: 21.0ms (20.0ms/21.0ms)
[2025-05-29T19:17:11.515+0000][gc,phases   ] GC(25)   Pre Evacuate Collection Set: 1.0ms
[2025-05-29T19:17:11.516+0000][gc,phases   ] GC(25)   Merge Heap Roots: 0.6ms
[2025-05-29T19:17:11.516+0000][gc,phases   ] GC(25)   Evacuate Collection Set: 18.1ms
[2025-05-29T19:17:11.516+0000][gc,phases   ] GC(25)   Post Evacuate Collection Set: 1.8ms
[2025-05-29T19:17:11.516+0000][gc,phases   ] GC(25)   Other: 1.7ms
[2025-05-29T19:17:11.516+0000][gc,heap     ] GC(25) Eden regions: 90->0(432)
[2025-05-29T19:17:11.517+0000][gc,heap     ] GC(25) Survivor regions: 19->9(14)
[2025-05-29T19:17:11.517+0000][gc,heap     ] GC(25) Old regions: 46->57
[2025-05-29T19:17:11.517+0000][gc,heap     ] GC(25) Archive regions: 2->2
[2025-05-29T19:17:11.517+0000][gc,heap     ] GC(25) Humongous regions: 139->139
[2025-05-29T19:17:11.519+0000][gc,metaspace] GC(25) Metaspace: 48064K(48960K)->48064K(48960K) NonClass: 42504K(42944K)->42504K(42944K) Class: 5560K(6016K)->5560K(6016K)
[2025-05-29T19:17:11.519+0000][gc          ] GC(25) Pause Young (Normal) (G1 Evacuation Pause) 293M->205M(1024M) 26.768ms
[2025-05-29T19:17:11.519+0000][gc,cpu      ] GC(25) User=0.12s Sys=0.00s Real=0.03s
[2025-05-29T19:20:54.751+0000][gc,start    ] GC(26) Pause Young (Normal) (G1 Evacuation Pause)
[2025-05-29T19:20:54.753+0000][gc,task     ] GC(26) Using 8 workers of 8 for evacuation
[2025-05-29T19:20:54.774+0000][gc,mmu      ] GC(26) MMU target violated: 20.4ms (20.0ms/21.0ms)
[2025-05-29T19:20:54.775+0000][gc,phases   ] GC(26)   Pre Evacuate Collection Set: 0.8ms
[2025-05-29T19:20:54.775+0000][gc,phases   ] GC(26)   Merge Heap Roots: 1.0ms
[2025-05-29T19:20:54.775+0000][gc,phases   ] GC(26)   Evacuate Collection Set: 16.8ms
[2025-05-29T19:20:54.775+0000][gc,phases   ] GC(26)   Post Evacuate Collection Set: 1.9ms
[2025-05-29T19:20:54.776+0000][gc,phases   ] GC(26)   Other: 3.1ms
[2025-05-29T19:20:54.776+0000][gc,heap     ] GC(26) Eden regions: 432->0(184)
[2025-05-29T19:20:54.776+0000][gc,heap     ] GC(26) Survivor regions: 9->16(56)
[2025-05-29T19:20:54.777+0000][gc,heap     ] GC(26) Old regions: 57->57
[2025-05-29T19:20:54.777+0000][gc,heap     ] GC(26) Archive regions: 2->2
[2025-05-29T19:20:54.777+0000][gc,heap     ] GC(26) Humongous regions: 139->139
[2025-05-29T19:20:54.777+0000][gc,metaspace] GC(26) Metaspace: 48075K(49024K)->48075K(49024K) NonClass: 42515K(43008K)->42515K(43008K) Class: 5560K(6016K)->5560K(6016K)
[2025-05-29T19:20:54.777+0000][gc          ] GC(26) Pause Young (Normal) (G1 Evacuation Pause) 637M->212M(1024M) 26.294ms
[2025-05-29T19:20:54.778+0000][gc,cpu      ] GC(26) User=0.12s Sys=0.01s Real=0.02s
[2025-05-29T19:22:29.624+0000][gc,start    ] GC(27) Pause Young (Normal) (G1 Evacuation Pause)
[2025-05-29T19:22:29.624+0000][gc,task     ] GC(27) Using 8 workers of 8 for evacuation
[2025-05-29T19:22:29.642+0000][gc,phases   ] GC(27)   Pre Evacuate Collection Set: 0.3ms
[2025-05-29T19:22:29.643+0000][gc,phases   ] GC(27)   Merge Heap Roots: 0.3ms
[2025-05-29T19:22:29.643+0000][gc,phases   ] GC(27)   Evacuate Collection Set: 16.0ms
[2025-05-29T19:22:29.643+0000][gc,phases   ] GC(27)   Post Evacuate Collection Set: 1.5ms
[2025-05-29T19:22:29.644+0000][gc,phases   ] GC(27)   Other: 0.5ms
[2025-05-29T19:22:29.644+0000][gc,heap     ] GC(27) Eden regions: 184->0(296)
[2025-05-29T19:22:29.644+0000][gc,heap     ] GC(27) Survivor regions: 16->14(25)
[2025-05-29T19:22:29.644+0000][gc,heap     ] GC(27) Old regions: 57->63
[2025-05-29T19:22:29.645+0000][gc,heap     ] GC(27) Archive regions: 2->2
[2025-05-29T19:22:29.645+0000][gc,heap     ] GC(27) Humongous regions: 139->139
[2025-05-29T19:22:29.645+0000][gc,metaspace] GC(27) Metaspace: 48087K(49024K)->48087K(49024K) NonClass: 42527K(43008K)->42527K(43008K) Class: 5560K(6016K)->5560K(6016K)
[2025-05-29T19:22:29.645+0000][gc          ] GC(27) Pause Young (Normal) (G1 Evacuation Pause) 396M->215M(1024M) 21.558ms
[2025-05-29T19:22:29.646+0000][gc,cpu      ] GC(27) User=0.05s Sys=0.08s Real=0.02s
[2025-05-29T19:24:56.944+0000][gc,start    ] GC(28) Pause Young (Normal) (G1 Evacuation Pause)
[2025-05-29T19:24:56.945+0000][gc,task     ] GC(28) Using 8 workers of 8 for evacuation
[2025-05-29T19:24:56.972+0000][gc,mmu      ] GC(28) MMU target violated: 21.0ms (20.0ms/21.0ms)
[2025-05-29T19:24:56.972+0000][gc,phases   ] GC(28)   Pre Evacuate Collection Set: 1.5ms
[2025-05-29T19:24:56.972+0000][gc,phases   ] GC(28)   Merge Heap Roots: 0.3ms
[2025-05-29T19:24:56.972+0000][gc,phases   ] GC(28)   Evacuate Collection Set: 23.0ms
[2025-05-29T19:24:56.973+0000][gc,phases   ] GC(28)   Post Evacuate Collection Set: 1.7ms
[2025-05-29T19:24:56.973+0000][gc,phases   ] GC(28)   Other: 1.8ms
[2025-05-29T19:24:56.973+0000][gc,heap     ] GC(28) Eden regions: 284->0(33)
[2025-05-29T19:24:56.973+0000][gc,heap     ] GC(28) Survivor regions: 14->18(38)
[2025-05-29T19:24:56.973+0000][gc,heap     ] GC(28) Old regions: 63->63
[2025-05-29T19:24:56.974+0000][gc,heap     ] GC(28) Archive regions: 2->2
[2025-05-29T19:24:56.974+0000][gc,heap     ] GC(28) Humongous regions: 139->139
[2025-05-29T19:24:56.974+0000][gc,metaspace] GC(28) Metaspace: 48108K(49024K)->48108K(49024K) NonClass: 42547K(43008K)->42547K(43008K) Class: 5560K(6016K)->5560K(6016K)
[2025-05-29T19:24:56.974+0000][gc          ] GC(28) Pause Young (Normal) (G1 Evacuation Pause) 499M->220M(1024M) 30.111ms
[2025-05-29T19:24:56.974+0000][gc,cpu      ] GC(28) User=0.15s Sys=0.00s Real=0.03s
[2025-05-29T19:25:13.489+0000][gc,start    ] GC(29) Pause Young (Normal) (G1 Evacuation Pause)
[2025-05-29T19:25:13.490+0000][gc,task     ] GC(29) Using 8 workers of 8 for evacuation
[2025-05-29T19:25:13.528+0000][gc,mmu      ] GC(29) MMU target violated: 21.0ms (20.0ms/21.0ms)
[2025-05-29T19:25:13.528+0000][gc,phases   ] GC(29)   Pre Evacuate Collection Set: 0.5ms
[2025-05-29T19:25:13.528+0000][gc,phases   ] GC(29)   Merge Heap Roots: 0.6ms
[2025-05-29T19:25:13.528+0000][gc,phases   ] GC(29)   Evacuate Collection Set: 35.1ms
[2025-05-29T19:25:13.529+0000][gc,phases   ] GC(29)   Post Evacuate Collection Set: 0.9ms
[2025-05-29T19:25:13.529+0000][gc,phases   ] GC(29)   Other: 2.1ms
[2025-05-29T19:25:13.529+0000][gc,heap     ] GC(29) Eden regions: 33->0(497)
[2025-05-29T19:25:13.529+0000][gc,heap     ] GC(29) Survivor regions: 18->3(7)
[2025-05-29T19:25:13.530+0000][gc,heap     ] GC(29) Old regions: 63->80
[2025-05-29T19:25:13.530+0000][gc,heap     ] GC(29) Archive regions: 2->2
[2025-05-29T19:25:13.530+0000][gc,heap     ] GC(29) Humongous regions: 139->139
[2025-05-29T19:25:13.530+0000][gc,metaspace] GC(29) Metaspace: 48108K(49024K)->48108K(49024K) NonClass: 42547K(43008K)->42547K(43008K) Class: 5560K(6016K)->5560K(6016K)
[2025-05-29T19:25:13.531+0000][gc          ] GC(29) Pause Young (Normal) (G1 Evacuation Pause) 253M->222M(1024M) 41.753ms
[2025-05-29T19:25:13.531+0000][gc,cpu      ] GC(29) User=0.07s Sys=0.11s Real=0.04s
[2025-05-29T19:29:32.783+0000][gc,start    ] GC(30) Pause Young (Normal) (G1 Evacuation Pause)
[2025-05-29T19:29:32.785+0000][gc,task     ] GC(30) Using 8 workers of 8 for evacuation
[2025-05-29T19:29:32.813+0000][gc,mmu      ] GC(30) MMU target violated: 21.0ms (20.0ms/21.0ms)
[2025-05-29T19:29:32.814+0000][gc,phases   ] GC(30)   Pre Evacuate Collection Set: 0.4ms
[2025-05-29T19:29:32.814+0000][gc,phases   ] GC(30)   Merge Heap Roots: 0.3ms
[2025-05-29T19:29:32.814+0000][gc,phases   ] GC(30)   Evacuate Collection Set: 24.5ms
[2025-05-29T19:29:32.814+0000][gc,phases   ] GC(30)   Post Evacuate Collection Set: 2.3ms
[2025-05-29T19:29:32.814+0000][gc,phases   ] GC(30)   Other: 2.7ms
[2025-05-29T19:29:32.815+0000][gc,heap     ] GC(30) Eden regions: 497->0(114)
[2025-05-29T19:29:32.815+0000][gc,heap     ] GC(30) Survivor regions: 3->10(63)
[2025-05-29T19:29:32.815+0000][gc,heap     ] GC(30) Old regions: 80->80
[2025-05-29T19:29:32.815+0000][gc,heap     ] GC(30) Archive regions: 2->2
[2025-05-29T19:29:32.816+0000][gc,heap     ] GC(30) Humongous regions: 139->139
[2025-05-29T19:29:32.816+0000][gc,metaspace] GC(30) Metaspace: 48127K(49024K)->48127K(49024K) NonClass: 42567K(43008K)->42567K(43008K) Class: 5560K(6016K)->5560K(6016K)
[2025-05-29T19:29:32.816+0000][gc          ] GC(30) Pause Young (Normal) (G1 Evacuation Pause) 719M->229M(1024M) 32.673ms
[2025-05-29T19:29:32.816+0000][gc,cpu      ] GC(30) User=0.15s Sys=0.00s Real=0.03s
[2025-05-29T19:30:31.058+0000][gc,start    ] GC(31) Pause Young (Normal) (G1 Evacuation Pause)
[2025-05-29T19:30:31.059+0000][gc,task     ] GC(31) Using 8 workers of 8 for evacuation
[2025-05-29T19:30:31.077+0000][gc,phases   ] GC(31)   Pre Evacuate Collection Set: 1.2ms
[2025-05-29T19:30:31.077+0000][gc,phases   ] GC(31)   Merge Heap Roots: 0.7ms
[2025-05-29T19:30:31.078+0000][gc,phases   ] GC(31)   Evacuate Collection Set: 13.3ms
[2025-05-29T19:30:31.078+0000][gc,phases   ] GC(31)   Post Evacuate Collection Set: 1.5ms
[2025-05-29T19:30:31.078+0000][gc,phases   ] GC(31)   Other: 2.1ms
[2025-05-29T19:30:31.078+0000][gc,heap     ] GC(31) Eden regions: 114->0(423)
[2025-05-29T19:30:31.078+0000][gc,heap     ] GC(31) Survivor regions: 10->3(16)
[2025-05-29T19:30:31.079+0000][gc,heap     ] GC(31) Old regions: 80->90
[2025-05-29T19:30:31.079+0000][gc,heap     ] GC(31) Archive regions: 2->2
[2025-05-29T19:30:31.079+0000][gc,heap     ] GC(31) Humongous regions: 139->139
[2025-05-29T19:30:31.079+0000][gc,metaspace] GC(31) Metaspace: 48128K(49024K)->48128K(49024K) NonClass: 42568K(43008K)->42568K(43008K) Class: 5560K(6016K)->5560K(6016K)
[2025-05-29T19:30:31.079+0000][gc          ] GC(31) Pause Young (Normal) (G1 Evacuation Pause) 343M->232M(1024M) 21.242ms
[2025-05-29T19:30:31.079+0000][gc,cpu      ] GC(31) User=0.10s Sys=0.00s Real=0.02s
