[2025-05-27T20:47:52.350+0000][gc] Using G1
[2025-05-27T20:47:52.358+0000][gc,init] Version: 17.0.8.1+1-Ubuntu-0ubuntu122.04 (release)
[2025-05-27T20:47:52.358+0000][gc,init] CPUs: 8 total, 8 available
[2025-05-27T20:47:52.359+0000][gc,init] Memory: 13975M
[2025-05-27T20:47:52.359+0000][gc,init] Large Page Support: Disabled
[2025-05-27T20:47:52.359+0000][gc,init] NUMA Support: Disabled
[2025-05-27T20:47:52.360+0000][gc,init] Compressed Oops: Enabled (32-bit)
[2025-05-27T20:47:52.360+0000][gc,init] Heap Region Size: 1M
[2025-05-27T20:47:52.361+0000][gc,init] Heap Min Capacity: 1G
[2025-05-27T20:47:52.361+0000][gc,init] Heap Initial Capacity: 1G
[2025-05-27T20:47:52.361+0000][gc,init] Heap Max Capacity: 1G
[2025-05-27T20:47:52.361+0000][gc,init] Pre-touch: Disabled
[2025-05-27T20:47:52.361+0000][gc,init] Parallel Workers: 8
[2025-05-27T20:47:52.361+0000][gc,init] Concurrent Workers: 2
[2025-05-27T20:47:52.362+0000][gc,init] Concurrent Refinement Workers: 8
[2025-05-27T20:47:52.362+0000][gc,init] Periodic GC: Disabled
[2025-05-27T20:47:52.369+0000][gc,metaspace] CDS archive(s) mapped at: [0x00007f2137000000-0x00007f2137beb000-0x00007f2137beb000), size 12496896, SharedBaseAddress: 0x00007f2137000000, ArchiveRelocationMode: 1.
[2025-05-27T20:47:52.369+0000][gc,metaspace] Compressed class space mapped at: 0x00007f2138000000-0x00007f2178000000, reserved size: 1073741824
[2025-05-27T20:47:52.369+0000][gc,metaspace] Narrow klass base: 0x00007f2137000000, Narrow klass shift: 0, Narrow klass range: 0x100000000
[2025-05-27T20:47:53.817+0000][gc,start    ] GC(0) Pause Young (Normal) (G1 Evacuation Pause)
[2025-05-27T20:47:53.819+0000][gc,task     ] GC(0) Using 8 workers of 8 for evacuation
[2025-05-27T20:47:53.825+0000][gc,phases   ] GC(0)   Pre Evacuate Collection Set: 0.3ms
[2025-05-27T20:47:53.825+0000][gc,phases   ] GC(0)   Merge Heap Roots: 0.2ms
[2025-05-27T20:47:53.826+0000][gc,phases   ] GC(0)   Evacuate Collection Set: 4.1ms
[2025-05-27T20:47:53.826+0000][gc,phases   ] GC(0)   Post Evacuate Collection Set: 1.0ms
[2025-05-27T20:47:53.826+0000][gc,phases   ] GC(0)   Other: 2.1ms
[2025-05-27T20:47:53.826+0000][gc,heap     ] GC(0) Eden regions: 51->0(44)
[2025-05-27T20:47:53.826+0000][gc,heap     ] GC(0) Survivor regions: 0->7(7)
[2025-05-27T20:47:53.826+0000][gc,heap     ] GC(0) Old regions: 0->1
[2025-05-27T20:47:53.826+0000][gc,heap     ] GC(0) Archive regions: 2->2
[2025-05-27T20:47:53.826+0000][gc,heap     ] GC(0) Humongous regions: 0->0
[2025-05-27T20:47:53.827+0000][gc,metaspace] GC(0) Metaspace: 17046K(17280K)->17046K(17280K) NonClass: 14982K(15104K)->14982K(15104K) Class: 2063K(2176K)->2063K(2176K)
[2025-05-27T20:47:53.827+0000][gc          ] GC(0) Pause Young (Normal) (G1 Evacuation Pause) 51M->8M(1024M) 9.374ms
[2025-05-27T20:47:53.827+0000][gc,cpu      ] GC(0) User=0.02s Sys=0.01s Real=0.01s
[2025-05-27T20:47:54.141+0000][gc,start    ] GC(1) Pause Young (Concurrent Start) (Metadata GC Threshold)
[2025-05-27T20:47:54.141+0000][gc,task     ] GC(1) Using 8 workers of 8 for evacuation
[2025-05-27T20:47:54.149+0000][gc,phases   ] GC(1)   Pre Evacuate Collection Set: 0.4ms
[2025-05-27T20:47:54.149+0000][gc,phases   ] GC(1)   Merge Heap Roots: 0.3ms
[2025-05-27T20:47:54.149+0000][gc,phases   ] GC(1)   Evacuate Collection Set: 5.2ms
[2025-05-27T20:47:54.149+0000][gc,phases   ] GC(1)   Post Evacuate Collection Set: 1.2ms
[2025-05-27T20:47:54.150+0000][gc,phases   ] GC(1)   Other: 0.7ms
[2025-05-27T20:47:54.150+0000][gc,heap     ] GC(1) Eden regions: 14->0(49)
[2025-05-27T20:47:54.150+0000][gc,heap     ] GC(1) Survivor regions: 7->2(7)
[2025-05-27T20:47:54.150+0000][gc,heap     ] GC(1) Old regions: 1->9
[2025-05-27T20:47:54.150+0000][gc,heap     ] GC(1) Archive regions: 2->2
[2025-05-27T20:47:54.151+0000][gc,heap     ] GC(1) Humongous regions: 0->0
[2025-05-27T20:47:54.151+0000][gc,metaspace] GC(1) Metaspace: 21305K(21504K)->21305K(21504K) NonClass: 18658K(18752K)->18658K(18752K) Class: 2647K(2752K)->2647K(2752K)
[2025-05-27T20:47:54.151+0000][gc          ] GC(1) Pause Young (Concurrent Start) (Metadata GC Threshold) 22M->10M(1024M) 10.027ms
[2025-05-27T20:47:54.152+0000][gc,cpu      ] GC(1) User=0.04s Sys=0.01s Real=0.01s
[2025-05-27T20:47:54.152+0000][gc          ] GC(2) Concurrent Mark Cycle
[2025-05-27T20:47:54.152+0000][gc,marking  ] GC(2) Concurrent Clear Claimed Marks
[2025-05-27T20:47:54.152+0000][gc,marking  ] GC(2) Concurrent Clear Claimed Marks 0.229ms
[2025-05-27T20:47:54.153+0000][gc,marking  ] GC(2) Concurrent Scan Root Regions
[2025-05-27T20:47:54.155+0000][gc,marking  ] GC(2) Concurrent Scan Root Regions 2.872ms
[2025-05-27T20:47:54.156+0000][gc,marking  ] GC(2) Concurrent Mark
[2025-05-27T20:47:54.156+0000][gc,marking  ] GC(2) Concurrent Mark From Roots
[2025-05-27T20:47:54.156+0000][gc,task     ] GC(2) Using 2 workers of 2 for marking
[2025-05-27T20:47:54.159+0000][gc,marking  ] GC(2) Concurrent Mark From Roots 2.974ms
[2025-05-27T20:47:54.159+0000][gc,marking  ] GC(2) Concurrent Preclean
[2025-05-27T20:47:54.159+0000][gc,marking  ] GC(2) Concurrent Preclean 0.270ms
[2025-05-27T20:47:54.163+0000][gc,start    ] GC(2) Pause Remark
[2025-05-27T20:47:54.166+0000][gc          ] GC(2) Pause Remark 11M->11M(1024M) 3.052ms
[2025-05-27T20:47:54.166+0000][gc,cpu      ] GC(2) User=0.01s Sys=0.01s Real=0.00s
[2025-05-27T20:47:54.167+0000][gc,marking  ] GC(2) Concurrent Mark 10.826ms
[2025-05-27T20:47:54.167+0000][gc,marking  ] GC(2) Concurrent Rebuild Remembered Sets
[2025-05-27T20:47:54.171+0000][gc,marking  ] GC(2) Concurrent Rebuild Remembered Sets 3.876ms
[2025-05-27T20:47:54.173+0000][gc,start    ] GC(2) Pause Cleanup
[2025-05-27T20:47:54.173+0000][gc          ] GC(2) Pause Cleanup 11M->11M(1024M) 0.492ms
[2025-05-27T20:47:54.174+0000][gc,cpu      ] GC(2) User=0.00s Sys=0.00s Real=0.00s
[2025-05-27T20:47:54.174+0000][gc,marking  ] GC(2) Concurrent Cleanup for Next Mark
[2025-05-27T20:47:54.176+0000][gc,marking  ] GC(2) Concurrent Cleanup for Next Mark 1.771ms
[2025-05-27T20:47:54.176+0000][gc          ] GC(2) Concurrent Mark Cycle 24.060ms
[2025-05-27T20:47:55.352+0000][gc,start    ] GC(3) Pause Young (Normal) (G1 Evacuation Pause)
[2025-05-27T20:47:55.353+0000][gc,task     ] GC(3) Using 8 workers of 8 for evacuation
[2025-05-27T20:47:55.360+0000][gc,phases   ] GC(3)   Pre Evacuate Collection Set: 0.5ms
[2025-05-27T20:47:55.360+0000][gc,phases   ] GC(3)   Merge Heap Roots: 0.7ms
[2025-05-27T20:47:55.361+0000][gc,phases   ] GC(3)   Evacuate Collection Set: 4.1ms
[2025-05-27T20:47:55.361+0000][gc,phases   ] GC(3)   Post Evacuate Collection Set: 2.0ms
[2025-05-27T20:47:55.361+0000][gc,phases   ] GC(3)   Other: 0.6ms
[2025-05-27T20:47:55.361+0000][gc,heap     ] GC(3) Eden regions: 49->0(45)
[2025-05-27T20:47:55.361+0000][gc,heap     ] GC(3) Survivor regions: 2->6(7)
[2025-05-27T20:47:55.361+0000][gc,heap     ] GC(3) Old regions: 9->9
[2025-05-27T20:47:55.362+0000][gc,heap     ] GC(3) Archive regions: 2->2
[2025-05-27T20:47:55.362+0000][gc,heap     ] GC(3) Humongous regions: 0->0
[2025-05-27T20:47:55.362+0000][gc,metaspace] GC(3) Metaspace: 33165K(33536K)->33165K(33536K) NonClass: 29299K(29504K)->29299K(29504K) Class: 3865K(4032K)->3865K(4032K)
[2025-05-27T20:47:55.362+0000][gc          ] GC(3) Pause Young (Normal) (G1 Evacuation Pause) 59M->14M(1024M) 9.881ms
[2025-05-27T20:47:55.362+0000][gc,cpu      ] GC(3) User=0.03s Sys=0.01s Real=0.01s
[2025-05-27T20:47:55.586+0000][gc,start    ] GC(4) Pause Young (Concurrent Start) (Metadata GC Threshold)
[2025-05-27T20:47:55.586+0000][gc,task     ] GC(4) Using 8 workers of 8 for evacuation
[2025-05-27T20:47:55.595+0000][gc,phases   ] GC(4)   Pre Evacuate Collection Set: 0.5ms
[2025-05-27T20:47:55.596+0000][gc,phases   ] GC(4)   Merge Heap Roots: 0.2ms
[2025-05-27T20:47:55.596+0000][gc,phases   ] GC(4)   Evacuate Collection Set: 6.6ms
[2025-05-27T20:47:55.596+0000][gc,phases   ] GC(4)   Post Evacuate Collection Set: 1.0ms
[2025-05-27T20:47:55.596+0000][gc,phases   ] GC(4)   Other: 1.4ms
[2025-05-27T20:47:55.597+0000][gc,heap     ] GC(4) Eden regions: 14->0(49)
[2025-05-27T20:47:55.597+0000][gc,heap     ] GC(4) Survivor regions: 6->2(7)
[2025-05-27T20:47:55.597+0000][gc,heap     ] GC(4) Old regions: 9->14
[2025-05-27T20:47:55.597+0000][gc,heap     ] GC(4) Archive regions: 2->2
[2025-05-27T20:47:55.598+0000][gc,heap     ] GC(4) Humongous regions: 9->9
[2025-05-27T20:47:55.598+0000][gc,metaspace] GC(4) Metaspace: 35496K(35968K)->35496K(35968K) NonClass: 31345K(31552K)->31345K(31552K) Class: 4150K(4416K)->4150K(4416K)
[2025-05-27T20:47:55.598+0000][gc          ] GC(4) Pause Young (Concurrent Start) (Metadata GC Threshold) 37M->25M(1024M) 12.166ms
[2025-05-27T20:47:55.599+0000][gc,cpu      ] GC(4) User=0.04s Sys=0.01s Real=0.01s
[2025-05-27T20:47:55.599+0000][gc          ] GC(5) Concurrent Mark Cycle
[2025-05-27T20:47:55.599+0000][gc,marking  ] GC(5) Concurrent Clear Claimed Marks
[2025-05-27T20:47:55.600+0000][gc,marking  ] GC(5) Concurrent Clear Claimed Marks 0.379ms
[2025-05-27T20:47:55.600+0000][gc,marking  ] GC(5) Concurrent Scan Root Regions
[2025-05-27T20:47:55.606+0000][gc,marking  ] GC(5) Concurrent Scan Root Regions 5.768ms
[2025-05-27T20:47:55.606+0000][gc,marking  ] GC(5) Concurrent Mark
[2025-05-27T20:47:55.607+0000][gc,marking  ] GC(5) Concurrent Mark From Roots
[2025-05-27T20:47:55.608+0000][gc,task     ] GC(5) Using 2 workers of 2 for marking
[2025-05-27T20:47:55.629+0000][gc,marking  ] GC(5) Concurrent Mark From Roots 21.481ms
[2025-05-27T20:47:55.629+0000][gc,marking  ] GC(5) Concurrent Preclean
[2025-05-27T20:47:55.630+0000][gc,marking  ] GC(5) Concurrent Preclean 1.204ms
[2025-05-27T20:47:55.632+0000][gc,start    ] GC(5) Pause Remark
[2025-05-27T20:47:55.638+0000][gc          ] GC(5) Pause Remark 28M->28M(1024M) 6.057ms
[2025-05-27T20:47:55.639+0000][gc,cpu      ] GC(5) User=0.02s Sys=0.00s Real=0.01s
[2025-05-27T20:47:55.639+0000][gc,marking  ] GC(5) Concurrent Mark 33.108ms
[2025-05-27T20:47:55.639+0000][gc,marking  ] GC(5) Concurrent Rebuild Remembered Sets
[2025-05-27T20:47:55.649+0000][gc,marking  ] GC(5) Concurrent Rebuild Remembered Sets 9.209ms
[2025-05-27T20:47:55.654+0000][gc,start    ] GC(5) Pause Cleanup
[2025-05-27T20:47:55.655+0000][gc          ] GC(5) Pause Cleanup 29M->29M(1024M) 0.521ms
[2025-05-27T20:47:55.655+0000][gc,cpu      ] GC(5) User=0.00s Sys=0.00s Real=0.00s
[2025-05-27T20:47:55.655+0000][gc,marking  ] GC(5) Concurrent Cleanup for Next Mark
[2025-05-27T20:47:55.897+0000][gc,marking  ] GC(5) Concurrent Cleanup for Next Mark 241.828ms
[2025-05-27T20:47:55.899+0000][gc          ] GC(5) Concurrent Mark Cycle 299.614ms
[2025-05-27T20:47:56.490+0000][gc,start    ] GC(6) Pause Young (Concurrent Start) (G1 Evacuation Pause)
[2025-05-27T20:47:56.490+0000][gc,task     ] GC(6) Using 8 workers of 8 for evacuation
[2025-05-27T20:47:56.520+0000][gc,mmu      ] GC(6) MMU target violated: 21.0ms (20.0ms/21.0ms)
[2025-05-27T20:47:56.521+0000][gc,phases   ] GC(6)   Pre Evacuate Collection Set: 1.5ms
[2025-05-27T20:47:56.521+0000][gc,phases   ] GC(6)   Merge Heap Roots: 1.8ms
[2025-05-27T20:47:56.521+0000][gc,phases   ] GC(6)   Evacuate Collection Set: 17.5ms
[2025-05-27T20:47:56.521+0000][gc,phases   ] GC(6)   Post Evacuate Collection Set: 9.0ms
[2025-05-27T20:47:56.522+0000][gc,phases   ] GC(6)   Other: 0.8ms
[2025-05-27T20:47:56.522+0000][gc,heap     ] GC(6) Eden regions: 49->0(44)
[2025-05-27T20:47:56.522+0000][gc,heap     ] GC(6) Survivor regions: 2->7(7)
[2025-05-27T20:47:56.522+0000][gc,heap     ] GC(6) Old regions: 14->16
[2025-05-27T20:47:56.522+0000][gc,heap     ] GC(6) Archive regions: 2->2
[2025-05-27T20:47:56.523+0000][gc,heap     ] GC(6) Humongous regions: 138->138
[2025-05-27T20:47:56.523+0000][gc,metaspace] GC(6) Metaspace: 43033K(43712K)->43033K(43712K) NonClass: 37934K(38272K)->37934K(38272K) Class: 5098K(5440K)->5098K(5440K)
[2025-05-27T20:47:56.523+0000][gc          ] GC(6) Pause Young (Concurrent Start) (G1 Evacuation Pause) 203M->161M(1024M) 33.110ms
[2025-05-27T20:47:56.524+0000][gc,cpu      ] GC(6) User=0.08s Sys=0.01s Real=0.03s
[2025-05-27T20:47:56.525+0000][gc          ] GC(7) Concurrent Mark Cycle
[2025-05-27T20:47:56.526+0000][gc,marking  ] GC(7) Concurrent Clear Claimed Marks
[2025-05-27T20:47:56.526+0000][gc,marking  ] GC(7) Concurrent Clear Claimed Marks 0.655ms
[2025-05-27T20:47:56.529+0000][gc,marking  ] GC(7) Concurrent Scan Root Regions
[2025-05-27T20:47:56.537+0000][gc,marking  ] GC(7) Concurrent Scan Root Regions 7.583ms
[2025-05-27T20:47:56.537+0000][gc,marking  ] GC(7) Concurrent Mark
[2025-05-27T20:47:56.537+0000][gc,marking  ] GC(7) Concurrent Mark From Roots
[2025-05-27T20:47:56.537+0000][gc,task     ] GC(7) Using 2 workers of 2 for marking
[2025-05-27T20:47:56.558+0000][gc,marking  ] GC(7) Concurrent Mark From Roots 21.145ms
[2025-05-27T20:47:56.559+0000][gc,marking  ] GC(7) Concurrent Preclean
[2025-05-27T20:47:56.559+0000][gc,marking  ] GC(7) Concurrent Preclean 0.389ms
[2025-05-27T20:47:56.561+0000][gc,start    ] GC(7) Pause Remark
[2025-05-27T20:47:56.565+0000][gc          ] GC(7) Pause Remark 164M->164M(1024M) 4.302ms
[2025-05-27T20:47:56.566+0000][gc,cpu      ] GC(7) User=0.01s Sys=0.00s Real=0.00s
[2025-05-27T20:47:56.566+0000][gc,marking  ] GC(7) Concurrent Mark 28.992ms
[2025-05-27T20:47:56.566+0000][gc,marking  ] GC(7) Concurrent Rebuild Remembered Sets
[2025-05-27T20:47:56.576+0000][gc,marking  ] GC(7) Concurrent Rebuild Remembered Sets 10.038ms
[2025-05-27T20:47:56.577+0000][gc,start    ] GC(7) Pause Cleanup
[2025-05-27T20:47:56.578+0000][gc          ] GC(7) Pause Cleanup 164M->164M(1024M) 0.856ms
[2025-05-27T20:47:56.578+0000][gc,cpu      ] GC(7) User=0.00s Sys=0.00s Real=0.00s
[2025-05-27T20:47:56.579+0000][gc,marking  ] GC(7) Concurrent Cleanup for Next Mark
[2025-05-27T20:47:56.580+0000][gc,marking  ] GC(7) Concurrent Cleanup for Next Mark 0.913ms
[2025-05-27T20:47:56.580+0000][gc          ] GC(7) Concurrent Mark Cycle 54.933ms
[2025-05-27T20:54:48.467+0000][gc,start    ] GC(8) Pause Young (Normal) (G1 Evacuation Pause)
[2025-05-27T20:54:48.473+0000][gc,task     ] GC(8) Using 8 workers of 8 for evacuation
[2025-05-27T20:54:48.488+0000][gc,phases   ] GC(8)   Pre Evacuate Collection Set: 1.3ms
[2025-05-27T20:54:48.488+0000][gc,phases   ] GC(8)   Merge Heap Roots: 1.0ms
[2025-05-27T20:54:48.489+0000][gc,phases   ] GC(8)   Evacuate Collection Set: 10.0ms
[2025-05-27T20:54:48.489+0000][gc,phases   ] GC(8)   Post Evacuate Collection Set: 1.9ms
[2025-05-27T20:54:48.489+0000][gc,phases   ] GC(8)   Other: 7.0ms
[2025-05-27T20:54:48.490+0000][gc,heap     ] GC(8) Eden regions: 44->0(49)
[2025-05-27T20:54:48.490+0000][gc,heap     ] GC(8) Survivor regions: 7->2(7)
[2025-05-27T20:54:48.490+0000][gc,heap     ] GC(8) Old regions: 16->23
[2025-05-27T20:54:48.491+0000][gc,heap     ] GC(8) Archive regions: 2->2
[2025-05-27T20:54:48.491+0000][gc,heap     ] GC(8) Humongous regions: 138->138
[2025-05-27T20:54:48.491+0000][gc,metaspace] GC(8) Metaspace: 45841K(46656K)->45841K(46656K) NonClass: 40389K(40832K)->40389K(40832K) Class: 5451K(5824K)->5451K(5824K)
[2025-05-27T20:54:48.491+0000][gc          ] GC(8) Pause Young (Normal) (G1 Evacuation Pause) 205M->163M(1024M) 24.730ms
[2025-05-27T20:54:48.492+0000][gc,cpu      ] GC(8) User=0.05s Sys=0.02s Real=0.03s
[2025-05-27T21:06:03.685+0000][gc,start    ] GC(9) Pause Young (Normal) (G1 Evacuation Pause)
[2025-05-27T21:06:03.686+0000][gc,task     ] GC(9) Using 8 workers of 8 for evacuation
[2025-05-27T21:06:03.691+0000][gc,phases   ] GC(9)   Pre Evacuate Collection Set: 0.5ms
[2025-05-27T21:06:03.691+0000][gc,phases   ] GC(9)   Merge Heap Roots: 0.3ms
[2025-05-27T21:06:03.691+0000][gc,phases   ] GC(9)   Evacuate Collection Set: 2.7ms
[2025-05-27T21:06:03.691+0000][gc,phases   ] GC(9)   Post Evacuate Collection Set: 1.5ms
[2025-05-27T21:06:03.692+0000][gc,phases   ] GC(9)   Other: 1.1ms
[2025-05-27T21:06:03.692+0000][gc,heap     ] GC(9) Eden regions: 49->0(49)
[2025-05-27T21:06:03.692+0000][gc,heap     ] GC(9) Survivor regions: 2->2(7)
[2025-05-27T21:06:03.692+0000][gc,heap     ] GC(9) Old regions: 23->23
[2025-05-27T21:06:03.692+0000][gc,heap     ] GC(9) Archive regions: 2->2
[2025-05-27T21:06:03.693+0000][gc,heap     ] GC(9) Humongous regions: 138->138
[2025-05-27T21:06:03.693+0000][gc,metaspace] GC(9) Metaspace: 46337K(47168K)->46337K(47168K) NonClass: 40880K(41344K)->40880K(41344K) Class: 5456K(5824K)->5456K(5824K)
[2025-05-27T21:06:03.693+0000][gc          ] GC(9) Pause Young (Normal) (G1 Evacuation Pause) 212M->163M(1024M) 8.268ms
[2025-05-27T21:06:03.693+0000][gc,cpu      ] GC(9) User=0.01s Sys=0.00s Real=0.01s
[2025-05-27T21:17:41.680+0000][gc,start    ] GC(10) Pause Young (Normal) (G1 Evacuation Pause)
[2025-05-27T21:17:41.699+0000][gc,task     ] GC(10) Using 8 workers of 8 for evacuation
[2025-05-27T21:17:42.354+0000][gc,mmu      ] GC(10) MMU target violated: 21.0ms (20.0ms/21.0ms)
[2025-05-27T21:17:42.360+0000][gc,phases   ] GC(10)   Pre Evacuate Collection Set: 146.8ms
[2025-05-27T21:17:42.360+0000][gc,phases   ] GC(10)   Merge Heap Roots: 9.6ms
[2025-05-27T21:17:42.361+0000][gc,phases   ] GC(10)   Evacuate Collection Set: 455.4ms
[2025-05-27T21:17:42.361+0000][gc,phases   ] GC(10)   Post Evacuate Collection Set: 36.3ms
[2025-05-27T21:17:42.361+0000][gc,phases   ] GC(10)   Other: 40.8ms
[2025-05-27T21:17:42.361+0000][gc,heap     ] GC(10) Eden regions: 49->0(48)
[2025-05-27T21:17:42.367+0000][gc,heap     ] GC(10) Survivor regions: 2->3(7)
[2025-05-27T21:17:42.374+0000][gc,heap     ] GC(10) Old regions: 23->23
[2025-05-27T21:17:42.385+0000][gc,heap     ] GC(10) Archive regions: 2->2
[2025-05-27T21:17:42.400+0000][gc,heap     ] GC(10) Humongous regions: 147->147
[2025-05-27T21:17:42.416+0000][gc,metaspace] GC(10) Metaspace: 46413K(47296K)->46413K(47296K) NonClass: 40956K(41472K)->40956K(41472K) Class: 5457K(5824K)->5457K(5824K)
[2025-05-27T21:17:42.428+0000][gc          ] GC(10) Pause Young (Normal) (G1 Evacuation Pause) 221M->172M(1024M) 751.557ms
[2025-05-27T21:17:42.432+0000][gc,cpu      ] GC(10) User=1.70s Sys=0.13s Real=0.76s
[2025-05-27T21:23:55.087+0000][gc,heap,exit] Heap
[2025-05-27T21:23:55.104+0000][gc,heap,exit]  garbage-first heap   total 1048576K, used 223502K [0x00000000c0000000, 0x0000000100000000)
[2025-05-27T21:23:55.125+0000][gc,heap,exit]   region size 1024K, 40 young (40960K), 3 survivors (3072K)
[2025-05-27T21:23:55.145+0000][gc,heap,exit]  Metaspace       used 47133K, committed 48000K, reserved 1114112K
[2025-05-27T21:23:55.203+0000][gc,heap,exit]   class space    used 5612K, committed 6016K, reserved 1048576K
