[2025-05-28T17:44:06.418+0000][gc] Using G1
[2025-05-28T17:44:06.425+0000][gc,init] Version: 17.0.8.1+1-Ubuntu-0ubuntu122.04 (release)
[2025-05-28T17:44:06.425+0000][gc,init] CPUs: 12 total, 12 available
[2025-05-28T17:44:06.425+0000][gc,init] Memory: 10950M
[2025-05-28T17:44:06.425+0000][gc,init] Large Page Support: Disabled
[2025-05-28T17:44:06.425+0000][gc,init] NUMA Support: Disabled
[2025-05-28T17:44:06.425+0000][gc,init] Compressed Oops: Enabled (32-bit)
[2025-05-28T17:44:06.426+0000][gc,init] Heap Region Size: 1M
[2025-05-28T17:44:06.426+0000][gc,init] Heap Min Capacity: 1G
[2025-05-28T17:44:06.426+0000][gc,init] Heap Initial Capacity: 1G
[2025-05-28T17:44:06.426+0000][gc,init] Heap Max Capacity: 1G
[2025-05-28T17:44:06.426+0000][gc,init] Pre-touch: Disabled
[2025-05-28T17:44:06.426+0000][gc,init] Parallel Workers: 10
[2025-05-28T17:44:06.426+0000][gc,init] Concurrent Workers: 3
[2025-05-28T17:44:06.426+0000][gc,init] Concurrent Refinement Workers: 10
[2025-05-28T17:44:06.426+0000][gc,init] Periodic GC: Disabled
[2025-05-28T17:44:06.432+0000][gc,metaspace] CDS archive(s) mapped at: [0x00007fc1c7000000-0x00007fc1c7beb000-0x00007fc1c7beb000), size 12496896, SharedBaseAddress: 0x00007fc1c7000000, ArchiveRelocationMode: 1.
[2025-05-28T17:44:06.433+0000][gc,metaspace] Compressed class space mapped at: 0x00007fc1c8000000-0x00007fc208000000, reserved size: 1073741824
[2025-05-28T17:44:06.433+0000][gc,metaspace] Narrow klass base: 0x00007fc1c7000000, Narrow klass shift: 0, Narrow klass range: 0x100000000
[2025-05-28T17:44:07.268+0000][gc,start    ] GC(0) Pause Young (Normal) (G1 Evacuation Pause)
[2025-05-28T17:44:07.269+0000][gc,task     ] GC(0) Using 10 workers of 10 for evacuation
[2025-05-28T17:44:07.277+0000][gc,phases   ] GC(0)   Pre Evacuate Collection Set: 0.1ms
[2025-05-28T17:44:07.277+0000][gc,phases   ] GC(0)   Merge Heap Roots: 0.1ms
[2025-05-28T17:44:07.277+0000][gc,phases   ] GC(0)   Evacuate Collection Set: 6.9ms
[2025-05-28T17:44:07.277+0000][gc,phases   ] GC(0)   Post Evacuate Collection Set: 0.5ms
[2025-05-28T17:44:07.277+0000][gc,phases   ] GC(0)   Other: 1.5ms
[2025-05-28T17:44:07.277+0000][gc,heap     ] GC(0) Eden regions: 51->0(44)
[2025-05-28T17:44:07.277+0000][gc,heap     ] GC(0) Survivor regions: 0->7(7)
[2025-05-28T17:44:07.277+0000][gc,heap     ] GC(0) Old regions: 0->1
[2025-05-28T17:44:07.278+0000][gc,heap     ] GC(0) Archive regions: 2->2
[2025-05-28T17:44:07.278+0000][gc,heap     ] GC(0) Humongous regions: 0->0
[2025-05-28T17:44:07.278+0000][gc,metaspace] GC(0) Metaspace: 17044K(17280K)->17044K(17280K) NonClass: 14974K(15104K)->14974K(15104K) Class: 2069K(2176K)->2069K(2176K)
[2025-05-28T17:44:07.278+0000][gc          ] GC(0) Pause Young (Normal) (G1 Evacuation Pause) 51M->8M(1024M) 9.682ms
[2025-05-28T17:44:07.278+0000][gc,cpu      ] GC(0) User=0.03s Sys=0.03s Real=0.01s
[2025-05-28T17:44:07.484+0000][gc,start    ] GC(1) Pause Young (Concurrent Start) (Metadata GC Threshold)
[2025-05-28T17:44:07.484+0000][gc,task     ] GC(1) Using 10 workers of 10 for evacuation
[2025-05-28T17:44:07.492+0000][gc,phases   ] GC(1)   Pre Evacuate Collection Set: 0.1ms
[2025-05-28T17:44:07.492+0000][gc,phases   ] GC(1)   Merge Heap Roots: 0.1ms
[2025-05-28T17:44:07.492+0000][gc,phases   ] GC(1)   Evacuate Collection Set: 6.8ms
[2025-05-28T17:44:07.492+0000][gc,phases   ] GC(1)   Post Evacuate Collection Set: 0.4ms
[2025-05-28T17:44:07.492+0000][gc,phases   ] GC(1)   Other: 0.3ms
[2025-05-28T17:44:07.492+0000][gc,heap     ] GC(1) Eden regions: 15->0(49)
[2025-05-28T17:44:07.492+0000][gc,heap     ] GC(1) Survivor regions: 7->2(7)
[2025-05-28T17:44:07.492+0000][gc,heap     ] GC(1) Old regions: 1->8
[2025-05-28T17:44:07.492+0000][gc,heap     ] GC(1) Archive regions: 2->2
[2025-05-28T17:44:07.492+0000][gc,heap     ] GC(1) Humongous regions: 0->0
[2025-05-28T17:44:07.492+0000][gc,metaspace] GC(1) Metaspace: 21316K(21504K)->21316K(21504K) NonClass: 18668K(18752K)->18668K(18752K) Class: 2647K(2752K)->2647K(2752K)
[2025-05-28T17:44:07.492+0000][gc          ] GC(1) Pause Young (Concurrent Start) (Metadata GC Threshold) 23M->10M(1024M) 8.454ms
[2025-05-28T17:44:07.493+0000][gc,cpu      ] GC(1) User=0.05s Sys=0.02s Real=0.01s
[2025-05-28T17:44:07.493+0000][gc          ] GC(2) Concurrent Mark Cycle
[2025-05-28T17:44:07.493+0000][gc,marking  ] GC(2) Concurrent Clear Claimed Marks
[2025-05-28T17:44:07.493+0000][gc,marking  ] GC(2) Concurrent Clear Claimed Marks 0.109ms
[2025-05-28T17:44:07.493+0000][gc,marking  ] GC(2) Concurrent Scan Root Regions
[2025-05-28T17:44:07.495+0000][gc,marking  ] GC(2) Concurrent Scan Root Regions 2.256ms
[2025-05-28T17:44:07.495+0000][gc,marking  ] GC(2) Concurrent Mark
[2025-05-28T17:44:07.495+0000][gc,marking  ] GC(2) Concurrent Mark From Roots
[2025-05-28T17:44:07.495+0000][gc,task     ] GC(2) Using 3 workers of 3 for marking
[2025-05-28T17:44:07.497+0000][gc,marking  ] GC(2) Concurrent Mark From Roots 2.067ms
[2025-05-28T17:44:07.498+0000][gc,marking  ] GC(2) Concurrent Preclean
[2025-05-28T17:44:07.498+0000][gc,marking  ] GC(2) Concurrent Preclean 0.258ms
[2025-05-28T17:44:07.498+0000][gc,start    ] GC(2) Pause Remark
[2025-05-28T17:44:07.500+0000][gc          ] GC(2) Pause Remark 10M->10M(1024M) 1.877ms
[2025-05-28T17:44:07.500+0000][gc,cpu      ] GC(2) User=0.01s Sys=0.00s Real=0.00s
[2025-05-28T17:44:07.500+0000][gc,marking  ] GC(2) Concurrent Mark 4.993ms
[2025-05-28T17:44:07.500+0000][gc,marking  ] GC(2) Concurrent Rebuild Remembered Sets
[2025-05-28T17:44:07.500+0000][gc,marking  ] GC(2) Concurrent Rebuild Remembered Sets 0.052ms
[2025-05-28T17:44:07.501+0000][gc,start    ] GC(2) Pause Cleanup
[2025-05-28T17:44:07.501+0000][gc          ] GC(2) Pause Cleanup 10M->10M(1024M) 0.085ms
[2025-05-28T17:44:07.501+0000][gc,cpu      ] GC(2) User=0.00s Sys=0.00s Real=0.00s
[2025-05-28T17:44:07.501+0000][gc,marking  ] GC(2) Concurrent Cleanup for Next Mark
[2025-05-28T17:44:07.508+0000][gc,marking  ] GC(2) Concurrent Cleanup for Next Mark 6.875ms
[2025-05-28T17:44:07.508+0000][gc          ] GC(2) Concurrent Mark Cycle 15.502ms
[2025-05-28T17:44:08.265+0000][gc,start    ] GC(3) Pause Young (Normal) (G1 Evacuation Pause)
[2025-05-28T17:44:08.265+0000][gc,task     ] GC(3) Using 10 workers of 10 for evacuation
[2025-05-28T17:44:08.271+0000][gc,phases   ] GC(3)   Pre Evacuate Collection Set: 0.3ms
[2025-05-28T17:44:08.271+0000][gc,phases   ] GC(3)   Merge Heap Roots: 0.2ms
[2025-05-28T17:44:08.272+0000][gc,phases   ] GC(3)   Evacuate Collection Set: 4.9ms
[2025-05-28T17:44:08.272+0000][gc,phases   ] GC(3)   Post Evacuate Collection Set: 0.7ms
[2025-05-28T17:44:08.272+0000][gc,phases   ] GC(3)   Other: 0.4ms
[2025-05-28T17:44:08.272+0000][gc,heap     ] GC(3) Eden regions: 49->0(45)
[2025-05-28T17:44:08.272+0000][gc,heap     ] GC(3) Survivor regions: 2->6(7)
[2025-05-28T17:44:08.272+0000][gc,heap     ] GC(3) Old regions: 8->8
[2025-05-28T17:44:08.272+0000][gc,heap     ] GC(3) Archive regions: 2->2
[2025-05-28T17:44:08.272+0000][gc,heap     ] GC(3) Humongous regions: 9->9
[2025-05-28T17:44:08.272+0000][gc,metaspace] GC(3) Metaspace: 33676K(34048K)->33676K(34048K) NonClass: 29683K(29888K)->29683K(29888K) Class: 3992K(4160K)->3992K(4160K)
[2025-05-28T17:44:08.272+0000][gc          ] GC(3) Pause Young (Normal) (G1 Evacuation Pause) 68M->23M(1024M) 7.197ms
[2025-05-28T17:44:08.272+0000][gc,cpu      ] GC(3) User=0.04s Sys=0.00s Real=0.01s
[2025-05-28T17:44:08.433+0000][gc,start    ] GC(4) Pause Young (Concurrent Start) (Metadata GC Threshold)
[2025-05-28T17:44:08.433+0000][gc,task     ] GC(4) Using 10 workers of 10 for evacuation
[2025-05-28T17:44:08.446+0000][gc,phases   ] GC(4)   Pre Evacuate Collection Set: 0.2ms
[2025-05-28T17:44:08.447+0000][gc,phases   ] GC(4)   Merge Heap Roots: 0.1ms
[2025-05-28T17:44:08.447+0000][gc,phases   ] GC(4)   Evacuate Collection Set: 12.0ms
[2025-05-28T17:44:08.448+0000][gc,phases   ] GC(4)   Post Evacuate Collection Set: 0.8ms
[2025-05-28T17:44:08.448+0000][gc,phases   ] GC(4)   Other: 0.5ms
[2025-05-28T17:44:08.448+0000][gc,heap     ] GC(4) Eden regions: 11->0(49)
[2025-05-28T17:44:08.448+0000][gc,heap     ] GC(4) Survivor regions: 6->2(7)
[2025-05-28T17:44:08.449+0000][gc,heap     ] GC(4) Old regions: 8->14
[2025-05-28T17:44:08.450+0000][gc,heap     ] GC(4) Archive regions: 2->2
[2025-05-28T17:44:08.450+0000][gc,heap     ] GC(4) Humongous regions: 9->9
[2025-05-28T17:44:08.450+0000][gc,metaspace] GC(4) Metaspace: 35657K(36096K)->35657K(36096K) NonClass: 31420K(31680K)->31420K(31680K) Class: 4236K(4416K)->4236K(4416K)
[2025-05-28T17:44:08.451+0000][gc          ] GC(4) Pause Young (Concurrent Start) (Metadata GC Threshold) 34M->24M(1024M) 17.771ms
[2025-05-28T17:44:08.451+0000][gc,cpu      ] GC(4) User=0.07s Sys=0.01s Real=0.02s
[2025-05-28T17:44:08.451+0000][gc          ] GC(5) Concurrent Mark Cycle
[2025-05-28T17:44:08.455+0000][gc,marking  ] GC(5) Concurrent Clear Claimed Marks
[2025-05-28T17:44:08.456+0000][gc,marking  ] GC(5) Concurrent Clear Claimed Marks 1.161ms
[2025-05-28T17:44:08.457+0000][gc,marking  ] GC(5) Concurrent Scan Root Regions
[2025-05-28T17:44:08.461+0000][gc,marking  ] GC(5) Concurrent Scan Root Regions 4.015ms
[2025-05-28T17:44:08.461+0000][gc,marking  ] GC(5) Concurrent Mark
[2025-05-28T17:44:08.462+0000][gc,marking  ] GC(5) Concurrent Mark From Roots
[2025-05-28T17:44:08.462+0000][gc,task     ] GC(5) Using 3 workers of 3 for marking
[2025-05-28T17:44:08.470+0000][gc,marking  ] GC(5) Concurrent Mark From Roots 8.862ms
[2025-05-28T17:44:08.471+0000][gc,marking  ] GC(5) Concurrent Preclean
[2025-05-28T17:44:08.471+0000][gc,marking  ] GC(5) Concurrent Preclean 0.492ms
[2025-05-28T17:44:08.474+0000][gc,start    ] GC(5) Pause Remark
[2025-05-28T17:44:08.477+0000][gc          ] GC(5) Pause Remark 26M->26M(1024M) 3.479ms
[2025-05-28T17:44:08.478+0000][gc,cpu      ] GC(5) User=0.02s Sys=0.00s Real=0.01s
[2025-05-28T17:44:08.481+0000][gc,marking  ] GC(5) Concurrent Mark 19.369ms
[2025-05-28T17:44:08.482+0000][gc,marking  ] GC(5) Concurrent Rebuild Remembered Sets
[2025-05-28T17:44:08.493+0000][gc,marking  ] GC(5) Concurrent Rebuild Remembered Sets 11.223ms
[2025-05-28T17:44:08.495+0000][gc,start    ] GC(5) Pause Cleanup
[2025-05-28T17:44:08.496+0000][gc          ] GC(5) Pause Cleanup 27M->27M(1024M) 0.736ms
[2025-05-28T17:44:08.496+0000][gc,cpu      ] GC(5) User=0.00s Sys=0.00s Real=0.01s
[2025-05-28T17:44:08.497+0000][gc,marking  ] GC(5) Concurrent Cleanup for Next Mark
[2025-05-28T17:44:08.546+0000][gc,marking  ] GC(5) Concurrent Cleanup for Next Mark 48.255ms
[2025-05-28T17:44:08.546+0000][gc          ] GC(5) Concurrent Mark Cycle 94.747ms
[2025-05-28T17:44:37.453+0000][gc,start    ] GC(6) Pause Young (Prepare Mixed) (G1 Evacuation Pause)
[2025-05-28T17:44:37.453+0000][gc,task     ] GC(6) Using 10 workers of 10 for evacuation
[2025-05-28T17:44:37.461+0000][gc,phases   ] GC(6)   Pre Evacuate Collection Set: 0.2ms
[2025-05-28T17:44:37.461+0000][gc,phases   ] GC(6)   Merge Heap Roots: 0.1ms
[2025-05-28T17:44:37.462+0000][gc,phases   ] GC(6)   Evacuate Collection Set: 6.9ms
[2025-05-28T17:44:37.462+0000][gc,phases   ] GC(6)   Post Evacuate Collection Set: 0.7ms
[2025-05-28T17:44:37.462+0000][gc,phases   ] GC(6)   Other: 0.4ms
[2025-05-28T17:44:37.462+0000][gc,heap     ] GC(6) Eden regions: 49->0(44)
[2025-05-28T17:44:37.462+0000][gc,heap     ] GC(6) Survivor regions: 2->7(7)
[2025-05-28T17:44:37.462+0000][gc,heap     ] GC(6) Old regions: 14->16
[2025-05-28T17:44:37.462+0000][gc,heap     ] GC(6) Archive regions: 2->2
[2025-05-28T17:44:37.462+0000][gc,heap     ] GC(6) Humongous regions: 138->138
[2025-05-28T17:44:37.462+0000][gc,metaspace] GC(6) Metaspace: 43478K(44288K)->43478K(44288K) NonClass: 38234K(38656K)->38234K(38656K) Class: 5244K(5632K)->5244K(5632K)
[2025-05-28T17:44:37.462+0000][gc          ] GC(6) Pause Young (Prepare Mixed) (G1 Evacuation Pause) 202M->161M(1024M) 8.985ms
[2025-05-28T17:44:37.462+0000][gc,cpu      ] GC(6) User=0.03s Sys=0.03s Real=0.01s
[2025-05-28T17:48:02.973+0000][gc,start    ] GC(7) Pause Young (Mixed) (G1 Evacuation Pause)
[2025-05-28T17:48:02.973+0000][gc,task     ] GC(7) Using 10 workers of 10 for evacuation
[2025-05-28T17:48:02.983+0000][gc,phases   ] GC(7)   Pre Evacuate Collection Set: 0.5ms
[2025-05-28T17:48:02.983+0000][gc,phases   ] GC(7)   Merge Heap Roots: 0.1ms
[2025-05-28T17:48:02.983+0000][gc,phases   ] GC(7)   Evacuate Collection Set: 8.0ms
[2025-05-28T17:48:02.983+0000][gc,phases   ] GC(7)   Post Evacuate Collection Set: 0.8ms
[2025-05-28T17:48:02.983+0000][gc,phases   ] GC(7)   Other: 0.4ms
[2025-05-28T17:48:02.983+0000][gc,heap     ] GC(7) Eden regions: 44->0(49)
[2025-05-28T17:48:02.983+0000][gc,heap     ] GC(7) Survivor regions: 7->2(7)
[2025-05-28T17:48:02.983+0000][gc,heap     ] GC(7) Old regions: 16->23
[2025-05-28T17:48:02.984+0000][gc,heap     ] GC(7) Archive regions: 2->2
[2025-05-28T17:48:02.984+0000][gc,heap     ] GC(7) Humongous regions: 138->138
[2025-05-28T17:48:02.984+0000][gc,metaspace] GC(7) Metaspace: 46130K(46976K)->46130K(46976K) NonClass: 40711K(41152K)->40711K(41152K) Class: 5418K(5824K)->5418K(5824K)
[2025-05-28T17:48:02.984+0000][gc          ] GC(7) Pause Young (Mixed) (G1 Evacuation Pause) 205M->163M(1024M) 10.605ms
[2025-05-28T17:48:02.984+0000][gc,cpu      ] GC(7) User=0.04s Sys=0.04s Real=0.01s
[2025-05-28T17:52:30.603+0000][gc,start    ] GC(8) Pause Young (Normal) (G1 Evacuation Pause)
[2025-05-28T17:52:30.603+0000][gc,task     ] GC(8) Using 10 workers of 10 for evacuation
[2025-05-28T17:52:30.606+0000][gc,phases   ] GC(8)   Pre Evacuate Collection Set: 0.2ms
[2025-05-28T17:52:30.606+0000][gc,phases   ] GC(8)   Merge Heap Roots: 0.3ms
[2025-05-28T17:52:30.606+0000][gc,phases   ] GC(8)   Evacuate Collection Set: 2.2ms
[2025-05-28T17:52:30.606+0000][gc,phases   ] GC(8)   Post Evacuate Collection Set: 0.3ms
[2025-05-28T17:52:30.606+0000][gc,phases   ] GC(8)   Other: 0.6ms
[2025-05-28T17:52:30.607+0000][gc,heap     ] GC(8) Eden regions: 49->0(47)
[2025-05-28T17:52:30.607+0000][gc,heap     ] GC(8) Survivor regions: 2->4(7)
[2025-05-28T17:52:30.607+0000][gc,heap     ] GC(8) Old regions: 23->23
[2025-05-28T17:52:30.607+0000][gc,heap     ] GC(8) Archive regions: 2->2
[2025-05-28T17:52:30.607+0000][gc,heap     ] GC(8) Humongous regions: 138->138
[2025-05-28T17:52:30.607+0000][gc,metaspace] GC(8) Metaspace: 46682K(47552K)->46682K(47552K) NonClass: 41262K(41728K)->41262K(41728K) Class: 5419K(5824K)->5419K(5824K)
[2025-05-28T17:52:30.607+0000][gc          ] GC(8) Pause Young (Normal) (G1 Evacuation Pause) 212M->164M(1024M) 4.374ms
[2025-05-28T17:52:30.607+0000][gc,cpu      ] GC(8) User=0.02s Sys=0.00s Real=0.01s
[2025-05-28T17:56:02.360+0000][gc,start    ] GC(9) Pause Young (Normal) (G1 Evacuation Pause)
[2025-05-28T17:56:02.360+0000][gc,task     ] GC(9) Using 10 workers of 10 for evacuation
[2025-05-28T17:56:02.365+0000][gc,phases   ] GC(9)   Pre Evacuate Collection Set: 0.6ms
[2025-05-28T17:56:02.366+0000][gc,phases   ] GC(9)   Merge Heap Roots: 0.1ms
[2025-05-28T17:56:02.366+0000][gc,phases   ] GC(9)   Evacuate Collection Set: 4.0ms
[2025-05-28T17:56:02.366+0000][gc,phases   ] GC(9)   Post Evacuate Collection Set: 0.4ms
[2025-05-28T17:56:02.366+0000][gc,phases   ] GC(9)   Other: 0.5ms
[2025-05-28T17:56:02.366+0000][gc,heap     ] GC(9) Eden regions: 47->0(45)
[2025-05-28T17:56:02.366+0000][gc,heap     ] GC(9) Survivor regions: 4->6(7)
[2025-05-28T17:56:02.366+0000][gc,heap     ] GC(9) Old regions: 23->23
[2025-05-28T17:56:02.366+0000][gc,heap     ] GC(9) Archive regions: 2->2
[2025-05-28T17:56:02.366+0000][gc,heap     ] GC(9) Humongous regions: 138->138
[2025-05-28T17:56:02.366+0000][gc,metaspace] GC(9) Metaspace: 46897K(47744K)->46897K(47744K) NonClass: 41473K(41920K)->41473K(41920K) Class: 5424K(5824K)->5424K(5824K)
[2025-05-28T17:56:02.366+0000][gc          ] GC(9) Pause Young (Normal) (G1 Evacuation Pause) 211M->166M(1024M) 6.542ms
[2025-05-28T17:56:02.367+0000][gc,cpu      ] GC(9) User=0.03s Sys=0.00s Real=0.01s
[2025-05-28T18:00:10.602+0000][gc,start    ] GC(10) Pause Young (Normal) (G1 Evacuation Pause)
[2025-05-28T18:00:10.602+0000][gc,task     ] GC(10) Using 10 workers of 10 for evacuation
[2025-05-28T18:00:10.609+0000][gc,phases   ] GC(10)   Pre Evacuate Collection Set: 0.4ms
[2025-05-28T18:00:10.609+0000][gc,phases   ] GC(10)   Merge Heap Roots: 0.2ms
[2025-05-28T18:00:10.610+0000][gc,phases   ] GC(10)   Evacuate Collection Set: 6.0ms
[2025-05-28T18:00:10.610+0000][gc,phases   ] GC(10)   Post Evacuate Collection Set: 0.5ms
[2025-05-28T18:00:10.610+0000][gc,phases   ] GC(10)   Other: 0.4ms
[2025-05-28T18:00:10.610+0000][gc,heap     ] GC(10) Eden regions: 45->0(70)
[2025-05-28T18:00:10.610+0000][gc,heap     ] GC(10) Survivor regions: 6->4(7)
[2025-05-28T18:00:10.610+0000][gc,heap     ] GC(10) Old regions: 23->25
[2025-05-28T18:00:10.610+0000][gc,heap     ] GC(10) Archive regions: 2->2
[2025-05-28T18:00:10.610+0000][gc,heap     ] GC(10) Humongous regions: 138->138
[2025-05-28T18:00:10.610+0000][gc,metaspace] GC(10) Metaspace: 46998K(47808K)->46998K(47808K) NonClass: 41571K(41984K)->41571K(41984K) Class: 5426K(5824K)->5426K(5824K)
[2025-05-28T18:00:10.610+0000][gc          ] GC(10) Pause Young (Normal) (G1 Evacuation Pause) 211M->167M(1024M) 8.579ms
[2025-05-28T18:00:10.610+0000][gc,cpu      ] GC(10) User=0.03s Sys=0.01s Real=0.01s
[2025-05-28T18:07:38.901+0000][gc,start    ] GC(11) Pause Young (Normal) (G1 Evacuation Pause)
[2025-05-28T18:07:38.901+0000][gc,task     ] GC(11) Using 10 workers of 10 for evacuation
[2025-05-28T18:07:38.909+0000][gc,phases   ] GC(11)   Pre Evacuate Collection Set: 0.2ms
[2025-05-28T18:07:38.909+0000][gc,phases   ] GC(11)   Merge Heap Roots: 0.1ms
[2025-05-28T18:07:38.909+0000][gc,phases   ] GC(11)   Evacuate Collection Set: 6.8ms
[2025-05-28T18:07:38.909+0000][gc,phases   ] GC(11)   Post Evacuate Collection Set: 0.3ms
[2025-05-28T18:07:38.909+0000][gc,phases   ] GC(11)   Other: 0.6ms
[2025-05-28T18:07:38.909+0000][gc,heap     ] GC(11) Eden regions: 70->0(65)
[2025-05-28T18:07:38.909+0000][gc,heap     ] GC(11) Survivor regions: 4->8(10)
[2025-05-28T18:07:38.909+0000][gc,heap     ] GC(11) Old regions: 25->25
[2025-05-28T18:07:38.909+0000][gc,heap     ] GC(11) Archive regions: 2->2
[2025-05-28T18:07:38.909+0000][gc,heap     ] GC(11) Humongous regions: 138->138
[2025-05-28T18:07:38.909+0000][gc,metaspace] GC(11) Metaspace: 47144K(47936K)->47144K(47936K) NonClass: 41716K(42112K)->41716K(42112K) Class: 5427K(5824K)->5427K(5824K)
[2025-05-28T18:07:38.909+0000][gc          ] GC(11) Pause Young (Normal) (G1 Evacuation Pause) 237M->170M(1024M) 8.606ms
[2025-05-28T18:07:38.909+0000][gc,cpu      ] GC(11) User=0.03s Sys=0.04s Real=0.01s
[2025-05-28T18:08:45.259+0000][gc,heap,exit] Heap
[2025-05-28T18:08:45.259+0000][gc,heap,exit]  garbage-first heap   total 1048576K, used 204149K [0x00000000c0000000, 0x0000000100000000)
[2025-05-28T18:08:45.260+0000][gc,heap,exit]   region size 1024K, 37 young (37888K), 8 survivors (8192K)
[2025-05-28T18:08:45.260+0000][gc,heap,exit]  Metaspace       used 48306K, committed 49152K, reserved 1114112K
[2025-05-28T18:08:45.260+0000][gc,heap,exit]   class space    used 5658K, committed 6080K, reserved 1048576K
