[2025-05-31T10:20:09.787+0000][gc] Using G1
[2025-05-31T10:20:09.797+0000][gc,init] Version: 17.0.8.1+1-Ubuntu-0ubuntu122.04 (release)
[2025-05-31T10:20:09.798+0000][gc,init] CPUs: 12 total, 12 available
[2025-05-31T10:20:09.798+0000][gc,init] Memory: 10950M
[2025-05-31T10:20:09.798+0000][gc,init] Large Page Support: Disabled
[2025-05-31T10:20:09.798+0000][gc,init] NUMA Support: Disabled
[2025-05-31T10:20:09.798+0000][gc,init] Compressed Oops: Enabled (32-bit)
[2025-05-31T10:20:09.798+0000][gc,init] Heap Region Size: 1M
[2025-05-31T10:20:09.798+0000][gc,init] Heap Min Capacity: 1G
[2025-05-31T10:20:09.799+0000][gc,init] Heap Initial Capacity: 1G
[2025-05-31T10:20:09.799+0000][gc,init] Heap Max Capacity: 1G
[2025-05-31T10:20:09.799+0000][gc,init] Pre-touch: Disabled
[2025-05-31T10:20:09.799+0000][gc,init] Parallel Workers: 10
[2025-05-31T10:20:09.799+0000][gc,init] Concurrent Workers: 3
[2025-05-31T10:20:09.799+0000][gc,init] Concurrent Refinement Workers: 10
[2025-05-31T10:20:09.799+0000][gc,init] Periodic GC: Disabled
[2025-05-31T10:20:09.806+0000][gc,metaspace] CDS archive(s) mapped at: [0x00007f6cd3000000-0x00007f6cd3beb000-0x00007f6cd3beb000), size 12496896, SharedBaseAddress: 0x00007f6cd3000000, ArchiveRelocationMode: 1.
[2025-05-31T10:20:09.806+0000][gc,metaspace] Compressed class space mapped at: 0x00007f6cd4000000-0x00007f6d14000000, reserved size: 1073741824
[2025-05-31T10:20:09.806+0000][gc,metaspace] Narrow klass base: 0x00007f6cd3000000, Narrow klass shift: 0, Narrow klass range: 0x100000000
[2025-05-31T10:20:10.743+0000][gc,start    ] GC(0) Pause Young (Normal) (G1 Evacuation Pause)
[2025-05-31T10:20:10.745+0000][gc,task     ] GC(0) Using 10 workers of 10 for evacuation
[2025-05-31T10:20:10.753+0000][gc,phases   ] GC(0)   Pre Evacuate Collection Set: 0.1ms
[2025-05-31T10:20:10.753+0000][gc,phases   ] GC(0)   Merge Heap Roots: 0.1ms
[2025-05-31T10:20:10.753+0000][gc,phases   ] GC(0)   Evacuate Collection Set: 6.9ms
[2025-05-31T10:20:10.753+0000][gc,phases   ] GC(0)   Post Evacuate Collection Set: 0.6ms
[2025-05-31T10:20:10.753+0000][gc,phases   ] GC(0)   Other: 1.7ms
[2025-05-31T10:20:10.753+0000][gc,heap     ] GC(0) Eden regions: 51->0(44)
[2025-05-31T10:20:10.753+0000][gc,heap     ] GC(0) Survivor regions: 0->7(7)
[2025-05-31T10:20:10.753+0000][gc,heap     ] GC(0) Old regions: 0->1
[2025-05-31T10:20:10.753+0000][gc,heap     ] GC(0) Archive regions: 2->2
[2025-05-31T10:20:10.753+0000][gc,heap     ] GC(0) Humongous regions: 0->0
[2025-05-31T10:20:10.753+0000][gc,metaspace] GC(0) Metaspace: 16984K(17216K)->16984K(17216K) NonClass: 14916K(15040K)->14916K(15040K) Class: 2068K(2176K)->2068K(2176K)
[2025-05-31T10:20:10.754+0000][gc          ] GC(0) Pause Young (Normal) (G1 Evacuation Pause) 51M->8M(1024M) 10.076ms
[2025-05-31T10:20:10.754+0000][gc,cpu      ] GC(0) User=0.03s Sys=0.04s Real=0.01s
[2025-05-31T10:20:10.991+0000][gc,start    ] GC(1) Pause Young (Concurrent Start) (Metadata GC Threshold)
[2025-05-31T10:20:10.991+0000][gc,task     ] GC(1) Using 10 workers of 10 for evacuation
[2025-05-31T10:20:10.998+0000][gc,phases   ] GC(1)   Pre Evacuate Collection Set: 0.3ms
[2025-05-31T10:20:10.999+0000][gc,phases   ] GC(1)   Merge Heap Roots: 0.1ms
[2025-05-31T10:20:10.999+0000][gc,phases   ] GC(1)   Evacuate Collection Set: 6.1ms
[2025-05-31T10:20:10.999+0000][gc,phases   ] GC(1)   Post Evacuate Collection Set: 0.7ms
[2025-05-31T10:20:10.999+0000][gc,phases   ] GC(1)   Other: 0.4ms
[2025-05-31T10:20:10.999+0000][gc,heap     ] GC(1) Eden regions: 15->0(49)
[2025-05-31T10:20:10.999+0000][gc,heap     ] GC(1) Survivor regions: 7->2(7)
[2025-05-31T10:20:10.999+0000][gc,heap     ] GC(1) Old regions: 1->8
[2025-05-31T10:20:10.999+0000][gc,heap     ] GC(1) Archive regions: 2->2
[2025-05-31T10:20:10.999+0000][gc,heap     ] GC(1) Humongous regions: 0->0
[2025-05-31T10:20:10.999+0000][gc,metaspace] GC(1) Metaspace: 21326K(21504K)->21326K(21504K) NonClass: 18674K(18752K)->18674K(18752K) Class: 2652K(2752K)->2652K(2752K)
[2025-05-31T10:20:10.999+0000][gc          ] GC(1) Pause Young (Concurrent Start) (Metadata GC Threshold) 23M->10M(1024M) 8.376ms
[2025-05-31T10:20:11.000+0000][gc,cpu      ] GC(1) User=0.06s Sys=0.01s Real=0.01s
[2025-05-31T10:20:11.000+0000][gc          ] GC(2) Concurrent Mark Cycle
[2025-05-31T10:20:11.000+0000][gc,marking  ] GC(2) Concurrent Clear Claimed Marks
[2025-05-31T10:20:11.000+0000][gc,marking  ] GC(2) Concurrent Clear Claimed Marks 0.160ms
[2025-05-31T10:20:11.001+0000][gc,marking  ] GC(2) Concurrent Scan Root Regions
[2025-05-31T10:20:11.004+0000][gc,marking  ] GC(2) Concurrent Scan Root Regions 2.904ms
[2025-05-31T10:20:11.004+0000][gc,marking  ] GC(2) Concurrent Mark
[2025-05-31T10:20:11.004+0000][gc,marking  ] GC(2) Concurrent Mark From Roots
[2025-05-31T10:20:11.004+0000][gc,task     ] GC(2) Using 3 workers of 3 for marking
[2025-05-31T10:20:11.006+0000][gc,marking  ] GC(2) Concurrent Mark From Roots 2.273ms
[2025-05-31T10:20:11.006+0000][gc,marking  ] GC(2) Concurrent Preclean
[2025-05-31T10:20:11.006+0000][gc,marking  ] GC(2) Concurrent Preclean 0.284ms
[2025-05-31T10:20:11.007+0000][gc,start    ] GC(2) Pause Remark
[2025-05-31T10:20:11.009+0000][gc          ] GC(2) Pause Remark 10M->10M(1024M) 2.015ms
[2025-05-31T10:20:11.009+0000][gc,cpu      ] GC(2) User=0.01s Sys=0.01s Real=0.01s
[2025-05-31T10:20:11.010+0000][gc,marking  ] GC(2) Concurrent Mark 5.816ms
[2025-05-31T10:20:11.010+0000][gc,marking  ] GC(2) Concurrent Rebuild Remembered Sets
[2025-05-31T10:20:11.010+0000][gc,marking  ] GC(2) Concurrent Rebuild Remembered Sets 0.069ms
[2025-05-31T10:20:11.010+0000][gc,start    ] GC(2) Pause Cleanup
[2025-05-31T10:20:11.010+0000][gc          ] GC(2) Pause Cleanup 10M->10M(1024M) 0.161ms
[2025-05-31T10:20:11.010+0000][gc,cpu      ] GC(2) User=0.00s Sys=0.00s Real=0.00s
[2025-05-31T10:20:11.010+0000][gc,marking  ] GC(2) Concurrent Cleanup for Next Mark
[2025-05-31T10:20:11.014+0000][gc,marking  ] GC(2) Concurrent Cleanup for Next Mark 3.318ms
[2025-05-31T10:20:11.014+0000][gc          ] GC(2) Concurrent Mark Cycle 14.209ms
[2025-05-31T10:20:11.944+0000][gc,start    ] GC(3) Pause Young (Normal) (G1 Evacuation Pause)
[2025-05-31T10:20:11.945+0000][gc,task     ] GC(3) Using 10 workers of 10 for evacuation
[2025-05-31T10:20:11.951+0000][gc,phases   ] GC(3)   Pre Evacuate Collection Set: 0.2ms
[2025-05-31T10:20:11.951+0000][gc,phases   ] GC(3)   Merge Heap Roots: 0.1ms
[2025-05-31T10:20:11.951+0000][gc,phases   ] GC(3)   Evacuate Collection Set: 5.1ms
[2025-05-31T10:20:11.951+0000][gc,phases   ] GC(3)   Post Evacuate Collection Set: 0.7ms
[2025-05-31T10:20:11.952+0000][gc,phases   ] GC(3)   Other: 0.6ms
[2025-05-31T10:20:11.952+0000][gc,heap     ] GC(3) Eden regions: 49->0(45)
[2025-05-31T10:20:11.952+0000][gc,heap     ] GC(3) Survivor regions: 2->6(7)
[2025-05-31T10:20:11.952+0000][gc,heap     ] GC(3) Old regions: 8->8
[2025-05-31T10:20:11.952+0000][gc,heap     ] GC(3) Archive regions: 2->2
[2025-05-31T10:20:11.952+0000][gc,heap     ] GC(3) Humongous regions: 9->9
[2025-05-31T10:20:11.952+0000][gc,metaspace] GC(3) Metaspace: 33642K(34048K)->33642K(34048K) NonClass: 29653K(29888K)->29653K(29888K) Class: 3989K(4160K)->3989K(4160K)
[2025-05-31T10:20:11.952+0000][gc          ] GC(3) Pause Young (Normal) (G1 Evacuation Pause) 68M->23M(1024M) 7.608ms
[2025-05-31T10:20:11.952+0000][gc,cpu      ] GC(3) User=0.04s Sys=0.00s Real=0.01s
[2025-05-31T10:20:12.140+0000][gc,start    ] GC(4) Pause Young (Concurrent Start) (Metadata GC Threshold)
[2025-05-31T10:20:12.143+0000][gc,task     ] GC(4) Using 10 workers of 10 for evacuation
[2025-05-31T10:20:12.159+0000][gc,phases   ] GC(4)   Pre Evacuate Collection Set: 0.5ms
[2025-05-31T10:20:12.159+0000][gc,phases   ] GC(4)   Merge Heap Roots: 0.4ms
[2025-05-31T10:20:12.159+0000][gc,phases   ] GC(4)   Evacuate Collection Set: 12.3ms
[2025-05-31T10:20:12.159+0000][gc,phases   ] GC(4)   Post Evacuate Collection Set: 1.8ms
[2025-05-31T10:20:12.159+0000][gc,phases   ] GC(4)   Other: 3.2ms
[2025-05-31T10:20:12.159+0000][gc,heap     ] GC(4) Eden regions: 12->0(49)
[2025-05-31T10:20:12.160+0000][gc,heap     ] GC(4) Survivor regions: 6->2(7)
[2025-05-31T10:20:12.160+0000][gc,heap     ] GC(4) Old regions: 8->14
[2025-05-31T10:20:12.160+0000][gc,heap     ] GC(4) Archive regions: 2->2
[2025-05-31T10:20:12.161+0000][gc,heap     ] GC(4) Humongous regions: 9->9
[2025-05-31T10:20:12.161+0000][gc,metaspace] GC(4) Metaspace: 35716K(36096K)->35716K(36096K) NonClass: 31471K(31680K)->31471K(31680K) Class: 4245K(4416K)->4245K(4416K)
[2025-05-31T10:20:12.161+0000][gc          ] GC(4) Pause Young (Concurrent Start) (Metadata GC Threshold) 35M->24M(1024M) 20.685ms
[2025-05-31T10:20:12.162+0000][gc,cpu      ] GC(4) User=0.05s Sys=0.02s Real=0.02s
[2025-05-31T10:20:12.162+0000][gc          ] GC(5) Concurrent Mark Cycle
[2025-05-31T10:20:12.162+0000][gc,marking  ] GC(5) Concurrent Clear Claimed Marks
[2025-05-31T10:20:12.163+0000][gc,marking  ] GC(5) Concurrent Clear Claimed Marks 0.280ms
[2025-05-31T10:20:12.163+0000][gc,marking  ] GC(5) Concurrent Scan Root Regions
[2025-05-31T10:20:12.166+0000][gc,marking  ] GC(5) Concurrent Scan Root Regions 3.522ms
[2025-05-31T10:20:12.167+0000][gc,marking  ] GC(5) Concurrent Mark
[2025-05-31T10:20:12.167+0000][gc,marking  ] GC(5) Concurrent Mark From Roots
[2025-05-31T10:20:12.167+0000][gc,task     ] GC(5) Using 3 workers of 3 for marking
[2025-05-31T10:20:12.178+0000][gc,marking  ] GC(5) Concurrent Mark From Roots 10.859ms
[2025-05-31T10:20:12.179+0000][gc,marking  ] GC(5) Concurrent Preclean
[2025-05-31T10:20:12.180+0000][gc,marking  ] GC(5) Concurrent Preclean 1.007ms
[2025-05-31T10:20:12.181+0000][gc,start    ] GC(5) Pause Remark
[2025-05-31T10:20:12.186+0000][gc          ] GC(5) Pause Remark 25M->25M(1024M) 4.686ms
[2025-05-31T10:20:12.187+0000][gc,cpu      ] GC(5) User=0.01s Sys=0.01s Real=0.00s
[2025-05-31T10:20:12.190+0000][gc,marking  ] GC(5) Concurrent Mark 23.745ms
[2025-05-31T10:20:12.191+0000][gc,marking  ] GC(5) Concurrent Rebuild Remembered Sets
[2025-05-31T10:20:12.200+0000][gc,marking  ] GC(5) Concurrent Rebuild Remembered Sets 9.357ms
[2025-05-31T10:20:12.202+0000][gc,start    ] GC(5) Pause Cleanup
[2025-05-31T10:20:12.202+0000][gc          ] GC(5) Pause Cleanup 26M->26M(1024M) 0.586ms
[2025-05-31T10:20:12.202+0000][gc,cpu      ] GC(5) User=0.01s Sys=0.00s Real=0.00s
[2025-05-31T10:20:12.203+0000][gc,marking  ] GC(5) Concurrent Cleanup for Next Mark
[2025-05-31T10:20:12.215+0000][gc,marking  ] GC(5) Concurrent Cleanup for Next Mark 12.287ms
[2025-05-31T10:20:12.215+0000][gc          ] GC(5) Concurrent Mark Cycle 53.269ms
[2025-05-31T10:20:47.704+0000][gc,start    ] GC(6) Pause Young (Normal) (G1 Evacuation Pause)
[2025-05-31T10:20:47.704+0000][gc,task     ] GC(6) Using 10 workers of 10 for evacuation
[2025-05-31T10:20:47.709+0000][gc,phases   ] GC(6)   Pre Evacuate Collection Set: 0.3ms
[2025-05-31T10:20:47.709+0000][gc,phases   ] GC(6)   Merge Heap Roots: 0.1ms
[2025-05-31T10:20:47.710+0000][gc,phases   ] GC(6)   Evacuate Collection Set: 3.6ms
[2025-05-31T10:20:47.710+0000][gc,phases   ] GC(6)   Post Evacuate Collection Set: 0.9ms
[2025-05-31T10:20:47.710+0000][gc,phases   ] GC(6)   Other: 0.6ms
[2025-05-31T10:20:47.710+0000][gc,heap     ] GC(6) Eden regions: 49->0(44)
[2025-05-31T10:20:47.710+0000][gc,heap     ] GC(6) Survivor regions: 2->7(7)
[2025-05-31T10:20:47.710+0000][gc,heap     ] GC(6) Old regions: 14->16
[2025-05-31T10:20:47.710+0000][gc,heap     ] GC(6) Archive regions: 2->2
[2025-05-31T10:20:47.710+0000][gc,heap     ] GC(6) Humongous regions: 138->138
[2025-05-31T10:20:47.710+0000][gc,metaspace] GC(6) Metaspace: 43663K(44480K)->43663K(44480K) NonClass: 38375K(38848K)->38375K(38848K) Class: 5288K(5632K)->5288K(5632K)
[2025-05-31T10:20:47.710+0000][gc          ] GC(6) Pause Young (Normal) (G1 Evacuation Pause) 202M->161M(1024M) 6.261ms
[2025-05-31T10:20:47.710+0000][gc,cpu      ] GC(6) User=0.03s Sys=0.01s Real=0.01s
[2025-05-31T10:23:05.066+0000][gc,start    ] GC(7) Pause Young (Normal) (G1 Evacuation Pause)
[2025-05-31T10:23:05.066+0000][gc,task     ] GC(7) Using 10 workers of 10 for evacuation
[2025-05-31T10:23:05.075+0000][gc,phases   ] GC(7)   Pre Evacuate Collection Set: 0.2ms
[2025-05-31T10:23:05.076+0000][gc,phases   ] GC(7)   Merge Heap Roots: 0.1ms
[2025-05-31T10:23:05.076+0000][gc,phases   ] GC(7)   Evacuate Collection Set: 8.0ms
[2025-05-31T10:23:05.076+0000][gc,phases   ] GC(7)   Post Evacuate Collection Set: 0.7ms
[2025-05-31T10:23:05.076+0000][gc,phases   ] GC(7)   Other: 0.4ms
[2025-05-31T10:23:05.076+0000][gc,heap     ] GC(7) Eden regions: 44->0(48)
[2025-05-31T10:23:05.076+0000][gc,heap     ] GC(7) Survivor regions: 7->3(7)
[2025-05-31T10:23:05.076+0000][gc,heap     ] GC(7) Old regions: 16->23
[2025-05-31T10:23:05.076+0000][gc,heap     ] GC(7) Archive regions: 2->2
[2025-05-31T10:23:05.076+0000][gc,heap     ] GC(7) Humongous regions: 138->138
[2025-05-31T10:23:05.076+0000][gc,metaspace] GC(7) Metaspace: 46183K(47040K)->46183K(47040K) NonClass: 40767K(41216K)->40767K(41216K) Class: 5415K(5824K)->5415K(5824K)
[2025-05-31T10:23:05.077+0000][gc          ] GC(7) Pause Young (Normal) (G1 Evacuation Pause) 205M->163M(1024M) 10.482ms
[2025-05-31T10:23:05.077+0000][gc,cpu      ] GC(7) User=0.05s Sys=0.03s Real=0.01s
[2025-05-31T10:27:05.401+0000][gc,start    ] GC(8) Pause Young (Normal) (G1 Evacuation Pause)
[2025-05-31T10:27:05.401+0000][gc,task     ] GC(8) Using 10 workers of 10 for evacuation
[2025-05-31T10:27:05.404+0000][gc,phases   ] GC(8)   Pre Evacuate Collection Set: 0.3ms
[2025-05-31T10:27:05.404+0000][gc,phases   ] GC(8)   Merge Heap Roots: 0.1ms
[2025-05-31T10:27:05.404+0000][gc,phases   ] GC(8)   Evacuate Collection Set: 2.5ms
[2025-05-31T10:27:05.404+0000][gc,phases   ] GC(8)   Post Evacuate Collection Set: 0.4ms
[2025-05-31T10:27:05.405+0000][gc,phases   ] GC(8)   Other: 0.4ms
[2025-05-31T10:27:05.405+0000][gc,heap     ] GC(8) Eden regions: 48->0(47)
[2025-05-31T10:27:05.405+0000][gc,heap     ] GC(8) Survivor regions: 3->4(7)
[2025-05-31T10:27:05.405+0000][gc,heap     ] GC(8) Old regions: 23->23
[2025-05-31T10:27:05.405+0000][gc,heap     ] GC(8) Archive regions: 2->2
[2025-05-31T10:27:05.405+0000][gc,heap     ] GC(8) Humongous regions: 138->138
[2025-05-31T10:27:05.405+0000][gc,metaspace] GC(8) Metaspace: 46721K(47552K)->46721K(47552K) NonClass: 41305K(41728K)->41305K(41728K) Class: 5416K(5824K)->5416K(5824K)
[2025-05-31T10:27:05.405+0000][gc          ] GC(8) Pause Young (Normal) (G1 Evacuation Pause) 211M->165M(1024M) 4.425ms
[2025-05-31T10:27:05.405+0000][gc,cpu      ] GC(8) User=0.02s Sys=0.00s Real=0.01s
[2025-05-31T10:32:03.906+0000][gc,start    ] GC(9) Pause Young (Normal) (G1 Evacuation Pause)
[2025-05-31T10:32:03.906+0000][gc,task     ] GC(9) Using 10 workers of 10 for evacuation
[2025-05-31T10:32:03.910+0000][gc,phases   ] GC(9)   Pre Evacuate Collection Set: 0.2ms
[2025-05-31T10:32:03.910+0000][gc,phases   ] GC(9)   Merge Heap Roots: 0.2ms
[2025-05-31T10:32:03.910+0000][gc,phases   ] GC(9)   Evacuate Collection Set: 2.8ms
[2025-05-31T10:32:03.910+0000][gc,phases   ] GC(9)   Post Evacuate Collection Set: 0.4ms
[2025-05-31T10:32:03.910+0000][gc,phases   ] GC(9)   Other: 0.7ms
[2025-05-31T10:32:03.910+0000][gc,heap     ] GC(9) Eden regions: 47->0(45)
[2025-05-31T10:32:03.910+0000][gc,heap     ] GC(9) Survivor regions: 4->6(7)
[2025-05-31T10:32:03.910+0000][gc,heap     ] GC(9) Old regions: 23->23
[2025-05-31T10:32:03.910+0000][gc,heap     ] GC(9) Archive regions: 2->2
[2025-05-31T10:32:03.911+0000][gc,heap     ] GC(9) Humongous regions: 138->138
[2025-05-31T10:32:03.911+0000][gc,metaspace] GC(9) Metaspace: 46893K(47744K)->46893K(47744K) NonClass: 41473K(41920K)->41473K(41920K) Class: 5419K(5824K)->5419K(5824K)
[2025-05-31T10:32:03.911+0000][gc          ] GC(9) Pause Young (Normal) (G1 Evacuation Pause) 212M->166M(1024M) 5.021ms
[2025-05-31T10:32:03.911+0000][gc,cpu      ] GC(9) User=0.02s Sys=0.00s Real=0.01s
[2025-05-31T10:35:32.960+0000][gc,start    ] GC(10) Pause Young (Normal) (G1 Evacuation Pause)
[2025-05-31T10:35:32.960+0000][gc,task     ] GC(10) Using 10 workers of 10 for evacuation
[2025-05-31T10:35:32.974+0000][gc,phases   ] GC(10)   Pre Evacuate Collection Set: 2.4ms
[2025-05-31T10:35:32.974+0000][gc,phases   ] GC(10)   Merge Heap Roots: 0.2ms
[2025-05-31T10:35:32.974+0000][gc,phases   ] GC(10)   Evacuate Collection Set: 9.7ms
[2025-05-31T10:35:32.975+0000][gc,phases   ] GC(10)   Post Evacuate Collection Set: 0.9ms
[2025-05-31T10:35:32.975+0000][gc,phases   ] GC(10)   Other: 0.7ms
[2025-05-31T10:35:32.976+0000][gc,heap     ] GC(10) Eden regions: 45->0(53)
[2025-05-31T10:35:32.976+0000][gc,heap     ] GC(10) Survivor regions: 6->6(7)
[2025-05-31T10:35:32.976+0000][gc,heap     ] GC(10) Old regions: 23->24
[2025-05-31T10:35:32.977+0000][gc,heap     ] GC(10) Archive regions: 2->2
[2025-05-31T10:35:32.978+0000][gc,heap     ] GC(10) Humongous regions: 138->138
[2025-05-31T10:35:32.978+0000][gc,metaspace] GC(10) Metaspace: 46955K(47744K)->46955K(47744K) NonClass: 41534K(41920K)->41534K(41920K) Class: 5420K(5824K)->5420K(5824K)
[2025-05-31T10:35:32.978+0000][gc          ] GC(10) Pause Young (Normal) (G1 Evacuation Pause) 211M->168M(1024M) 18.410ms
[2025-05-31T10:35:32.979+0000][gc,cpu      ] GC(10) User=0.04s Sys=0.00s Real=0.02s
[2025-05-31T10:39:56.532+0000][gc,start    ] GC(11) Pause Young (Normal) (G1 Evacuation Pause)
[2025-05-31T10:39:56.532+0000][gc,task     ] GC(11) Using 10 workers of 10 for evacuation
[2025-05-31T10:39:56.539+0000][gc,phases   ] GC(11)   Pre Evacuate Collection Set: 0.4ms
[2025-05-31T10:39:56.540+0000][gc,phases   ] GC(11)   Merge Heap Roots: 0.2ms
[2025-05-31T10:39:56.540+0000][gc,phases   ] GC(11)   Evacuate Collection Set: 5.9ms
[2025-05-31T10:39:56.541+0000][gc,phases   ] GC(11)   Post Evacuate Collection Set: 0.5ms
[2025-05-31T10:39:56.541+0000][gc,phases   ] GC(11)   Other: 0.5ms
[2025-05-31T10:39:56.542+0000][gc,heap     ] GC(11) Eden regions: 53->0(70)
[2025-05-31T10:39:56.542+0000][gc,heap     ] GC(11) Survivor regions: 6->7(8)
[2025-05-31T10:39:56.542+0000][gc,heap     ] GC(11) Old regions: 24->26
[2025-05-31T10:39:56.543+0000][gc,heap     ] GC(11) Archive regions: 2->2
[2025-05-31T10:39:56.543+0000][gc,heap     ] GC(11) Humongous regions: 138->138
[2025-05-31T10:39:56.543+0000][gc,metaspace] GC(11) Metaspace: 47072K(47872K)->47072K(47872K) NonClass: 41650K(42048K)->41650K(42048K) Class: 5421K(5824K)->5421K(5824K)
[2025-05-31T10:39:56.544+0000][gc          ] GC(11) Pause Young (Normal) (G1 Evacuation Pause) 221M->170M(1024M) 11.817ms
[2025-05-31T10:39:56.544+0000][gc,cpu      ] GC(11) User=0.04s Sys=0.01s Real=0.01s
[2025-05-31T10:45:28.913+0000][gc,start    ] GC(12) Pause Young (Normal) (G1 Evacuation Pause)
[2025-05-31T10:45:28.914+0000][gc,task     ] GC(12) Using 10 workers of 10 for evacuation
[2025-05-31T10:45:28.923+0000][gc,phases   ] GC(12)   Pre Evacuate Collection Set: 0.2ms
[2025-05-31T10:45:28.923+0000][gc,phases   ] GC(12)   Merge Heap Roots: 0.1ms
[2025-05-31T10:45:28.923+0000][gc,phases   ] GC(12)   Evacuate Collection Set: 7.0ms
[2025-05-31T10:45:28.923+0000][gc,phases   ] GC(12)   Post Evacuate Collection Set: 0.8ms
[2025-05-31T10:45:28.923+0000][gc,phases   ] GC(12)   Other: 1.6ms
[2025-05-31T10:45:28.923+0000][gc,heap     ] GC(12) Eden regions: 64->0(114)
[2025-05-31T10:45:28.923+0000][gc,heap     ] GC(12) Survivor regions: 7->8(9)
[2025-05-31T10:45:28.924+0000][gc,heap     ] GC(12) Old regions: 26->27
[2025-05-31T10:45:28.924+0000][gc,heap     ] GC(12) Archive regions: 2->2
[2025-05-31T10:45:28.924+0000][gc,heap     ] GC(12) Humongous regions: 138->138
[2025-05-31T10:45:28.924+0000][gc,metaspace] GC(12) Metaspace: 47113K(47936K)->47113K(47936K) NonClass: 41691K(42112K)->41691K(42112K) Class: 5421K(5824K)->5421K(5824K)
[2025-05-31T10:45:28.924+0000][gc          ] GC(12) Pause Young (Normal) (G1 Evacuation Pause) 234M->173M(1024M) 11.089ms
[2025-05-31T10:45:28.924+0000][gc,cpu      ] GC(12) User=0.04s Sys=0.02s Real=0.01s
[2025-05-31T10:51:03.652+0000][gc,start    ] GC(13) Pause Young (Normal) (G1 Evacuation Pause)
[2025-05-31T10:51:03.652+0000][gc,task     ] GC(13) Using 10 workers of 10 for evacuation
[2025-05-31T10:51:03.665+0000][gc,phases   ] GC(13)   Pre Evacuate Collection Set: 0.2ms
[2025-05-31T10:51:03.665+0000][gc,phases   ] GC(13)   Merge Heap Roots: 0.1ms
[2025-05-31T10:51:03.665+0000][gc,phases   ] GC(13)   Evacuate Collection Set: 11.6ms
[2025-05-31T10:51:03.665+0000][gc,phases   ] GC(13)   Post Evacuate Collection Set: 0.5ms
[2025-05-31T10:51:03.665+0000][gc,phases   ] GC(13)   Other: 0.5ms
[2025-05-31T10:51:03.665+0000][gc,heap     ] GC(13) Eden regions: 105->0(87)
[2025-05-31T10:51:03.665+0000][gc,heap     ] GC(13) Survivor regions: 8->12(15)
[2025-05-31T10:51:03.665+0000][gc,heap     ] GC(13) Old regions: 27->27
[2025-05-31T10:51:03.665+0000][gc,heap     ] GC(13) Archive regions: 2->2
[2025-05-31T10:51:03.665+0000][gc,heap     ] GC(13) Humongous regions: 138->138
[2025-05-31T10:51:03.665+0000][gc,metaspace] GC(13) Metaspace: 47141K(47936K)->47141K(47936K) NonClass: 41719K(42112K)->41719K(42112K) Class: 5421K(5824K)->5421K(5824K)
[2025-05-31T10:51:03.666+0000][gc          ] GC(13) Pause Young (Normal) (G1 Evacuation Pause) 278M->177M(1024M) 13.686ms
[2025-05-31T10:51:03.666+0000][gc,cpu      ] GC(13) User=0.05s Sys=0.05s Real=0.01s
[2025-05-31T10:55:52.293+0000][gc,start    ] GC(14) Pause Young (Normal) (G1 Evacuation Pause)
[2025-05-31T10:55:52.293+0000][gc,task     ] GC(14) Using 10 workers of 10 for evacuation
[2025-05-31T10:55:52.306+0000][gc,phases   ] GC(14)   Pre Evacuate Collection Set: 0.2ms
[2025-05-31T10:55:52.306+0000][gc,phases   ] GC(14)   Merge Heap Roots: 0.3ms
[2025-05-31T10:55:52.306+0000][gc,phases   ] GC(14)   Evacuate Collection Set: 11.3ms
[2025-05-31T10:55:52.307+0000][gc,phases   ] GC(14)   Post Evacuate Collection Set: 0.8ms
[2025-05-31T10:55:52.307+0000][gc,phases   ] GC(14)   Other: 0.4ms
[2025-05-31T10:55:52.307+0000][gc,heap     ] GC(14) Eden regions: 87->0(85)
[2025-05-31T10:55:52.307+0000][gc,heap     ] GC(14) Survivor regions: 12->10(13)
[2025-05-31T10:55:52.307+0000][gc,heap     ] GC(14) Old regions: 27->33
[2025-05-31T10:55:52.307+0000][gc,heap     ] GC(14) Archive regions: 2->2
[2025-05-31T10:55:52.308+0000][gc,heap     ] GC(14) Humongous regions: 138->138
[2025-05-31T10:55:52.308+0000][gc,metaspace] GC(14) Metaspace: 47158K(47936K)->47158K(47936K) NonClass: 41736K(42112K)->41736K(42112K) Class: 5421K(5824K)->5421K(5824K)
[2025-05-31T10:55:52.308+0000][gc          ] GC(14) Pause Young (Normal) (G1 Evacuation Pause) 264M->181M(1024M) 14.727ms
[2025-05-31T10:55:52.308+0000][gc,cpu      ] GC(14) User=0.07s Sys=0.04s Real=0.02s
[2025-05-31T11:00:37.040+0000][gc,start    ] GC(15) Pause Young (Normal) (G1 Evacuation Pause)
[2025-05-31T11:00:37.041+0000][gc,task     ] GC(15) Using 10 workers of 10 for evacuation
[2025-05-31T11:00:37.050+0000][gc,phases   ] GC(15)   Pre Evacuate Collection Set: 0.3ms
[2025-05-31T11:00:37.050+0000][gc,phases   ] GC(15)   Merge Heap Roots: 0.2ms
[2025-05-31T11:00:37.050+0000][gc,phases   ] GC(15)   Evacuate Collection Set: 7.6ms
[2025-05-31T11:00:37.050+0000][gc,phases   ] GC(15)   Post Evacuate Collection Set: 0.6ms
[2025-05-31T11:00:37.050+0000][gc,phases   ] GC(15)   Other: 0.6ms
[2025-05-31T11:00:37.050+0000][gc,heap     ] GC(15) Eden regions: 85->0(127)
[2025-05-31T11:00:37.050+0000][gc,heap     ] GC(15) Survivor regions: 10->9(12)
[2025-05-31T11:00:37.050+0000][gc,heap     ] GC(15) Old regions: 33->38
[2025-05-31T11:00:37.050+0000][gc,heap     ] GC(15) Archive regions: 2->2
[2025-05-31T11:00:37.050+0000][gc,heap     ] GC(15) Humongous regions: 138->138
[2025-05-31T11:00:37.051+0000][gc,metaspace] GC(15) Metaspace: 47159K(47936K)->47159K(47936K) NonClass: 41738K(42112K)->41738K(42112K) Class: 5421K(5824K)->5421K(5824K)
[2025-05-31T11:00:37.051+0000][gc          ] GC(15) Pause Young (Normal) (G1 Evacuation Pause) 266M->185M(1024M) 10.430ms
[2025-05-31T11:00:37.051+0000][gc,cpu      ] GC(15) User=0.08s Sys=0.00s Real=0.01s
[2025-05-31T11:08:11.734+0000][gc,start    ] GC(16) Pause Young (Normal) (G1 Evacuation Pause)
[2025-05-31T11:08:11.734+0000][gc,task     ] GC(16) Using 10 workers of 10 for evacuation
[2025-05-31T11:08:11.746+0000][gc,phases   ] GC(16)   Pre Evacuate Collection Set: 0.3ms
[2025-05-31T11:08:11.746+0000][gc,phases   ] GC(16)   Merge Heap Roots: 0.2ms
[2025-05-31T11:08:11.746+0000][gc,phases   ] GC(16)   Evacuate Collection Set: 10.1ms
[2025-05-31T11:08:11.746+0000][gc,phases   ] GC(16)   Post Evacuate Collection Set: 0.5ms
[2025-05-31T11:08:11.746+0000][gc,phases   ] GC(16)   Other: 0.7ms
[2025-05-31T11:08:11.746+0000][gc,heap     ] GC(16) Eden regions: 122->0(113)
[2025-05-31T11:08:11.746+0000][gc,heap     ] GC(16) Survivor regions: 9->15(17)
[2025-05-31T11:08:11.746+0000][gc,heap     ] GC(16) Old regions: 38->38
[2025-05-31T11:08:11.746+0000][gc,heap     ] GC(16) Archive regions: 2->2
[2025-05-31T11:08:11.746+0000][gc,heap     ] GC(16) Humongous regions: 138->138
[2025-05-31T11:08:11.747+0000][gc,metaspace] GC(16) Metaspace: 47183K(48000K)->47183K(48000K) NonClass: 41761K(42176K)->41761K(42176K) Class: 5421K(5824K)->5421K(5824K)
[2025-05-31T11:08:11.747+0000][gc          ] GC(16) Pause Young (Normal) (G1 Evacuation Pause) 307M->191M(1024M) 12.711ms
[2025-05-31T11:08:11.747+0000][gc,cpu      ] GC(16) User=0.07s Sys=0.02s Real=0.02s
[2025-05-31T11:14:52.665+0000][gc,start    ] GC(17) Pause Young (Normal) (G1 Evacuation Pause)
[2025-05-31T11:14:52.665+0000][gc,task     ] GC(17) Using 10 workers of 10 for evacuation
[2025-05-31T11:14:52.678+0000][gc,phases   ] GC(17)   Pre Evacuate Collection Set: 0.2ms
[2025-05-31T11:14:52.678+0000][gc,phases   ] GC(17)   Merge Heap Roots: 0.1ms
[2025-05-31T11:14:52.678+0000][gc,phases   ] GC(17)   Evacuate Collection Set: 11.0ms
[2025-05-31T11:14:52.678+0000][gc,phases   ] GC(17)   Post Evacuate Collection Set: 0.4ms
[2025-05-31T11:14:52.679+0000][gc,phases   ] GC(17)   Other: 1.0ms
[2025-05-31T11:14:52.679+0000][gc,heap     ] GC(17) Eden regions: 113->0(127)
[2025-05-31T11:14:52.679+0000][gc,heap     ] GC(17) Survivor regions: 15->13(16)
[2025-05-31T11:14:52.679+0000][gc,heap     ] GC(17) Old regions: 38->46
[2025-05-31T11:14:52.679+0000][gc,heap     ] GC(17) Archive regions: 2->2
[2025-05-31T11:14:52.679+0000][gc,heap     ] GC(17) Humongous regions: 138->138
[2025-05-31T11:14:52.679+0000][gc,metaspace] GC(17) Metaspace: 47195K(48000K)->47195K(48000K) NonClass: 41773K(42176K)->41773K(42176K) Class: 5421K(5824K)->5421K(5824K)
[2025-05-31T11:14:52.679+0000][gc          ] GC(17) Pause Young (Normal) (G1 Evacuation Pause) 304M->197M(1024M) 14.144ms
[2025-05-31T11:14:52.679+0000][gc,cpu      ] GC(17) User=0.09s Sys=0.01s Real=0.01s
[2025-05-31T11:21:58.565+0000][gc,start    ] GC(18) Pause Young (Normal) (G1 Evacuation Pause)
[2025-05-31T11:21:58.566+0000][gc,task     ] GC(18) Using 10 workers of 10 for evacuation
[2025-05-31T11:21:58.581+0000][gc,phases   ] GC(18)   Pre Evacuate Collection Set: 0.2ms
[2025-05-31T11:21:58.581+0000][gc,phases   ] GC(18)   Merge Heap Roots: 0.3ms
[2025-05-31T11:21:58.581+0000][gc,phases   ] GC(18)   Evacuate Collection Set: 14.3ms
[2025-05-31T11:21:58.581+0000][gc,phases   ] GC(18)   Post Evacuate Collection Set: 0.4ms
[2025-05-31T11:21:58.581+0000][gc,phases   ] GC(18)   Other: 0.5ms
[2025-05-31T11:21:58.581+0000][gc,heap     ] GC(18) Eden regions: 127->0(112)
[2025-05-31T11:21:58.582+0000][gc,heap     ] GC(18) Survivor regions: 13->15(18)
[2025-05-31T11:21:58.582+0000][gc,heap     ] GC(18) Old regions: 46->52
[2025-05-31T11:21:58.582+0000][gc,heap     ] GC(18) Archive regions: 2->2
[2025-05-31T11:21:58.582+0000][gc,heap     ] GC(18) Humongous regions: 147->147
[2025-05-31T11:21:58.582+0000][gc,metaspace] GC(18) Metaspace: 47398K(48192K)->47398K(48192K) NonClass: 41940K(42368K)->41940K(42368K) Class: 5458K(5824K)->5458K(5824K)
[2025-05-31T11:21:58.582+0000][gc          ] GC(18) Pause Young (Normal) (G1 Evacuation Pause) 333M->214M(1024M) 16.364ms
[2025-05-31T11:21:58.582+0000][gc,cpu      ] GC(18) User=0.10s Sys=0.01s Real=0.02s
[2025-05-31T11:31:35.059+0000][gc,start    ] GC(19) Pause Young (Normal) (G1 Evacuation Pause)
[2025-05-31T11:31:35.060+0000][gc,task     ] GC(19) Using 10 workers of 10 for evacuation
[2025-05-31T11:31:35.074+0000][gc,phases   ] GC(19)   Pre Evacuate Collection Set: 0.3ms
[2025-05-31T11:31:35.075+0000][gc,phases   ] GC(19)   Merge Heap Roots: 0.1ms
[2025-05-31T11:31:35.075+0000][gc,phases   ] GC(19)   Evacuate Collection Set: 11.7ms
[2025-05-31T11:31:35.075+0000][gc,phases   ] GC(19)   Post Evacuate Collection Set: 2.4ms
[2025-05-31T11:31:35.075+0000][gc,phases   ] GC(19)   Other: 0.8ms
[2025-05-31T11:31:35.075+0000][gc,heap     ] GC(19) Eden regions: 112->0(232)
[2025-05-31T11:31:35.075+0000][gc,heap     ] GC(19) Survivor regions: 15->5(16)
[2025-05-31T11:31:35.075+0000][gc,heap     ] GC(19) Old regions: 52->64
[2025-05-31T11:31:35.075+0000][gc,heap     ] GC(19) Archive regions: 2->2
[2025-05-31T11:31:35.075+0000][gc,heap     ] GC(19) Humongous regions: 147->147
[2025-05-31T11:31:35.075+0000][gc,metaspace] GC(19) Metaspace: 47445K(48256K)->47445K(48256K) NonClass: 41987K(42432K)->41987K(42432K) Class: 5458K(5824K)->5458K(5824K)
[2025-05-31T11:31:35.075+0000][gc          ] GC(19) Pause Young (Normal) (G1 Evacuation Pause) 326M->216M(1024M) 16.203ms
[2025-05-31T11:31:35.076+0000][gc,cpu      ] GC(19) User=0.06s Sys=0.06s Real=0.02s
[2025-05-31T12:01:44.174+0000][gc,start    ] GC(20) Pause Young (Normal) (G1 Evacuation Pause)
[2025-05-31T12:01:44.176+0000][gc,task     ] GC(20) Using 10 workers of 10 for evacuation
[2025-05-31T12:01:44.192+0000][gc,phases   ] GC(20)   Pre Evacuate Collection Set: 0.3ms
[2025-05-31T12:01:44.192+0000][gc,phases   ] GC(20)   Merge Heap Roots: 0.2ms
[2025-05-31T12:01:44.192+0000][gc,phases   ] GC(20)   Evacuate Collection Set: 11.0ms
[2025-05-31T12:01:44.193+0000][gc,phases   ] GC(20)   Post Evacuate Collection Set: 4.0ms
[2025-05-31T12:01:44.193+0000][gc,phases   ] GC(20)   Other: 2.1ms
[2025-05-31T12:01:44.193+0000][gc,heap     ] GC(20) Eden regions: 232->0(155)
[2025-05-31T12:01:44.193+0000][gc,heap     ] GC(20) Survivor regions: 5->12(30)
[2025-05-31T12:01:44.193+0000][gc,heap     ] GC(20) Old regions: 64->64
[2025-05-31T12:01:44.193+0000][gc,heap     ] GC(20) Archive regions: 2->2
[2025-05-31T12:01:44.193+0000][gc,heap     ] GC(20) Humongous regions: 147->147
[2025-05-31T12:01:44.193+0000][gc,metaspace] GC(20) Metaspace: 47527K(48320K)->47527K(48320K) NonClass: 42069K(42496K)->42069K(42496K) Class: 5458K(5824K)->5458K(5824K)
[2025-05-31T12:01:44.193+0000][gc          ] GC(20) Pause Young (Normal) (G1 Evacuation Pause) 448M->223M(1024M) 19.273ms
[2025-05-31T12:01:44.193+0000][gc,cpu      ] GC(20) User=0.08s Sys=0.04s Real=0.02s
[2025-05-31T12:24:26.851+0000][gc,start    ] GC(21) Pause Young (Normal) (G1 Evacuation Pause)
[2025-05-31T12:24:26.851+0000][gc,task     ] GC(21) Using 10 workers of 10 for evacuation
[2025-05-31T12:24:26.862+0000][gc,phases   ] GC(21)   Pre Evacuate Collection Set: 0.2ms
[2025-05-31T12:24:26.863+0000][gc,phases   ] GC(21)   Merge Heap Roots: 0.2ms
[2025-05-31T12:24:26.863+0000][gc,phases   ] GC(21)   Evacuate Collection Set: 7.9ms
[2025-05-31T12:24:26.863+0000][gc,phases   ] GC(21)   Post Evacuate Collection Set: 2.9ms
[2025-05-31T12:24:26.863+0000][gc,phases   ] GC(21)   Other: 0.5ms
[2025-05-31T12:24:26.863+0000][gc,heap     ] GC(21) Eden regions: 155->0(147)
[2025-05-31T12:24:26.863+0000][gc,heap     ] GC(21) Survivor regions: 12->16(21)
[2025-05-31T12:24:26.863+0000][gc,heap     ] GC(21) Old regions: 64->67
[2025-05-31T12:24:26.863+0000][gc,heap     ] GC(21) Archive regions: 2->2
[2025-05-31T12:24:26.863+0000][gc,heap     ] GC(21) Humongous regions: 147->147
[2025-05-31T12:24:26.863+0000][gc,metaspace] GC(21) Metaspace: 47596K(48384K)->47596K(48384K) NonClass: 42133K(42560K)->42133K(42560K) Class: 5463K(5824K)->5463K(5824K)
[2025-05-31T12:24:26.863+0000][gc          ] GC(21) Pause Young (Normal) (G1 Evacuation Pause) 378M->229M(1024M) 12.655ms
[2025-05-31T12:24:26.863+0000][gc,cpu      ] GC(21) User=0.08s Sys=0.00s Real=0.01s
[2025-05-31T12:45:44.993+0000][gc,start    ] GC(22) Pause Young (Normal) (G1 Evacuation Pause)
[2025-05-31T12:45:44.993+0000][gc,task     ] GC(22) Using 10 workers of 10 for evacuation
[2025-05-31T12:45:45.004+0000][gc,phases   ] GC(22)   Pre Evacuate Collection Set: 0.2ms
[2025-05-31T12:45:45.004+0000][gc,phases   ] GC(22)   Merge Heap Roots: 0.1ms
[2025-05-31T12:45:45.004+0000][gc,phases   ] GC(22)   Evacuate Collection Set: 10.0ms
[2025-05-31T12:45:45.004+0000][gc,phases   ] GC(22)   Post Evacuate Collection Set: 0.5ms
[2025-05-31T12:45:45.004+0000][gc,phases   ] GC(22)   Other: 0.5ms
[2025-05-31T12:45:45.005+0000][gc,heap     ] GC(22) Eden regions: 142->0(328)
[2025-05-31T12:45:45.005+0000][gc,heap     ] GC(22) Survivor regions: 16->8(20)
[2025-05-31T12:45:45.005+0000][gc,heap     ] GC(22) Old regions: 67->75
[2025-05-31T12:45:45.005+0000][gc,heap     ] GC(22) Archive regions: 2->2
[2025-05-31T12:45:45.005+0000][gc,heap     ] GC(22) Humongous regions: 147->147
[2025-05-31T12:45:45.005+0000][gc,metaspace] GC(22) Metaspace: 47659K(48448K)->47659K(48448K) NonClass: 42196K(42624K)->42196K(42624K) Class: 5463K(5824K)->5463K(5824K)
[2025-05-31T12:45:45.005+0000][gc          ] GC(22) Pause Young (Normal) (G1 Evacuation Pause) 371M->230M(1024M) 12.340ms
[2025-05-31T12:45:45.005+0000][gc,cpu      ] GC(22) User=0.06s Sys=0.03s Real=0.02s
[2025-05-31T13:08:47.030+0000][gc,start    ] GC(23) Pause Young (Normal) (G1 Evacuation Pause)
[2025-05-31T13:08:47.033+0000][gc,task     ] GC(23) Using 10 workers of 10 for evacuation
[2025-05-31T13:08:47.081+0000][gc,mmu      ] GC(23) MMU target violated: 21.0ms (20.0ms/21.0ms)
[2025-05-31T13:08:47.084+0000][gc,phases   ] GC(23)   Pre Evacuate Collection Set: 0.4ms
[2025-05-31T13:08:47.084+0000][gc,phases   ] GC(23)   Merge Heap Roots: 0.4ms
[2025-05-31T13:08:47.084+0000][gc,phases   ] GC(23)   Evacuate Collection Set: 35.0ms
[2025-05-31T13:08:47.084+0000][gc,phases   ] GC(23)   Post Evacuate Collection Set: 10.8ms
[2025-05-31T13:08:47.085+0000][gc,phases   ] GC(23)   Other: 6.8ms
[2025-05-31T13:08:47.086+0000][gc,heap     ] GC(23) Eden regions: 328->0(41)
[2025-05-31T13:08:47.086+0000][gc,heap     ] GC(23) Survivor regions: 8->10(42)
[2025-05-31T13:08:47.086+0000][gc,heap     ] GC(23) Old regions: 75->75
[2025-05-31T13:08:47.086+0000][gc,heap     ] GC(23) Archive regions: 2->2
[2025-05-31T13:08:47.087+0000][gc,heap     ] GC(23) Humongous regions: 147->147
[2025-05-31T13:08:47.089+0000][gc,metaspace] GC(23) Metaspace: 47699K(48448K)->47699K(48448K) NonClass: 42235K(42624K)->42235K(42624K) Class: 5463K(5824K)->5463K(5824K)
[2025-05-31T13:08:47.091+0000][gc          ] GC(23) Pause Young (Normal) (G1 Evacuation Pause) 558M->232M(1024M) 60.165ms
[2025-05-31T13:08:47.092+0000][gc,cpu      ] GC(23) User=0.09s Sys=0.03s Real=0.06s
[2025-05-31T13:12:32.277+0000][gc,start    ] GC(24) Pause Young (Normal) (G1 Evacuation Pause)
[2025-05-31T13:12:32.278+0000][gc,task     ] GC(24) Using 10 workers of 10 for evacuation
[2025-05-31T13:12:32.290+0000][gc,phases   ] GC(24)   Pre Evacuate Collection Set: 0.3ms
[2025-05-31T13:12:32.290+0000][gc,phases   ] GC(24)   Merge Heap Roots: 0.2ms
[2025-05-31T13:12:32.290+0000][gc,phases   ] GC(24)   Evacuate Collection Set: 8.5ms
[2025-05-31T13:12:32.290+0000][gc,phases   ] GC(24)   Post Evacuate Collection Set: 2.1ms
[2025-05-31T13:12:32.290+0000][gc,phases   ] GC(24)   Other: 1.8ms
[2025-05-31T13:12:32.290+0000][gc,heap     ] GC(24) Eden regions: 41->0(211)
[2025-05-31T13:12:32.290+0000][gc,heap     ] GC(24) Survivor regions: 10->3(7)
[2025-05-31T13:12:32.290+0000][gc,heap     ] GC(24) Old regions: 75->82
[2025-05-31T13:12:32.290+0000][gc,heap     ] GC(24) Archive regions: 2->2
[2025-05-31T13:12:32.290+0000][gc,heap     ] GC(24) Humongous regions: 147->147
[2025-05-31T13:12:32.291+0000][gc,metaspace] GC(24) Metaspace: 47703K(48448K)->47703K(48448K) NonClass: 42239K(42624K)->42239K(42624K) Class: 5463K(5824K)->5463K(5824K)
[2025-05-31T13:12:32.291+0000][gc          ] GC(24) Pause Young (Normal) (G1 Evacuation Pause) 273M->232M(1024M) 13.830ms
[2025-05-31T13:12:32.291+0000][gc,cpu      ] GC(24) User=0.04s Sys=0.03s Real=0.02s
[2025-05-31T13:40:08.505+0000][gc,start    ] GC(25) Pause Young (Normal) (G1 Evacuation Pause)
[2025-05-31T13:40:08.506+0000][gc,task     ] GC(25) Using 10 workers of 10 for evacuation
[2025-05-31T13:40:08.514+0000][gc,phases   ] GC(25)   Pre Evacuate Collection Set: 0.3ms
[2025-05-31T13:40:08.514+0000][gc,phases   ] GC(25)   Merge Heap Roots: 0.2ms
[2025-05-31T13:40:08.514+0000][gc,phases   ] GC(25)   Evacuate Collection Set: 6.7ms
[2025-05-31T13:40:08.514+0000][gc,phases   ] GC(25)   Post Evacuate Collection Set: 0.6ms
[2025-05-31T13:40:08.514+0000][gc,phases   ] GC(25)   Other: 1.1ms
[2025-05-31T13:40:08.514+0000][gc,heap     ] GC(25) Eden regions: 211->0(181)
[2025-05-31T13:40:08.515+0000][gc,heap     ] GC(25) Survivor regions: 3->8(27)
[2025-05-31T13:40:08.515+0000][gc,heap     ] GC(25) Old regions: 82->82
[2025-05-31T13:40:08.515+0000][gc,heap     ] GC(25) Archive regions: 2->2
[2025-05-31T13:40:08.515+0000][gc,heap     ] GC(25) Humongous regions: 147->147
[2025-05-31T13:40:08.515+0000][gc,metaspace] GC(25) Metaspace: 48727K(49600K)->48727K(49600K) NonClass: 43066K(43520K)->43066K(43520K) Class: 5660K(6080K)->5660K(6080K)
[2025-05-31T13:40:08.515+0000][gc          ] GC(25) Pause Young (Normal) (G1 Evacuation Pause) 443M->237M(1024M) 9.909ms
[2025-05-31T13:40:08.515+0000][gc,cpu      ] GC(25) User=0.06s Sys=0.00s Real=0.01s
[2025-05-31T13:40:08.745+0000][gc,heap,exit] Heap
[2025-05-31T13:40:08.745+0000][gc,heap,exit]  garbage-first heap   total 1048576K, used 249558K [0x00000000c0000000, 0x0000000100000000)
[2025-05-31T13:40:08.745+0000][gc,heap,exit]   region size 1024K, 14 young (14336K), 8 survivors (8192K)
[2025-05-31T13:40:08.746+0000][gc,heap,exit]  Metaspace       used 48864K, committed 49664K, reserved 1114112K
[2025-05-31T13:40:08.746+0000][gc,heap,exit]   class space    used 5697K, committed 6080K, reserved 1048576K
