[2025-05-28T18:36:10.173+0000][gc] Using G1
[2025-05-28T18:36:10.182+0000][gc,init] Version: 17.0.8.1+1-Ubuntu-0ubuntu122.04 (release)
[2025-05-28T18:36:10.182+0000][gc,init] CPUs: 12 total, 12 available
[2025-05-28T18:36:10.182+0000][gc,init] Memory: 10950M
[2025-05-28T18:36:10.183+0000][gc,init] Large Page Support: Disabled
[2025-05-28T18:36:10.183+0000][gc,init] NUMA Support: Disabled
[2025-05-28T18:36:10.183+0000][gc,init] Compressed Oops: Enabled (32-bit)
[2025-05-28T18:36:10.183+0000][gc,init] Heap Region Size: 1M
[2025-05-28T18:36:10.183+0000][gc,init] Heap Min Capacity: 1G
[2025-05-28T18:36:10.183+0000][gc,init] Heap Initial Capacity: 1G
[2025-05-28T18:36:10.183+0000][gc,init] Heap Max Capacity: 1G
[2025-05-28T18:36:10.183+0000][gc,init] Pre-touch: Disabled
[2025-05-28T18:36:10.183+0000][gc,init] Parallel Workers: 10
[2025-05-28T18:36:10.183+0000][gc,init] Concurrent Workers: 3
[2025-05-28T18:36:10.183+0000][gc,init] Concurrent Refinement Workers: 10
[2025-05-28T18:36:10.183+0000][gc,init] Periodic GC: Disabled
[2025-05-28T18:36:10.190+0000][gc,metaspace] CDS archive(s) mapped at: [0x00007f856b000000-0x00007f856bbeb000-0x00007f856bbeb000), size 12496896, SharedBaseAddress: 0x00007f856b000000, ArchiveRelocationMode: 1.
[2025-05-28T18:36:10.190+0000][gc,metaspace] Compressed class space mapped at: 0x00007f856c000000-0x00007f85ac000000, reserved size: 1073741824
[2025-05-28T18:36:10.191+0000][gc,metaspace] Narrow klass base: 0x00007f856b000000, Narrow klass shift: 0, Narrow klass range: 0x100000000
[2025-05-28T18:36:11.443+0000][gc,start    ] GC(0) Pause Young (Normal) (G1 Evacuation Pause)
[2025-05-28T18:36:11.444+0000][gc,task     ] GC(0) Using 10 workers of 10 for evacuation
[2025-05-28T18:36:11.451+0000][gc,phases   ] GC(0)   Pre Evacuate Collection Set: 0.1ms
[2025-05-28T18:36:11.451+0000][gc,phases   ] GC(0)   Merge Heap Roots: 0.1ms
[2025-05-28T18:36:11.451+0000][gc,phases   ] GC(0)   Evacuate Collection Set: 5.9ms
[2025-05-28T18:36:11.451+0000][gc,phases   ] GC(0)   Post Evacuate Collection Set: 0.5ms
[2025-05-28T18:36:11.451+0000][gc,phases   ] GC(0)   Other: 1.5ms
[2025-05-28T18:36:11.451+0000][gc,heap     ] GC(0) Eden regions: 51->0(44)
[2025-05-28T18:36:11.451+0000][gc,heap     ] GC(0) Survivor regions: 0->7(7)
[2025-05-28T18:36:11.452+0000][gc,heap     ] GC(0) Old regions: 0->1
[2025-05-28T18:36:11.452+0000][gc,heap     ] GC(0) Archive regions: 2->2
[2025-05-28T18:36:11.452+0000][gc,heap     ] GC(0) Humongous regions: 0->0
[2025-05-28T18:36:11.452+0000][gc,metaspace] GC(0) Metaspace: 17063K(17280K)->17063K(17280K) NonClass: 14991K(15104K)->14991K(15104K) Class: 2071K(2176K)->2071K(2176K)
[2025-05-28T18:36:11.452+0000][gc          ] GC(0) Pause Young (Normal) (G1 Evacuation Pause) 51M->8M(1024M) 9.342ms
[2025-05-28T18:36:11.452+0000][gc,cpu      ] GC(0) User=0.04s Sys=0.02s Real=0.01s
[2025-05-28T18:36:11.692+0000][gc,start    ] GC(1) Pause Young (Concurrent Start) (Metadata GC Threshold)
[2025-05-28T18:36:11.692+0000][gc,task     ] GC(1) Using 10 workers of 10 for evacuation
[2025-05-28T18:36:11.700+0000][gc,phases   ] GC(1)   Pre Evacuate Collection Set: 0.2ms
[2025-05-28T18:36:11.700+0000][gc,phases   ] GC(1)   Merge Heap Roots: 0.1ms
[2025-05-28T18:36:11.700+0000][gc,phases   ] GC(1)   Evacuate Collection Set: 6.7ms
[2025-05-28T18:36:11.700+0000][gc,phases   ] GC(1)   Post Evacuate Collection Set: 0.5ms
[2025-05-28T18:36:11.700+0000][gc,phases   ] GC(1)   Other: 0.5ms
[2025-05-28T18:36:11.700+0000][gc,heap     ] GC(1) Eden regions: 14->0(49)
[2025-05-28T18:36:11.700+0000][gc,heap     ] GC(1) Survivor regions: 7->2(7)
[2025-05-28T18:36:11.701+0000][gc,heap     ] GC(1) Old regions: 1->8
[2025-05-28T18:36:11.701+0000][gc,heap     ] GC(1) Archive regions: 2->2
[2025-05-28T18:36:11.701+0000][gc,heap     ] GC(1) Humongous regions: 0->0
[2025-05-28T18:36:11.701+0000][gc,metaspace] GC(1) Metaspace: 21311K(21504K)->21311K(21504K) NonClass: 18664K(18752K)->18664K(18752K) Class: 2647K(2752K)->2647K(2752K)
[2025-05-28T18:36:11.701+0000][gc          ] GC(1) Pause Young (Concurrent Start) (Metadata GC Threshold) 22M->10M(1024M) 8.723ms
[2025-05-28T18:36:11.701+0000][gc,cpu      ] GC(1) User=0.05s Sys=0.02s Real=0.01s
[2025-05-28T18:36:11.701+0000][gc          ] GC(2) Concurrent Mark Cycle
[2025-05-28T18:36:11.701+0000][gc,marking  ] GC(2) Concurrent Clear Claimed Marks
[2025-05-28T18:36:11.702+0000][gc,marking  ] GC(2) Concurrent Clear Claimed Marks 0.199ms
[2025-05-28T18:36:11.702+0000][gc,marking  ] GC(2) Concurrent Scan Root Regions
[2025-05-28T18:36:11.704+0000][gc,marking  ] GC(2) Concurrent Scan Root Regions 2.205ms
[2025-05-28T18:36:11.704+0000][gc,marking  ] GC(2) Concurrent Mark
[2025-05-28T18:36:11.704+0000][gc,marking  ] GC(2) Concurrent Mark From Roots
[2025-05-28T18:36:11.704+0000][gc,task     ] GC(2) Using 3 workers of 3 for marking
[2025-05-28T18:36:11.707+0000][gc,marking  ] GC(2) Concurrent Mark From Roots 2.585ms
[2025-05-28T18:36:11.707+0000][gc,marking  ] GC(2) Concurrent Preclean
[2025-05-28T18:36:11.707+0000][gc,marking  ] GC(2) Concurrent Preclean 0.241ms
[2025-05-28T18:36:11.708+0000][gc,start    ] GC(2) Pause Remark
[2025-05-28T18:36:11.710+0000][gc          ] GC(2) Pause Remark 10M->10M(1024M) 1.969ms
[2025-05-28T18:36:11.710+0000][gc,cpu      ] GC(2) User=0.01s Sys=0.00s Real=0.01s
[2025-05-28T18:36:11.710+0000][gc,marking  ] GC(2) Concurrent Mark 5.812ms
[2025-05-28T18:36:11.710+0000][gc,marking  ] GC(2) Concurrent Rebuild Remembered Sets
[2025-05-28T18:36:11.712+0000][gc,marking  ] GC(2) Concurrent Rebuild Remembered Sets 2.256ms
[2025-05-28T18:36:11.713+0000][gc,start    ] GC(2) Pause Cleanup
[2025-05-28T18:36:11.713+0000][gc          ] GC(2) Pause Cleanup 10M->10M(1024M) 0.342ms
[2025-05-28T18:36:11.713+0000][gc,cpu      ] GC(2) User=0.00s Sys=0.00s Real=0.00s
[2025-05-28T18:36:11.714+0000][gc,marking  ] GC(2) Concurrent Cleanup for Next Mark
[2025-05-28T18:36:11.718+0000][gc,marking  ] GC(2) Concurrent Cleanup for Next Mark 3.413ms
[2025-05-28T18:36:11.718+0000][gc          ] GC(2) Concurrent Mark Cycle 16.604ms
[2025-05-28T18:36:12.668+0000][gc,start    ] GC(3) Pause Young (Normal) (G1 Evacuation Pause)
[2025-05-28T18:36:12.668+0000][gc,task     ] GC(3) Using 10 workers of 10 for evacuation
[2025-05-28T18:36:12.674+0000][gc,phases   ] GC(3)   Pre Evacuate Collection Set: 0.4ms
[2025-05-28T18:36:12.674+0000][gc,phases   ] GC(3)   Merge Heap Roots: 0.2ms
[2025-05-28T18:36:12.674+0000][gc,phases   ] GC(3)   Evacuate Collection Set: 4.3ms
[2025-05-28T18:36:12.674+0000][gc,phases   ] GC(3)   Post Evacuate Collection Set: 0.9ms
[2025-05-28T18:36:12.675+0000][gc,phases   ] GC(3)   Other: 0.4ms
[2025-05-28T18:36:12.675+0000][gc,heap     ] GC(3) Eden regions: 49->0(45)
[2025-05-28T18:36:12.675+0000][gc,heap     ] GC(3) Survivor regions: 2->6(7)
[2025-05-28T18:36:12.675+0000][gc,heap     ] GC(3) Old regions: 8->8
[2025-05-28T18:36:12.675+0000][gc,heap     ] GC(3) Archive regions: 2->2
[2025-05-28T18:36:12.675+0000][gc,heap     ] GC(3) Humongous regions: 0->0
[2025-05-28T18:36:12.675+0000][gc,metaspace] GC(3) Metaspace: 32786K(33088K)->32786K(33088K) NonClass: 28956K(29120K)->28956K(29120K) Class: 3829K(3968K)->3829K(3968K)
[2025-05-28T18:36:12.675+0000][gc          ] GC(3) Pause Young (Normal) (G1 Evacuation Pause) 59M->14M(1024M) 6.975ms
[2025-05-28T18:36:12.675+0000][gc,cpu      ] GC(3) User=0.04s Sys=0.00s Real=0.01s
[2025-05-28T18:36:12.978+0000][gc,start    ] GC(4) Pause Young (Concurrent Start) (Metadata GC Threshold)
[2025-05-28T18:36:12.978+0000][gc,task     ] GC(4) Using 10 workers of 10 for evacuation
[2025-05-28T18:36:12.987+0000][gc,phases   ] GC(4)   Pre Evacuate Collection Set: 0.3ms
[2025-05-28T18:36:12.987+0000][gc,phases   ] GC(4)   Merge Heap Roots: 0.1ms
[2025-05-28T18:36:12.988+0000][gc,phases   ] GC(4)   Evacuate Collection Set: 7.2ms
[2025-05-28T18:36:12.988+0000][gc,phases   ] GC(4)   Post Evacuate Collection Set: 1.0ms
[2025-05-28T18:36:12.988+0000][gc,phases   ] GC(4)   Other: 0.5ms
[2025-05-28T18:36:12.988+0000][gc,heap     ] GC(4) Eden regions: 18->0(49)
[2025-05-28T18:36:12.988+0000][gc,heap     ] GC(4) Survivor regions: 6->2(7)
[2025-05-28T18:36:12.988+0000][gc,heap     ] GC(4) Old regions: 8->14
[2025-05-28T18:36:12.989+0000][gc,heap     ] GC(4) Archive regions: 2->2
[2025-05-28T18:36:12.989+0000][gc,heap     ] GC(4) Humongous regions: 9->9
[2025-05-28T18:36:12.989+0000][gc,metaspace] GC(4) Metaspace: 35611K(36096K)->35611K(36096K) NonClass: 31436K(31680K)->31436K(31680K) Class: 4174K(4416K)->4174K(4416K)
[2025-05-28T18:36:12.989+0000][gc          ] GC(4) Pause Young (Concurrent Start) (Metadata GC Threshold) 41M->25M(1024M) 11.060ms
[2025-05-28T18:36:12.989+0000][gc,cpu      ] GC(4) User=0.05s Sys=0.02s Real=0.02s
[2025-05-28T18:36:12.990+0000][gc          ] GC(5) Concurrent Mark Cycle
[2025-05-28T18:36:12.990+0000][gc,marking  ] GC(5) Concurrent Clear Claimed Marks
[2025-05-28T18:36:12.990+0000][gc,marking  ] GC(5) Concurrent Clear Claimed Marks 0.259ms
[2025-05-28T18:36:12.990+0000][gc,marking  ] GC(5) Concurrent Scan Root Regions
[2025-05-28T18:36:12.993+0000][gc,marking  ] GC(5) Concurrent Scan Root Regions 2.766ms
[2025-05-28T18:36:12.993+0000][gc,marking  ] GC(5) Concurrent Mark
[2025-05-28T18:36:12.993+0000][gc,marking  ] GC(5) Concurrent Mark From Roots
[2025-05-28T18:36:12.993+0000][gc,task     ] GC(5) Using 3 workers of 3 for marking
[2025-05-28T18:36:13.000+0000][gc,marking  ] GC(5) Concurrent Mark From Roots 7.042ms
[2025-05-28T18:36:13.001+0000][gc,marking  ] GC(5) Concurrent Preclean
[2025-05-28T18:36:13.001+0000][gc,marking  ] GC(5) Concurrent Preclean 0.411ms
[2025-05-28T18:36:13.002+0000][gc,start    ] GC(5) Pause Remark
[2025-05-28T18:36:13.004+0000][gc          ] GC(5) Pause Remark 27M->27M(1024M) 2.636ms
[2025-05-28T18:36:13.005+0000][gc,cpu      ] GC(5) User=0.01s Sys=0.00s Real=0.00s
[2025-05-28T18:36:13.005+0000][gc,marking  ] GC(5) Concurrent Mark 11.652ms
[2025-05-28T18:36:13.005+0000][gc,marking  ] GC(5) Concurrent Rebuild Remembered Sets
[2025-05-28T18:36:13.011+0000][gc,marking  ] GC(5) Concurrent Rebuild Remembered Sets 6.001ms
[2025-05-28T18:36:13.015+0000][gc,start    ] GC(5) Pause Cleanup
[2025-05-28T18:36:13.017+0000][gc          ] GC(5) Pause Cleanup 27M->27M(1024M) 1.765ms
[2025-05-28T18:36:13.017+0000][gc,cpu      ] GC(5) User=0.00s Sys=0.00s Real=0.00s
[2025-05-28T18:36:13.018+0000][gc,marking  ] GC(5) Concurrent Cleanup for Next Mark
[2025-05-28T18:36:13.044+0000][gc,marking  ] GC(5) Concurrent Cleanup for Next Mark 25.076ms
[2025-05-28T18:36:13.044+0000][gc          ] GC(5) Concurrent Mark Cycle 54.760ms
[2025-05-28T18:36:13.759+0000][gc,start    ] GC(6) Pause Young (Normal) (G1 Evacuation Pause)
[2025-05-28T18:36:13.759+0000][gc,task     ] GC(6) Using 10 workers of 10 for evacuation
[2025-05-28T18:36:13.766+0000][gc,phases   ] GC(6)   Pre Evacuate Collection Set: 0.2ms
[2025-05-28T18:36:13.766+0000][gc,phases   ] GC(6)   Merge Heap Roots: 0.1ms
[2025-05-28T18:36:13.766+0000][gc,phases   ] GC(6)   Evacuate Collection Set: 5.6ms
[2025-05-28T18:36:13.766+0000][gc,phases   ] GC(6)   Post Evacuate Collection Set: 0.7ms
[2025-05-28T18:36:13.766+0000][gc,phases   ] GC(6)   Other: 1.3ms
[2025-05-28T18:36:13.766+0000][gc,heap     ] GC(6) Eden regions: 49->0(44)
[2025-05-28T18:36:13.766+0000][gc,heap     ] GC(6) Survivor regions: 2->7(7)
[2025-05-28T18:36:13.766+0000][gc,heap     ] GC(6) Old regions: 14->16
[2025-05-28T18:36:13.767+0000][gc,heap     ] GC(6) Archive regions: 2->2
[2025-05-28T18:36:13.767+0000][gc,heap     ] GC(6) Humongous regions: 138->138
[2025-05-28T18:36:13.767+0000][gc,metaspace] GC(6) Metaspace: 43026K(43776K)->43026K(43776K) NonClass: 37916K(38336K)->37916K(38336K) Class: 5110K(5440K)->5110K(5440K)
[2025-05-28T18:36:13.767+0000][gc          ] GC(6) Pause Young (Normal) (G1 Evacuation Pause) 203M->161M(1024M) 7.950ms
[2025-05-28T18:36:13.767+0000][gc,cpu      ] GC(6) User=0.04s Sys=0.01s Real=0.00s
[2025-05-28T18:38:27.864+0000][gc,start    ] GC(7) Pause Young (Normal) (G1 Evacuation Pause)
[2025-05-28T18:38:27.865+0000][gc,task     ] GC(7) Using 10 workers of 10 for evacuation
[2025-05-28T18:38:27.876+0000][gc,phases   ] GC(7)   Pre Evacuate Collection Set: 0.2ms
[2025-05-28T18:38:27.877+0000][gc,phases   ] GC(7)   Merge Heap Roots: 0.1ms
[2025-05-28T18:38:27.877+0000][gc,phases   ] GC(7)   Evacuate Collection Set: 10.0ms
[2025-05-28T18:38:27.877+0000][gc,phases   ] GC(7)   Post Evacuate Collection Set: 0.9ms
[2025-05-28T18:38:27.877+0000][gc,phases   ] GC(7)   Other: 0.6ms
[2025-05-28T18:38:27.877+0000][gc,heap     ] GC(7) Eden regions: 44->0(48)
[2025-05-28T18:38:27.877+0000][gc,heap     ] GC(7) Survivor regions: 7->3(7)
[2025-05-28T18:38:27.877+0000][gc,heap     ] GC(7) Old regions: 16->23
[2025-05-28T18:38:27.877+0000][gc,heap     ] GC(7) Archive regions: 2->2
[2025-05-28T18:38:27.877+0000][gc,heap     ] GC(7) Humongous regions: 138->138
[2025-05-28T18:38:27.877+0000][gc,metaspace] GC(7) Metaspace: 46784K(47744K)->46784K(47744K) NonClass: 41246K(41728K)->41246K(41728K) Class: 5537K(6016K)->5537K(6016K)
[2025-05-28T18:38:27.877+0000][gc          ] GC(7) Pause Young (Normal) (G1 Evacuation Pause) 205M->163M(1024M) 12.938ms
[2025-05-28T18:38:27.877+0000][gc,cpu      ] GC(7) User=0.05s Sys=0.05s Real=0.01s
[2025-05-28T18:43:29.123+0000][gc,start    ] GC(8) Pause Young (Normal) (G1 Evacuation Pause)
[2025-05-28T18:43:29.124+0000][gc,task     ] GC(8) Using 10 workers of 10 for evacuation
[2025-05-28T18:43:29.133+0000][gc,phases   ] GC(8)   Pre Evacuate Collection Set: 0.2ms
[2025-05-28T18:43:29.133+0000][gc,phases   ] GC(8)   Merge Heap Roots: 0.1ms
[2025-05-28T18:43:29.133+0000][gc,phases   ] GC(8)   Evacuate Collection Set: 8.2ms
[2025-05-28T18:43:29.133+0000][gc,phases   ] GC(8)   Post Evacuate Collection Set: 0.6ms
[2025-05-28T18:43:29.133+0000][gc,phases   ] GC(8)   Other: 0.4ms
[2025-05-28T18:43:29.133+0000][gc,heap     ] GC(8) Eden regions: 48->0(47)
[2025-05-28T18:43:29.133+0000][gc,heap     ] GC(8) Survivor regions: 3->4(7)
[2025-05-28T18:43:29.134+0000][gc,heap     ] GC(8) Old regions: 23->23
[2025-05-28T18:43:29.134+0000][gc,heap     ] GC(8) Archive regions: 2->2
[2025-05-28T18:43:29.134+0000][gc,heap     ] GC(8) Humongous regions: 138->138
[2025-05-28T18:43:29.134+0000][gc,metaspace] GC(8) Metaspace: 47374K(48320K)->47374K(48320K) NonClass: 41836K(42304K)->41836K(42304K) Class: 5537K(6016K)->5537K(6016K)
[2025-05-28T18:43:29.134+0000][gc          ] GC(8) Pause Young (Normal) (G1 Evacuation Pause) 211M->164M(1024M) 10.448ms
[2025-05-28T18:43:29.134+0000][gc,cpu      ] GC(8) User=0.03s Sys=0.00s Real=0.01s
[2025-05-28T18:49:04.555+0000][gc,start    ] GC(9) Pause Young (Normal) (G1 Evacuation Pause)
[2025-05-28T18:49:04.555+0000][gc,task     ] GC(9) Using 10 workers of 10 for evacuation
[2025-05-28T18:49:04.560+0000][gc,phases   ] GC(9)   Pre Evacuate Collection Set: 0.3ms
[2025-05-28T18:49:04.560+0000][gc,phases   ] GC(9)   Merge Heap Roots: 0.1ms
[2025-05-28T18:49:04.560+0000][gc,phases   ] GC(9)   Evacuate Collection Set: 2.9ms
[2025-05-28T18:49:04.560+0000][gc,phases   ] GC(9)   Post Evacuate Collection Set: 1.4ms
[2025-05-28T18:49:04.560+0000][gc,phases   ] GC(9)   Other: 0.5ms
[2025-05-28T18:49:04.560+0000][gc,heap     ] GC(9) Eden regions: 47->0(51)
[2025-05-28T18:49:04.560+0000][gc,heap     ] GC(9) Survivor regions: 4->4(7)
[2025-05-28T18:49:04.560+0000][gc,heap     ] GC(9) Old regions: 23->23
[2025-05-28T18:49:04.560+0000][gc,heap     ] GC(9) Archive regions: 2->2
[2025-05-28T18:49:04.560+0000][gc,heap     ] GC(9) Humongous regions: 138->138
[2025-05-28T18:49:04.561+0000][gc,metaspace] GC(9) Metaspace: 47593K(48512K)->47593K(48512K) NonClass: 42053K(42496K)->42053K(42496K) Class: 5540K(6016K)->5540K(6016K)
[2025-05-28T18:49:04.561+0000][gc          ] GC(9) Pause Young (Normal) (G1 Evacuation Pause) 211M->165M(1024M) 6.363ms
[2025-05-28T18:49:04.561+0000][gc,cpu      ] GC(9) User=0.02s Sys=0.00s Real=0.00s
[2025-05-28T18:52:11.441+0000][gc,start    ] GC(10) Pause Young (Normal) (G1 Evacuation Pause)
[2025-05-28T18:52:11.441+0000][gc,task     ] GC(10) Using 10 workers of 10 for evacuation
[2025-05-28T18:52:11.446+0000][gc,phases   ] GC(10)   Pre Evacuate Collection Set: 0.2ms
[2025-05-28T18:52:11.446+0000][gc,phases   ] GC(10)   Merge Heap Roots: 0.1ms
[2025-05-28T18:52:11.446+0000][gc,phases   ] GC(10)   Evacuate Collection Set: 4.1ms
[2025-05-28T18:52:11.446+0000][gc,phases   ] GC(10)   Post Evacuate Collection Set: 0.6ms
[2025-05-28T18:52:11.446+0000][gc,phases   ] GC(10)   Other: 0.4ms
[2025-05-28T18:52:11.447+0000][gc,heap     ] GC(10) Eden regions: 51->0(79)
[2025-05-28T18:52:11.447+0000][gc,heap     ] GC(10) Survivor regions: 4->4(7)
[2025-05-28T18:52:11.447+0000][gc,heap     ] GC(10) Old regions: 23->24
[2025-05-28T18:52:11.447+0000][gc,heap     ] GC(10) Archive regions: 2->2
[2025-05-28T18:52:11.447+0000][gc,heap     ] GC(10) Humongous regions: 138->138
[2025-05-28T18:52:11.447+0000][gc,metaspace] GC(10) Metaspace: 47754K(48704K)->47754K(48704K) NonClass: 42213K(42688K)->42213K(42688K) Class: 5541K(6016K)->5541K(6016K)
[2025-05-28T18:52:11.447+0000][gc          ] GC(10) Pause Young (Normal) (G1 Evacuation Pause) 216M->166M(1024M) 6.443ms
[2025-05-28T18:52:11.447+0000][gc,cpu      ] GC(10) User=0.02s Sys=0.01s Real=0.01s
[2025-05-28T19:01:13.832+0000][gc,start    ] GC(11) Pause Young (Normal) (G1 Evacuation Pause)
[2025-05-28T19:01:13.832+0000][gc,task     ] GC(11) Using 10 workers of 10 for evacuation
[2025-05-28T19:01:13.838+0000][gc,phases   ] GC(11)   Pre Evacuate Collection Set: 0.2ms
[2025-05-28T19:01:13.838+0000][gc,phases   ] GC(11)   Merge Heap Roots: 0.1ms
[2025-05-28T19:01:13.838+0000][gc,phases   ] GC(11)   Evacuate Collection Set: 4.4ms
[2025-05-28T19:01:13.838+0000][gc,phases   ] GC(11)   Post Evacuate Collection Set: 0.4ms
[2025-05-28T19:01:13.838+0000][gc,phases   ] GC(11)   Other: 0.5ms
[2025-05-28T19:01:13.838+0000][gc,heap     ] GC(11) Eden regions: 79->0(124)
[2025-05-28T19:01:13.838+0000][gc,heap     ] GC(11) Survivor regions: 4->5(11)
[2025-05-28T19:01:13.838+0000][gc,heap     ] GC(11) Old regions: 24->24
[2025-05-28T19:01:13.838+0000][gc,heap     ] GC(11) Archive regions: 2->2
[2025-05-28T19:01:13.838+0000][gc,heap     ] GC(11) Humongous regions: 138->138
[2025-05-28T19:01:13.838+0000][gc,metaspace] GC(11) Metaspace: 47889K(48832K)->47889K(48832K) NonClass: 42345K(42816K)->42345K(42816K) Class: 5543K(6016K)->5543K(6016K)
[2025-05-28T19:01:13.839+0000][gc          ] GC(11) Pause Young (Normal) (G1 Evacuation Pause) 245M->167M(1024M) 6.557ms
[2025-05-28T19:01:13.839+0000][gc,cpu      ] GC(11) User=0.02s Sys=0.02s Real=0.01s
[2025-05-28T19:14:56.580+0000][gc,start    ] GC(12) Pause Young (Normal) (G1 Evacuation Pause)
[2025-05-28T19:14:56.580+0000][gc,task     ] GC(12) Using 10 workers of 10 for evacuation
[2025-05-28T19:14:56.587+0000][gc,phases   ] GC(12)   Pre Evacuate Collection Set: 0.2ms
[2025-05-28T19:14:56.587+0000][gc,phases   ] GC(12)   Merge Heap Roots: 0.1ms
[2025-05-28T19:14:56.587+0000][gc,phases   ] GC(12)   Evacuate Collection Set: 5.7ms
[2025-05-28T19:14:56.587+0000][gc,phases   ] GC(12)   Post Evacuate Collection Set: 0.4ms
[2025-05-28T19:14:56.587+0000][gc,phases   ] GC(12)   Other: 0.5ms
[2025-05-28T19:14:56.587+0000][gc,heap     ] GC(12) Eden regions: 124->0(148)
[2025-05-28T19:14:56.587+0000][gc,heap     ] GC(12) Survivor regions: 5->8(17)
[2025-05-28T19:14:56.587+0000][gc,heap     ] GC(12) Old regions: 24->24
[2025-05-28T19:14:56.587+0000][gc,heap     ] GC(12) Archive regions: 2->2
[2025-05-28T19:14:56.587+0000][gc,heap     ] GC(12) Humongous regions: 138->138
[2025-05-28T19:14:56.587+0000][gc,metaspace] GC(12) Metaspace: 47981K(48960K)->47981K(48960K) NonClass: 42435K(42944K)->42435K(42944K) Class: 5545K(6016K)->5545K(6016K)
[2025-05-28T19:14:56.588+0000][gc          ] GC(12) Pause Young (Normal) (G1 Evacuation Pause) 291M->169M(1024M) 7.727ms
[2025-05-28T19:14:56.588+0000][gc,cpu      ] GC(12) User=0.04s Sys=0.02s Real=0.01s
[2025-05-28T19:19:28.694+0000][gc,heap,exit] Heap
[2025-05-28T19:19:28.694+0000][gc,heap,exit]  garbage-first heap   total 1048576K, used 218953K [0x00000000c0000000, 0x0000000100000000)
[2025-05-28T19:19:28.696+0000][gc,heap,exit]   region size 1024K, 53 young (54272K), 8 survivors (8192K)
[2025-05-28T19:19:28.700+0000][gc,heap,exit]  Metaspace       used 48687K, committed 49600K, reserved 1114112K
[2025-05-28T19:19:28.700+0000][gc,heap,exit]   class space    used 5698K, committed 6144K, reserved 1048576K
