[2025-05-28T17:36:55.856+0000][gc] Using G1
[2025-05-28T17:36:55.865+0000][gc,init] Version: 17.0.8.1+1-Ubuntu-0ubuntu122.04 (release)
[2025-05-28T17:36:55.865+0000][gc,init] CPUs: 12 total, 12 available
[2025-05-28T17:36:55.865+0000][gc,init] Memory: 10950M
[2025-05-28T17:36:55.865+0000][gc,init] Large Page Support: Disabled
[2025-05-28T17:36:55.865+0000][gc,init] NUMA Support: Disabled
[2025-05-28T17:36:55.865+0000][gc,init] Compressed Oops: Enabled (32-bit)
[2025-05-28T17:36:55.865+0000][gc,init] Heap Region Size: 1M
[2025-05-28T17:36:55.866+0000][gc,init] Heap Min Capacity: 1G
[2025-05-28T17:36:55.866+0000][gc,init] Heap Initial Capacity: 1G
[2025-05-28T17:36:55.866+0000][gc,init] Heap Max Capacity: 1G
[2025-05-28T17:36:55.866+0000][gc,init] Pre-touch: Disabled
[2025-05-28T17:36:55.866+0000][gc,init] Parallel Workers: 10
[2025-05-28T17:36:55.866+0000][gc,init] Concurrent Workers: 3
[2025-05-28T17:36:55.866+0000][gc,init] Concurrent Refinement Workers: 10
[2025-05-28T17:36:55.866+0000][gc,init] Periodic GC: Disabled
[2025-05-28T17:36:55.872+0000][gc,metaspace] CDS archive(s) mapped at: [0x00007f9843000000-0x00007f9843beb000-0x00007f9843beb000), size 12496896, SharedBaseAddress: 0x00007f9843000000, ArchiveRelocationMode: 1.
[2025-05-28T17:36:55.873+0000][gc,metaspace] Compressed class space mapped at: 0x00007f9844000000-0x00007f9884000000, reserved size: 1073741824
[2025-05-28T17:36:55.873+0000][gc,metaspace] Narrow klass base: 0x00007f9843000000, Narrow klass shift: 0, Narrow klass range: 0x100000000
[2025-05-28T17:36:56.739+0000][gc,start    ] GC(0) Pause Young (Normal) (G1 Evacuation Pause)
[2025-05-28T17:36:56.740+0000][gc,task     ] GC(0) Using 10 workers of 10 for evacuation
[2025-05-28T17:36:56.744+0000][gc,phases   ] GC(0)   Pre Evacuate Collection Set: 0.2ms
[2025-05-28T17:36:56.744+0000][gc,phases   ] GC(0)   Merge Heap Roots: 0.1ms
[2025-05-28T17:36:56.744+0000][gc,phases   ] GC(0)   Evacuate Collection Set: 3.2ms
[2025-05-28T17:36:56.745+0000][gc,phases   ] GC(0)   Post Evacuate Collection Set: 0.6ms
[2025-05-28T17:36:56.745+0000][gc,phases   ] GC(0)   Other: 1.5ms
[2025-05-28T17:36:56.745+0000][gc,heap     ] GC(0) Eden regions: 51->0(44)
[2025-05-28T17:36:56.745+0000][gc,heap     ] GC(0) Survivor regions: 0->7(7)
[2025-05-28T17:36:56.745+0000][gc,heap     ] GC(0) Old regions: 0->2
[2025-05-28T17:36:56.745+0000][gc,heap     ] GC(0) Archive regions: 2->2
[2025-05-28T17:36:56.745+0000][gc,heap     ] GC(0) Humongous regions: 0->0
[2025-05-28T17:36:56.745+0000][gc,metaspace] GC(0) Metaspace: 17041K(17280K)->17041K(17280K) NonClass: 14973K(15104K)->14973K(15104K) Class: 2068K(2176K)->2068K(2176K)
[2025-05-28T17:36:56.746+0000][gc          ] GC(0) Pause Young (Normal) (G1 Evacuation Pause) 51M->9M(1024M) 6.517ms
[2025-05-28T17:36:56.747+0000][gc,cpu      ] GC(0) User=0.03s Sys=0.01s Real=0.00s
[2025-05-28T17:36:57.000+0000][gc,start    ] GC(1) Pause Young (Concurrent Start) (Metadata GC Threshold)
[2025-05-28T17:36:57.000+0000][gc,task     ] GC(1) Using 10 workers of 10 for evacuation
[2025-05-28T17:36:57.004+0000][gc,phases   ] GC(1)   Pre Evacuate Collection Set: 0.2ms
[2025-05-28T17:36:57.005+0000][gc,phases   ] GC(1)   Merge Heap Roots: 0.1ms
[2025-05-28T17:36:57.005+0000][gc,phases   ] GC(1)   Evacuate Collection Set: 3.2ms
[2025-05-28T17:36:57.005+0000][gc,phases   ] GC(1)   Post Evacuate Collection Set: 0.5ms
[2025-05-28T17:36:57.005+0000][gc,phases   ] GC(1)   Other: 0.4ms
[2025-05-28T17:36:57.005+0000][gc,heap     ] GC(1) Eden regions: 14->0(49)
[2025-05-28T17:36:57.005+0000][gc,heap     ] GC(1) Survivor regions: 7->2(7)
[2025-05-28T17:36:57.005+0000][gc,heap     ] GC(1) Old regions: 2->8
[2025-05-28T17:36:57.005+0000][gc,heap     ] GC(1) Archive regions: 2->2
[2025-05-28T17:36:57.005+0000][gc,heap     ] GC(1) Humongous regions: 0->0
[2025-05-28T17:36:57.005+0000][gc,metaspace] GC(1) Metaspace: 21309K(21504K)->21309K(21504K) NonClass: 18657K(18752K)->18657K(18752K) Class: 2652K(2752K)->2652K(2752K)
[2025-05-28T17:36:57.005+0000][gc          ] GC(1) Pause Young (Concurrent Start) (Metadata GC Threshold) 23M->9M(1024M) 5.245ms
[2025-05-28T17:36:57.005+0000][gc,cpu      ] GC(1) User=0.03s Sys=0.01s Real=0.00s
[2025-05-28T17:36:57.006+0000][gc          ] GC(2) Concurrent Mark Cycle
[2025-05-28T17:36:57.007+0000][gc,marking  ] GC(2) Concurrent Clear Claimed Marks
[2025-05-28T17:36:57.007+0000][gc,marking  ] GC(2) Concurrent Clear Claimed Marks 0.362ms
[2025-05-28T17:36:57.007+0000][gc,marking  ] GC(2) Concurrent Scan Root Regions
[2025-05-28T17:36:57.010+0000][gc,marking  ] GC(2) Concurrent Scan Root Regions 2.138ms
[2025-05-28T17:36:57.010+0000][gc,marking  ] GC(2) Concurrent Mark
[2025-05-28T17:36:57.010+0000][gc,marking  ] GC(2) Concurrent Mark From Roots
[2025-05-28T17:36:57.010+0000][gc,task     ] GC(2) Using 3 workers of 3 for marking
[2025-05-28T17:36:57.014+0000][gc,marking  ] GC(2) Concurrent Mark From Roots 3.797ms
[2025-05-28T17:36:57.014+0000][gc,marking  ] GC(2) Concurrent Preclean
[2025-05-28T17:36:57.014+0000][gc,marking  ] GC(2) Concurrent Preclean 0.388ms
[2025-05-28T17:36:57.015+0000][gc,start    ] GC(2) Pause Remark
[2025-05-28T17:36:57.017+0000][gc          ] GC(2) Pause Remark 10M->10M(1024M) 2.331ms
[2025-05-28T17:36:57.017+0000][gc,cpu      ] GC(2) User=0.01s Sys=0.00s Real=0.00s
[2025-05-28T17:36:57.018+0000][gc,marking  ] GC(2) Concurrent Mark 7.926ms
[2025-05-28T17:36:57.018+0000][gc,marking  ] GC(2) Concurrent Rebuild Remembered Sets
[2025-05-28T17:36:57.020+0000][gc,marking  ] GC(2) Concurrent Rebuild Remembered Sets 2.585ms
[2025-05-28T17:36:57.021+0000][gc,start    ] GC(2) Pause Cleanup
[2025-05-28T17:36:57.021+0000][gc          ] GC(2) Pause Cleanup 10M->10M(1024M) 0.480ms
[2025-05-28T17:36:57.021+0000][gc,cpu      ] GC(2) User=0.00s Sys=0.00s Real=0.00s
[2025-05-28T17:36:57.021+0000][gc,marking  ] GC(2) Concurrent Cleanup for Next Mark
[2025-05-28T17:36:57.026+0000][gc,marking  ] GC(2) Concurrent Cleanup for Next Mark 4.968ms
[2025-05-28T17:36:57.026+0000][gc          ] GC(2) Concurrent Mark Cycle 20.942ms
[2025-05-28T17:36:57.870+0000][gc,start    ] GC(3) Pause Young (Normal) (G1 Evacuation Pause)
[2025-05-28T17:36:57.870+0000][gc,task     ] GC(3) Using 10 workers of 10 for evacuation
[2025-05-28T17:36:57.875+0000][gc,phases   ] GC(3)   Pre Evacuate Collection Set: 0.2ms
[2025-05-28T17:36:57.875+0000][gc,phases   ] GC(3)   Merge Heap Roots: 0.2ms
[2025-05-28T17:36:57.875+0000][gc,phases   ] GC(3)   Evacuate Collection Set: 3.4ms
[2025-05-28T17:36:57.875+0000][gc,phases   ] GC(3)   Post Evacuate Collection Set: 0.6ms
[2025-05-28T17:36:57.875+0000][gc,phases   ] GC(3)   Other: 0.4ms
[2025-05-28T17:36:57.875+0000][gc,heap     ] GC(3) Eden regions: 49->0(45)
[2025-05-28T17:36:57.875+0000][gc,heap     ] GC(3) Survivor regions: 2->6(7)
[2025-05-28T17:36:57.875+0000][gc,heap     ] GC(3) Old regions: 8->8
[2025-05-28T17:36:57.876+0000][gc,heap     ] GC(3) Archive regions: 2->2
[2025-05-28T17:36:57.876+0000][gc,heap     ] GC(3) Humongous regions: 9->9
[2025-05-28T17:36:57.876+0000][gc,metaspace] GC(3) Metaspace: 33545K(33920K)->33545K(33920K) NonClass: 29568K(29760K)->29568K(29760K) Class: 3977K(4160K)->3977K(4160K)
[2025-05-28T17:36:57.877+0000][gc          ] GC(3) Pause Young (Normal) (G1 Evacuation Pause) 67M->23M(1024M) 7.087ms
[2025-05-28T17:36:57.877+0000][gc,cpu      ] GC(3) User=0.03s Sys=0.00s Real=0.00s
[2025-05-28T17:36:58.060+0000][gc,start    ] GC(4) Pause Young (Concurrent Start) (Metadata GC Threshold)
[2025-05-28T17:36:58.062+0000][gc,task     ] GC(4) Using 10 workers of 10 for evacuation
[2025-05-28T17:36:58.071+0000][gc,phases   ] GC(4)   Pre Evacuate Collection Set: 0.5ms
[2025-05-28T17:36:58.071+0000][gc,phases   ] GC(4)   Merge Heap Roots: 0.2ms
[2025-05-28T17:36:58.071+0000][gc,phases   ] GC(4)   Evacuate Collection Set: 7.4ms
[2025-05-28T17:36:58.071+0000][gc,phases   ] GC(4)   Post Evacuate Collection Set: 0.6ms
[2025-05-28T17:36:58.071+0000][gc,phases   ] GC(4)   Other: 2.3ms
[2025-05-28T17:36:58.071+0000][gc,heap     ] GC(4) Eden regions: 12->0(49)
[2025-05-28T17:36:58.071+0000][gc,heap     ] GC(4) Survivor regions: 6->2(7)
[2025-05-28T17:36:58.072+0000][gc,heap     ] GC(4) Old regions: 8->14
[2025-05-28T17:36:58.072+0000][gc,heap     ] GC(4) Archive regions: 2->2
[2025-05-28T17:36:58.072+0000][gc,heap     ] GC(4) Humongous regions: 9->9
[2025-05-28T17:36:58.072+0000][gc,metaspace] GC(4) Metaspace: 35591K(35968K)->35591K(35968K) NonClass: 31369K(31552K)->31369K(31552K) Class: 4221K(4416K)->4221K(4416K)
[2025-05-28T17:36:58.072+0000][gc          ] GC(4) Pause Young (Concurrent Start) (Metadata GC Threshold) 34M->24M(1024M) 11.988ms
[2025-05-28T17:36:58.072+0000][gc,cpu      ] GC(4) User=0.06s Sys=0.01s Real=0.01s
[2025-05-28T17:36:58.072+0000][gc          ] GC(5) Concurrent Mark Cycle
[2025-05-28T17:36:58.072+0000][gc,marking  ] GC(5) Concurrent Clear Claimed Marks
[2025-05-28T17:36:58.073+0000][gc,marking  ] GC(5) Concurrent Clear Claimed Marks 0.130ms
[2025-05-28T17:36:58.073+0000][gc,marking  ] GC(5) Concurrent Scan Root Regions
[2025-05-28T17:36:58.076+0000][gc,marking  ] GC(5) Concurrent Scan Root Regions 3.027ms
[2025-05-28T17:36:58.076+0000][gc,marking  ] GC(5) Concurrent Mark
[2025-05-28T17:36:58.076+0000][gc,marking  ] GC(5) Concurrent Mark From Roots
[2025-05-28T17:36:58.076+0000][gc,task     ] GC(5) Using 3 workers of 3 for marking
[2025-05-28T17:36:58.083+0000][gc,marking  ] GC(5) Concurrent Mark From Roots 7.359ms
[2025-05-28T17:36:58.083+0000][gc,marking  ] GC(5) Concurrent Preclean
[2025-05-28T17:36:58.084+0000][gc,marking  ] GC(5) Concurrent Preclean 0.410ms
[2025-05-28T17:36:58.085+0000][gc,start    ] GC(5) Pause Remark
[2025-05-28T17:36:58.088+0000][gc          ] GC(5) Pause Remark 25M->25M(1024M) 2.165ms
[2025-05-28T17:36:58.088+0000][gc,cpu      ] GC(5) User=0.00s Sys=0.00s Real=0.00s
[2025-05-28T17:36:58.088+0000][gc,marking  ] GC(5) Concurrent Mark 11.992ms
[2025-05-28T17:36:58.088+0000][gc,marking  ] GC(5) Concurrent Rebuild Remembered Sets
[2025-05-28T17:36:58.095+0000][gc,marking  ] GC(5) Concurrent Rebuild Remembered Sets 6.491ms
[2025-05-28T17:36:58.096+0000][gc,start    ] GC(5) Pause Cleanup
[2025-05-28T17:36:58.097+0000][gc          ] GC(5) Pause Cleanup 26M->26M(1024M) 0.745ms
[2025-05-28T17:36:58.097+0000][gc,cpu      ] GC(5) User=0.00s Sys=0.00s Real=0.00s
[2025-05-28T17:36:58.098+0000][gc,marking  ] GC(5) Concurrent Cleanup for Next Mark
[2025-05-28T17:36:58.121+0000][gc,marking  ] GC(5) Concurrent Cleanup for Next Mark 22.101ms
[2025-05-28T17:36:58.121+0000][gc          ] GC(5) Concurrent Mark Cycle 48.321ms
[2025-05-28T17:37:49.562+0000][gc,start    ] GC(6) Pause Young (Normal) (G1 Evacuation Pause)
[2025-05-28T17:37:49.562+0000][gc,task     ] GC(6) Using 10 workers of 10 for evacuation
[2025-05-28T17:37:49.568+0000][gc,phases   ] GC(6)   Pre Evacuate Collection Set: 0.3ms
[2025-05-28T17:37:49.568+0000][gc,phases   ] GC(6)   Merge Heap Roots: 0.3ms
[2025-05-28T17:37:49.568+0000][gc,phases   ] GC(6)   Evacuate Collection Set: 3.7ms
[2025-05-28T17:37:49.568+0000][gc,phases   ] GC(6)   Post Evacuate Collection Set: 0.9ms
[2025-05-28T17:37:49.568+0000][gc,phases   ] GC(6)   Other: 0.3ms
[2025-05-28T17:37:49.568+0000][gc,heap     ] GC(6) Eden regions: 49->0(44)
[2025-05-28T17:37:49.568+0000][gc,heap     ] GC(6) Survivor regions: 2->7(7)
[2025-05-28T17:37:49.568+0000][gc,heap     ] GC(6) Old regions: 14->15
[2025-05-28T17:37:49.569+0000][gc,heap     ] GC(6) Archive regions: 2->2
[2025-05-28T17:37:49.569+0000][gc,heap     ] GC(6) Humongous regions: 138->138
[2025-05-28T17:37:49.569+0000][gc,metaspace] GC(6) Metaspace: 43228K(43904K)->43228K(43904K) NonClass: 38057K(38400K)->38057K(38400K) Class: 5171K(5504K)->5171K(5504K)
[2025-05-28T17:37:49.569+0000][gc          ] GC(6) Pause Young (Normal) (G1 Evacuation Pause) 202M->160M(1024M) 6.715ms
[2025-05-28T17:37:49.569+0000][gc,cpu      ] GC(6) User=0.04s Sys=0.00s Real=0.01s
[2025-05-28T17:39:01.978+0000][gc,heap,exit] Heap
[2025-05-28T17:39:01.980+0000][gc,heap,exit]  garbage-first heap   total 1048576K, used 190847K [0x00000000c0000000, 0x0000000100000000)
[2025-05-28T17:39:01.980+0000][gc,heap,exit]   region size 1024K, 33 young (33792K), 7 survivors (7168K)
[2025-05-28T17:39:01.980+0000][gc,heap,exit]  Metaspace       used 45400K, committed 46208K, reserved 1114112K
[2025-05-28T17:39:01.980+0000][gc,heap,exit]   class space    used 5515K, committed 5888K, reserved 1048576K
