[2025-05-28T18:11:37.606+0000][gc] Using G1
[2025-05-28T18:11:37.614+0000][gc,init] Version: 17.0.8.1+1-Ubuntu-0ubuntu122.04 (release)
[2025-05-28T18:11:37.614+0000][gc,init] CPUs: 12 total, 12 available
[2025-05-28T18:11:37.614+0000][gc,init] Memory: 10950M
[2025-05-28T18:11:37.614+0000][gc,init] Large Page Support: Disabled
[2025-05-28T18:11:37.614+0000][gc,init] NUMA Support: Disabled
[2025-05-28T18:11:37.614+0000][gc,init] Compressed Oops: Enabled (32-bit)
[2025-05-28T18:11:37.614+0000][gc,init] Heap Region Size: 1M
[2025-05-28T18:11:37.614+0000][gc,init] Heap Min Capacity: 1G
[2025-05-28T18:11:37.614+0000][gc,init] Heap Initial Capacity: 1G
[2025-05-28T18:11:37.614+0000][gc,init] Heap Max Capacity: 1G
[2025-05-28T18:11:37.614+0000][gc,init] Pre-touch: Disabled
[2025-05-28T18:11:37.614+0000][gc,init] Parallel Workers: 10
[2025-05-28T18:11:37.614+0000][gc,init] Concurrent Workers: 3
[2025-05-28T18:11:37.615+0000][gc,init] Concurrent Refinement Workers: 10
[2025-05-28T18:11:37.615+0000][gc,init] Periodic GC: Disabled
[2025-05-28T18:11:37.621+0000][gc,metaspace] CDS archive(s) mapped at: [0x00007fde6b000000-0x00007fde6bbeb000-0x00007fde6bbeb000), size 12496896, SharedBaseAddress: 0x00007fde6b000000, ArchiveRelocationMode: 1.
[2025-05-28T18:11:37.622+0000][gc,metaspace] Compressed class space mapped at: 0x00007fde6c000000-0x00007fdeac000000, reserved size: 1073741824
[2025-05-28T18:11:37.622+0000][gc,metaspace] Narrow klass base: 0x00007fde6b000000, Narrow klass shift: 0, Narrow klass range: 0x100000000
[2025-05-28T18:11:38.430+0000][gc,start    ] GC(0) Pause Young (Normal) (G1 Evacuation Pause)
[2025-05-28T18:11:38.432+0000][gc,task     ] GC(0) Using 10 workers of 10 for evacuation
[2025-05-28T18:11:38.438+0000][gc,phases   ] GC(0)   Pre Evacuate Collection Set: 0.1ms
[2025-05-28T18:11:38.439+0000][gc,phases   ] GC(0)   Merge Heap Roots: 0.1ms
[2025-05-28T18:11:38.439+0000][gc,phases   ] GC(0)   Evacuate Collection Set: 6.0ms
[2025-05-28T18:11:38.439+0000][gc,phases   ] GC(0)   Post Evacuate Collection Set: 0.5ms
[2025-05-28T18:11:38.439+0000][gc,phases   ] GC(0)   Other: 1.5ms
[2025-05-28T18:11:38.439+0000][gc,heap     ] GC(0) Eden regions: 51->0(44)
[2025-05-28T18:11:38.439+0000][gc,heap     ] GC(0) Survivor regions: 0->7(7)
[2025-05-28T18:11:38.439+0000][gc,heap     ] GC(0) Old regions: 0->1
[2025-05-28T18:11:38.439+0000][gc,heap     ] GC(0) Archive regions: 2->2
[2025-05-28T18:11:38.439+0000][gc,heap     ] GC(0) Humongous regions: 0->0
[2025-05-28T18:11:38.439+0000][gc,metaspace] GC(0) Metaspace: 17025K(17216K)->17025K(17216K) NonClass: 14956K(15040K)->14956K(15040K) Class: 2069K(2176K)->2069K(2176K)
[2025-05-28T18:11:38.440+0000][gc          ] GC(0) Pause Young (Normal) (G1 Evacuation Pause) 51M->8M(1024M) 9.316ms
[2025-05-28T18:11:38.440+0000][gc,cpu      ] GC(0) User=0.03s Sys=0.03s Real=0.01s
[2025-05-28T18:11:38.656+0000][gc,start    ] GC(1) Pause Young (Concurrent Start) (Metadata GC Threshold)
[2025-05-28T18:11:38.656+0000][gc,task     ] GC(1) Using 10 workers of 10 for evacuation
[2025-05-28T18:11:38.664+0000][gc,phases   ] GC(1)   Pre Evacuate Collection Set: 0.2ms
[2025-05-28T18:11:38.664+0000][gc,phases   ] GC(1)   Merge Heap Roots: 0.1ms
[2025-05-28T18:11:38.664+0000][gc,phases   ] GC(1)   Evacuate Collection Set: 7.0ms
[2025-05-28T18:11:38.664+0000][gc,phases   ] GC(1)   Post Evacuate Collection Set: 0.4ms
[2025-05-28T18:11:38.664+0000][gc,phases   ] GC(1)   Other: 0.4ms
[2025-05-28T18:11:38.665+0000][gc,heap     ] GC(1) Eden regions: 15->0(49)
[2025-05-28T18:11:38.665+0000][gc,heap     ] GC(1) Survivor regions: 7->2(7)
[2025-05-28T18:11:38.665+0000][gc,heap     ] GC(1) Old regions: 1->9
[2025-05-28T18:11:38.665+0000][gc,heap     ] GC(1) Archive regions: 2->2
[2025-05-28T18:11:38.665+0000][gc,heap     ] GC(1) Humongous regions: 0->0
[2025-05-28T18:11:38.665+0000][gc,metaspace] GC(1) Metaspace: 21310K(21504K)->21310K(21504K) NonClass: 18662K(18752K)->18662K(18752K) Class: 2647K(2752K)->2647K(2752K)
[2025-05-28T18:11:38.665+0000][gc          ] GC(1) Pause Young (Concurrent Start) (Metadata GC Threshold) 22M->10M(1024M) 8.861ms
[2025-05-28T18:11:38.665+0000][gc,cpu      ] GC(1) User=0.04s Sys=0.04s Real=0.01s
[2025-05-28T18:11:38.665+0000][gc          ] GC(2) Concurrent Mark Cycle
[2025-05-28T18:11:38.665+0000][gc,marking  ] GC(2) Concurrent Clear Claimed Marks
[2025-05-28T18:11:38.665+0000][gc,marking  ] GC(2) Concurrent Clear Claimed Marks 0.159ms
[2025-05-28T18:11:38.666+0000][gc,marking  ] GC(2) Concurrent Scan Root Regions
[2025-05-28T18:11:38.668+0000][gc,marking  ] GC(2) Concurrent Scan Root Regions 1.997ms
[2025-05-28T18:11:38.668+0000][gc,marking  ] GC(2) Concurrent Mark
[2025-05-28T18:11:38.668+0000][gc,marking  ] GC(2) Concurrent Mark From Roots
[2025-05-28T18:11:38.668+0000][gc,task     ] GC(2) Using 3 workers of 3 for marking
[2025-05-28T18:11:38.670+0000][gc,marking  ] GC(2) Concurrent Mark From Roots 2.599ms
[2025-05-28T18:11:38.670+0000][gc,marking  ] GC(2) Concurrent Preclean
[2025-05-28T18:11:38.671+0000][gc,marking  ] GC(2) Concurrent Preclean 0.234ms
[2025-05-28T18:11:38.671+0000][gc,start    ] GC(2) Pause Remark
[2025-05-28T18:11:38.673+0000][gc          ] GC(2) Pause Remark 10M->10M(1024M) 1.707ms
[2025-05-28T18:11:38.673+0000][gc,cpu      ] GC(2) User=0.01s Sys=0.00s Real=0.00s
[2025-05-28T18:11:38.673+0000][gc,marking  ] GC(2) Concurrent Mark 5.425ms
[2025-05-28T18:11:38.673+0000][gc,marking  ] GC(2) Concurrent Rebuild Remembered Sets
[2025-05-28T18:11:38.676+0000][gc,marking  ] GC(2) Concurrent Rebuild Remembered Sets 2.540ms
[2025-05-28T18:11:38.676+0000][gc,start    ] GC(2) Pause Cleanup
[2025-05-28T18:11:38.677+0000][gc          ] GC(2) Pause Cleanup 10M->10M(1024M) 0.456ms
[2025-05-28T18:11:38.677+0000][gc,cpu      ] GC(2) User=0.00s Sys=0.00s Real=0.00s
[2025-05-28T18:11:38.677+0000][gc,marking  ] GC(2) Concurrent Cleanup for Next Mark
[2025-05-28T18:11:38.679+0000][gc,marking  ] GC(2) Concurrent Cleanup for Next Mark 1.700ms
[2025-05-28T18:11:38.679+0000][gc          ] GC(2) Concurrent Mark Cycle 13.879ms
[2025-05-28T18:11:39.552+0000][gc,start    ] GC(3) Pause Young (Normal) (G1 Evacuation Pause)
[2025-05-28T18:11:39.552+0000][gc,task     ] GC(3) Using 10 workers of 10 for evacuation
[2025-05-28T18:11:39.556+0000][gc,phases   ] GC(3)   Pre Evacuate Collection Set: 0.3ms
[2025-05-28T18:11:39.557+0000][gc,phases   ] GC(3)   Merge Heap Roots: 0.3ms
[2025-05-28T18:11:39.557+0000][gc,phases   ] GC(3)   Evacuate Collection Set: 3.0ms
[2025-05-28T18:11:39.557+0000][gc,phases   ] GC(3)   Post Evacuate Collection Set: 0.8ms
[2025-05-28T18:11:39.557+0000][gc,phases   ] GC(3)   Other: 0.5ms
[2025-05-28T18:11:39.557+0000][gc,heap     ] GC(3) Eden regions: 49->0(45)
[2025-05-28T18:11:39.557+0000][gc,heap     ] GC(3) Survivor regions: 2->6(7)
[2025-05-28T18:11:39.557+0000][gc,heap     ] GC(3) Old regions: 9->9
[2025-05-28T18:11:39.557+0000][gc,heap     ] GC(3) Archive regions: 2->2
[2025-05-28T18:11:39.557+0000][gc,heap     ] GC(3) Humongous regions: 9->9
[2025-05-28T18:11:39.557+0000][gc,metaspace] GC(3) Metaspace: 33286K(33728K)->33286K(33728K) NonClass: 29395K(29632K)->29395K(29632K) Class: 3891K(4096K)->3891K(4096K)
[2025-05-28T18:11:39.557+0000][gc          ] GC(3) Pause Young (Normal) (G1 Evacuation Pause) 68M->23M(1024M) 5.619ms
[2025-05-28T18:11:39.557+0000][gc,cpu      ] GC(3) User=0.03s Sys=0.01s Real=0.00s
[2025-05-28T18:11:39.742+0000][gc,start    ] GC(4) Pause Young (Concurrent Start) (Metadata GC Threshold)
[2025-05-28T18:11:39.742+0000][gc,task     ] GC(4) Using 10 workers of 10 for evacuation
[2025-05-28T18:11:39.754+0000][gc,phases   ] GC(4)   Pre Evacuate Collection Set: 0.3ms
[2025-05-28T18:11:39.756+0000][gc,phases   ] GC(4)   Merge Heap Roots: 0.1ms
[2025-05-28T18:11:39.757+0000][gc,phases   ] GC(4)   Evacuate Collection Set: 9.8ms
[2025-05-28T18:11:39.757+0000][gc,phases   ] GC(4)   Post Evacuate Collection Set: 2.0ms
[2025-05-28T18:11:39.757+0000][gc,phases   ] GC(4)   Other: 0.6ms
[2025-05-28T18:11:39.757+0000][gc,heap     ] GC(4) Eden regions: 14->0(48)
[2025-05-28T18:11:39.757+0000][gc,heap     ] GC(4) Survivor regions: 6->3(7)
[2025-05-28T18:11:39.758+0000][gc,heap     ] GC(4) Old regions: 9->14
[2025-05-28T18:11:39.758+0000][gc,heap     ] GC(4) Archive regions: 2->2
[2025-05-28T18:11:39.758+0000][gc,heap     ] GC(4) Humongous regions: 9->9
[2025-05-28T18:11:39.758+0000][gc,metaspace] GC(4) Metaspace: 35573K(36096K)->35573K(36096K) NonClass: 31388K(31616K)->31388K(31616K) Class: 4185K(4480K)->4185K(4480K)
[2025-05-28T18:11:39.759+0000][gc          ] GC(4) Pause Young (Concurrent Start) (Metadata GC Threshold) 37M->25M(1024M) 17.315ms
[2025-05-28T18:11:39.759+0000][gc,cpu      ] GC(4) User=0.05s Sys=0.02s Real=0.02s
[2025-05-28T18:11:39.760+0000][gc          ] GC(5) Concurrent Mark Cycle
[2025-05-28T18:11:39.760+0000][gc,marking  ] GC(5) Concurrent Clear Claimed Marks
[2025-05-28T18:11:39.762+0000][gc,marking  ] GC(5) Concurrent Clear Claimed Marks 1.321ms
[2025-05-28T18:11:39.762+0000][gc,marking  ] GC(5) Concurrent Scan Root Regions
[2025-05-28T18:11:39.765+0000][gc,marking  ] GC(5) Concurrent Scan Root Regions 3.090ms
[2025-05-28T18:11:39.765+0000][gc,marking  ] GC(5) Concurrent Mark
[2025-05-28T18:11:39.765+0000][gc,marking  ] GC(5) Concurrent Mark From Roots
[2025-05-28T18:11:39.765+0000][gc,task     ] GC(5) Using 3 workers of 3 for marking
[2025-05-28T18:11:39.774+0000][gc,marking  ] GC(5) Concurrent Mark From Roots 8.488ms
[2025-05-28T18:11:39.774+0000][gc,marking  ] GC(5) Concurrent Preclean
[2025-05-28T18:11:39.775+0000][gc,marking  ] GC(5) Concurrent Preclean 0.447ms
[2025-05-28T18:11:39.775+0000][gc,start    ] GC(5) Pause Remark
[2025-05-28T18:11:39.778+0000][gc          ] GC(5) Pause Remark 28M->28M(1024M) 2.769ms
[2025-05-28T18:11:39.778+0000][gc,cpu      ] GC(5) User=0.02s Sys=0.00s Real=0.01s
[2025-05-28T18:11:39.780+0000][gc,marking  ] GC(5) Concurrent Mark 14.332ms
[2025-05-28T18:11:39.781+0000][gc,marking  ] GC(5) Concurrent Rebuild Remembered Sets
[2025-05-28T18:11:39.794+0000][gc,marking  ] GC(5) Concurrent Rebuild Remembered Sets 13.050ms
[2025-05-28T18:11:39.796+0000][gc,start    ] GC(5) Pause Cleanup
[2025-05-28T18:11:39.796+0000][gc          ] GC(5) Pause Cleanup 29M->29M(1024M) 0.733ms
[2025-05-28T18:11:39.797+0000][gc,cpu      ] GC(5) User=0.00s Sys=0.00s Real=0.00s
[2025-05-28T18:11:39.798+0000][gc,marking  ] GC(5) Concurrent Cleanup for Next Mark
[2025-05-28T18:11:39.833+0000][gc,marking  ] GC(5) Concurrent Cleanup for Next Mark 35.569ms
[2025-05-28T18:11:39.833+0000][gc          ] GC(5) Concurrent Mark Cycle 73.805ms
[2025-05-28T18:11:40.476+0000][gc,start    ] GC(6) Pause Young (Prepare Mixed) (G1 Evacuation Pause)
[2025-05-28T18:11:40.477+0000][gc,task     ] GC(6) Using 10 workers of 10 for evacuation
[2025-05-28T18:11:40.491+0000][gc,phases   ] GC(6)   Pre Evacuate Collection Set: 0.3ms
[2025-05-28T18:11:40.492+0000][gc,phases   ] GC(6)   Merge Heap Roots: 0.1ms
[2025-05-28T18:11:40.492+0000][gc,phases   ] GC(6)   Evacuate Collection Set: 9.1ms
[2025-05-28T18:11:40.493+0000][gc,phases   ] GC(6)   Post Evacuate Collection Set: 5.1ms
[2025-05-28T18:11:40.493+0000][gc,phases   ] GC(6)   Other: 0.5ms
[2025-05-28T18:11:40.493+0000][gc,heap     ] GC(6) Eden regions: 48->0(44)
[2025-05-28T18:11:40.494+0000][gc,heap     ] GC(6) Survivor regions: 3->7(7)
[2025-05-28T18:11:40.494+0000][gc,heap     ] GC(6) Old regions: 14->15
[2025-05-28T18:11:40.494+0000][gc,heap     ] GC(6) Archive regions: 2->2
[2025-05-28T18:11:40.494+0000][gc,heap     ] GC(6) Humongous regions: 138->138
[2025-05-28T18:11:40.496+0000][gc,metaspace] GC(6) Metaspace: 42921K(43712K)->42921K(43712K) NonClass: 37828K(38272K)->37828K(38272K) Class: 5093K(5440K)->5093K(5440K)
[2025-05-28T18:11:40.496+0000][gc          ] GC(6) Pause Young (Prepare Mixed) (G1 Evacuation Pause) 202M->160M(1024M) 20.054ms
[2025-05-28T18:11:40.497+0000][gc,cpu      ] GC(6) User=0.07s Sys=0.01s Real=0.02s
[2025-05-28T18:14:55.525+0000][gc,start    ] GC(7) Pause Young (Mixed) (G1 Evacuation Pause)
[2025-05-28T18:14:55.525+0000][gc,task     ] GC(7) Using 10 workers of 10 for evacuation
[2025-05-28T18:14:55.534+0000][gc,phases   ] GC(7)   Pre Evacuate Collection Set: 0.2ms
[2025-05-28T18:14:55.534+0000][gc,phases   ] GC(7)   Merge Heap Roots: 0.1ms
[2025-05-28T18:14:55.534+0000][gc,phases   ] GC(7)   Evacuate Collection Set: 7.4ms
[2025-05-28T18:14:55.534+0000][gc,phases   ] GC(7)   Post Evacuate Collection Set: 0.8ms
[2025-05-28T18:14:55.534+0000][gc,phases   ] GC(7)   Other: 0.5ms
[2025-05-28T18:14:55.534+0000][gc,heap     ] GC(7) Eden regions: 44->0(49)
[2025-05-28T18:14:55.534+0000][gc,heap     ] GC(7) Survivor regions: 7->2(7)
[2025-05-28T18:14:55.534+0000][gc,heap     ] GC(7) Old regions: 15->22
[2025-05-28T18:14:55.535+0000][gc,heap     ] GC(7) Archive regions: 2->2
[2025-05-28T18:14:55.535+0000][gc,heap     ] GC(7) Humongous regions: 138->138
[2025-05-28T18:14:55.535+0000][gc,metaspace] GC(7) Metaspace: 46751K(47680K)->46751K(47680K) NonClass: 41214K(41664K)->41214K(41664K) Class: 5537K(6016K)->5537K(6016K)
[2025-05-28T18:14:55.535+0000][gc          ] GC(7) Pause Young (Mixed) (G1 Evacuation Pause) 204M->162M(1024M) 9.896ms
[2025-05-28T18:14:55.535+0000][gc,cpu      ] GC(7) User=0.04s Sys=0.04s Real=0.01s
[2025-05-28T18:21:02.041+0000][gc,start    ] GC(8) Pause Young (Normal) (G1 Evacuation Pause)
[2025-05-28T18:21:02.042+0000][gc,task     ] GC(8) Using 10 workers of 10 for evacuation
[2025-05-28T18:21:02.045+0000][gc,phases   ] GC(8)   Pre Evacuate Collection Set: 0.3ms
[2025-05-28T18:21:02.045+0000][gc,phases   ] GC(8)   Merge Heap Roots: 0.1ms
[2025-05-28T18:21:02.045+0000][gc,phases   ] GC(8)   Evacuate Collection Set: 1.9ms
[2025-05-28T18:21:02.045+0000][gc,phases   ] GC(8)   Post Evacuate Collection Set: 0.5ms
[2025-05-28T18:21:02.045+0000][gc,phases   ] GC(8)   Other: 0.4ms
[2025-05-28T18:21:02.045+0000][gc,heap     ] GC(8) Eden regions: 49->0(48)
[2025-05-28T18:21:02.045+0000][gc,heap     ] GC(8) Survivor regions: 2->3(7)
[2025-05-28T18:21:02.045+0000][gc,heap     ] GC(8) Old regions: 22->22
[2025-05-28T18:21:02.045+0000][gc,heap     ] GC(8) Archive regions: 2->2
[2025-05-28T18:21:02.045+0000][gc,heap     ] GC(8) Humongous regions: 138->138
[2025-05-28T18:21:02.045+0000][gc,metaspace] GC(8) Metaspace: 47002K(47936K)->47002K(47936K) NonClass: 41464K(41920K)->41464K(41920K) Class: 5537K(6016K)->5537K(6016K)
[2025-05-28T18:21:02.045+0000][gc          ] GC(8) Pause Young (Normal) (G1 Evacuation Pause) 211M->163M(1024M) 3.803ms
[2025-05-28T18:21:02.045+0000][gc,cpu      ] GC(8) User=0.01s Sys=0.00s Real=0.01s
[2025-05-28T18:26:20.807+0000][gc,start    ] GC(9) Pause Young (Normal) (G1 Evacuation Pause)
[2025-05-28T18:26:20.807+0000][gc,task     ] GC(9) Using 10 workers of 10 for evacuation
[2025-05-28T18:26:20.810+0000][gc,phases   ] GC(9)   Pre Evacuate Collection Set: 0.2ms
[2025-05-28T18:26:20.810+0000][gc,phases   ] GC(9)   Merge Heap Roots: 0.1ms
[2025-05-28T18:26:20.810+0000][gc,phases   ] GC(9)   Evacuate Collection Set: 2.0ms
[2025-05-28T18:26:20.810+0000][gc,phases   ] GC(9)   Post Evacuate Collection Set: 0.5ms
[2025-05-28T18:26:20.810+0000][gc,phases   ] GC(9)   Other: 0.5ms
[2025-05-28T18:26:20.810+0000][gc,heap     ] GC(9) Eden regions: 48->0(51)
[2025-05-28T18:26:20.810+0000][gc,heap     ] GC(9) Survivor regions: 3->4(7)
[2025-05-28T18:26:20.811+0000][gc,heap     ] GC(9) Old regions: 22->22
[2025-05-28T18:26:20.811+0000][gc,heap     ] GC(9) Archive regions: 2->2
[2025-05-28T18:26:20.811+0000][gc,heap     ] GC(9) Humongous regions: 138->138
[2025-05-28T18:26:20.811+0000][gc,metaspace] GC(9) Metaspace: 47351K(48320K)->47351K(48320K) NonClass: 41811K(42304K)->41811K(42304K) Class: 5540K(6016K)->5540K(6016K)
[2025-05-28T18:26:20.811+0000][gc          ] GC(9) Pause Young (Normal) (G1 Evacuation Pause) 211M->164M(1024M) 3.899ms
[2025-05-28T18:26:20.811+0000][gc,cpu      ] GC(9) User=0.02s Sys=0.00s Real=0.01s
[2025-05-28T18:29:17.258+0000][gc,heap,exit] Heap
[2025-05-28T18:29:17.259+0000][gc,heap,exit]  garbage-first heap   total 1048576K, used 206754K [0x00000000c0000000, 0x0000000100000000)
[2025-05-28T18:29:17.260+0000][gc,heap,exit]   region size 1024K, 42 young (43008K), 4 survivors (4096K)
[2025-05-28T18:29:17.260+0000][gc,heap,exit]  Metaspace       used 48201K, committed 49088K, reserved 1114112K
[2025-05-28T18:29:17.260+0000][gc,heap,exit]   class space    used 5702K, committed 6144K, reserved 1048576K
