[2025-05-29T17:21:57.352+0000][gc] Using G1
[2025-05-29T17:21:57.359+0000][gc,init] Version: 17.0.8.1+1-Ubuntu-0ubuntu122.04 (release)
[2025-05-29T17:21:57.359+0000][gc,init] CPUs: 8 total, 8 available
[2025-05-29T17:21:57.359+0000][gc,init] Memory: 13975M
[2025-05-29T17:21:57.359+0000][gc,init] Large Page Support: Disabled
[2025-05-29T17:21:57.360+0000][gc,init] NUMA Support: Disabled
[2025-05-29T17:21:57.360+0000][gc,init] Compressed Oops: Enabled (32-bit)
[2025-05-29T17:21:57.360+0000][gc,init] Heap Region Size: 1M
[2025-05-29T17:21:57.360+0000][gc,init] Heap Min Capacity: 1G
[2025-05-29T17:21:57.360+0000][gc,init] Heap Initial Capacity: 1G
[2025-05-29T17:21:57.360+0000][gc,init] Heap Max Capacity: 1G
[2025-05-29T17:21:57.360+0000][gc,init] Pre-touch: Disabled
[2025-05-29T17:21:57.361+0000][gc,init] Parallel Workers: 8
[2025-05-29T17:21:57.361+0000][gc,init] Concurrent Workers: 2
[2025-05-29T17:21:57.361+0000][gc,init] Concurrent Refinement Workers: 8
[2025-05-29T17:21:57.361+0000][gc,init] Periodic GC: Disabled
[2025-05-29T17:21:57.367+0000][gc,metaspace] CDS archive(s) mapped at: [0x00007fed7b000000-0x00007fed7bbeb000-0x00007fed7bbeb000), size 12496896, SharedBaseAddress: 0x00007fed7b000000, ArchiveRelocationMode: 1.
[2025-05-29T17:21:57.367+0000][gc,metaspace] Compressed class space mapped at: 0x00007fed7c000000-0x00007fedbc000000, reserved size: 1073741824
[2025-05-29T17:21:57.368+0000][gc,metaspace] Narrow klass base: 0x00007fed7b000000, Narrow klass shift: 0, Narrow klass range: 0x100000000
[2025-05-29T17:21:58.525+0000][gc,start    ] GC(0) Pause Young (Normal) (G1 Evacuation Pause)
[2025-05-29T17:21:58.527+0000][gc,task     ] GC(0) Using 8 workers of 8 for evacuation
[2025-05-29T17:21:58.533+0000][gc,phases   ] GC(0)   Pre Evacuate Collection Set: 0.3ms
[2025-05-29T17:21:58.533+0000][gc,phases   ] GC(0)   Merge Heap Roots: 0.2ms
[2025-05-29T17:21:58.533+0000][gc,phases   ] GC(0)   Evacuate Collection Set: 4.0ms
[2025-05-29T17:21:58.534+0000][gc,phases   ] GC(0)   Post Evacuate Collection Set: 1.0ms
[2025-05-29T17:21:58.534+0000][gc,phases   ] GC(0)   Other: 2.0ms
[2025-05-29T17:21:58.534+0000][gc,heap     ] GC(0) Eden regions: 51->0(44)
[2025-05-29T17:21:58.534+0000][gc,heap     ] GC(0) Survivor regions: 0->7(7)
[2025-05-29T17:21:58.535+0000][gc,heap     ] GC(0) Old regions: 0->1
[2025-05-29T17:21:58.535+0000][gc,heap     ] GC(0) Archive regions: 2->2
[2025-05-29T17:21:58.535+0000][gc,heap     ] GC(0) Humongous regions: 0->0
[2025-05-29T17:21:58.535+0000][gc,metaspace] GC(0) Metaspace: 16913K(17152K)->16913K(17152K) NonClass: 14857K(14976K)->14857K(14976K) Class: 2055K(2176K)->2055K(2176K)
[2025-05-29T17:21:58.535+0000][gc          ] GC(0) Pause Young (Normal) (G1 Evacuation Pause) 51M->8M(1024M) 10.000ms
[2025-05-29T17:21:58.536+0000][gc,cpu      ] GC(0) User=0.01s Sys=0.02s Real=0.01s
[2025-05-29T17:21:58.825+0000][gc,start    ] GC(1) Pause Young (Concurrent Start) (Metadata GC Threshold)
[2025-05-29T17:21:58.825+0000][gc,task     ] GC(1) Using 8 workers of 8 for evacuation
[2025-05-29T17:21:58.836+0000][gc,phases   ] GC(1)   Pre Evacuate Collection Set: 0.3ms
[2025-05-29T17:21:58.836+0000][gc,phases   ] GC(1)   Merge Heap Roots: 0.3ms
[2025-05-29T17:21:58.836+0000][gc,phases   ] GC(1)   Evacuate Collection Set: 9.0ms
[2025-05-29T17:21:58.837+0000][gc,phases   ] GC(1)   Post Evacuate Collection Set: 1.0ms
[2025-05-29T17:21:58.837+0000][gc,phases   ] GC(1)   Other: 0.6ms
[2025-05-29T17:21:58.837+0000][gc,heap     ] GC(1) Eden regions: 15->0(49)
[2025-05-29T17:21:58.837+0000][gc,heap     ] GC(1) Survivor regions: 7->2(7)
[2025-05-29T17:21:58.837+0000][gc,heap     ] GC(1) Old regions: 1->8
[2025-05-29T17:21:58.838+0000][gc,heap     ] GC(1) Archive regions: 2->2
[2025-05-29T17:21:58.838+0000][gc,heap     ] GC(1) Humongous regions: 0->0
[2025-05-29T17:21:58.838+0000][gc,metaspace] GC(1) Metaspace: 21314K(21504K)->21314K(21504K) NonClass: 18674K(18752K)->18674K(18752K) Class: 2639K(2752K)->2639K(2752K)
[2025-05-29T17:21:58.838+0000][gc          ] GC(1) Pause Young (Concurrent Start) (Metadata GC Threshold) 23M->10M(1024M) 13.391ms
[2025-05-29T17:21:58.839+0000][gc,cpu      ] GC(1) User=0.04s Sys=0.02s Real=0.02s
[2025-05-29T17:21:58.839+0000][gc          ] GC(2) Concurrent Mark Cycle
[2025-05-29T17:21:58.839+0000][gc,marking  ] GC(2) Concurrent Clear Claimed Marks
[2025-05-29T17:21:58.839+0000][gc,marking  ] GC(2) Concurrent Clear Claimed Marks 0.212ms
[2025-05-29T17:21:58.840+0000][gc,marking  ] GC(2) Concurrent Scan Root Regions
[2025-05-29T17:21:58.843+0000][gc,marking  ] GC(2) Concurrent Scan Root Regions 3.416ms
[2025-05-29T17:21:58.843+0000][gc,marking  ] GC(2) Concurrent Mark
[2025-05-29T17:21:58.844+0000][gc,marking  ] GC(2) Concurrent Mark From Roots
[2025-05-29T17:21:58.844+0000][gc,task     ] GC(2) Using 2 workers of 2 for marking
[2025-05-29T17:21:58.846+0000][gc,marking  ] GC(2) Concurrent Mark From Roots 2.786ms
[2025-05-29T17:21:58.847+0000][gc,marking  ] GC(2) Concurrent Preclean
[2025-05-29T17:21:58.847+0000][gc,marking  ] GC(2) Concurrent Preclean 0.316ms
[2025-05-29T17:21:58.848+0000][gc,start    ] GC(2) Pause Remark
[2025-05-29T17:21:58.851+0000][gc          ] GC(2) Pause Remark 10M->10M(1024M) 3.072ms
[2025-05-29T17:21:58.851+0000][gc,cpu      ] GC(2) User=0.01s Sys=0.00s Real=0.00s
[2025-05-29T17:21:58.854+0000][gc,marking  ] GC(2) Concurrent Mark 11.118ms
[2025-05-29T17:21:58.855+0000][gc,marking  ] GC(2) Concurrent Rebuild Remembered Sets
[2025-05-29T17:21:58.855+0000][gc,marking  ] GC(2) Concurrent Rebuild Remembered Sets 0.199ms
[2025-05-29T17:21:58.857+0000][gc,start    ] GC(2) Pause Cleanup
[2025-05-29T17:21:58.857+0000][gc          ] GC(2) Pause Cleanup 10M->10M(1024M) 0.200ms
[2025-05-29T17:21:58.857+0000][gc,cpu      ] GC(2) User=0.00s Sys=0.00s Real=0.00s
[2025-05-29T17:21:58.857+0000][gc,marking  ] GC(2) Concurrent Cleanup for Next Mark
[2025-05-29T17:21:58.859+0000][gc,marking  ] GC(2) Concurrent Cleanup for Next Mark 1.816ms
[2025-05-29T17:21:58.859+0000][gc          ] GC(2) Concurrent Mark Cycle 20.487ms
[2025-05-29T17:21:59.800+0000][gc,start    ] GC(3) Pause Young (Normal) (G1 Evacuation Pause)
[2025-05-29T17:21:59.800+0000][gc,task     ] GC(3) Using 8 workers of 8 for evacuation
[2025-05-29T17:21:59.806+0000][gc,phases   ] GC(3)   Pre Evacuate Collection Set: 0.3ms
[2025-05-29T17:21:59.806+0000][gc,phases   ] GC(3)   Merge Heap Roots: 0.2ms
[2025-05-29T17:21:59.807+0000][gc,phases   ] GC(3)   Evacuate Collection Set: 4.0ms
[2025-05-29T17:21:59.807+0000][gc,phases   ] GC(3)   Post Evacuate Collection Set: 1.3ms
[2025-05-29T17:21:59.807+0000][gc,phases   ] GC(3)   Other: 0.7ms
[2025-05-29T17:21:59.807+0000][gc,heap     ] GC(3) Eden regions: 49->0(45)
[2025-05-29T17:21:59.807+0000][gc,heap     ] GC(3) Survivor regions: 2->6(7)
[2025-05-29T17:21:59.808+0000][gc,heap     ] GC(3) Old regions: 8->8
[2025-05-29T17:21:59.808+0000][gc,heap     ] GC(3) Archive regions: 2->2
[2025-05-29T17:21:59.808+0000][gc,heap     ] GC(3) Humongous regions: 1->1
[2025-05-29T17:21:59.808+0000][gc,metaspace] GC(3) Metaspace: 32592K(32960K)->32592K(32960K) NonClass: 28779K(28992K)->28779K(28992K) Class: 3812K(3968K)->3812K(3968K)
[2025-05-29T17:21:59.808+0000][gc          ] GC(3) Pause Young (Normal) (G1 Evacuation Pause) 60M->15M(1024M) 8.655ms
[2025-05-29T17:21:59.808+0000][gc,cpu      ] GC(3) User=0.03s Sys=0.01s Real=0.01s
[2025-05-29T17:22:00.125+0000][gc,start    ] GC(4) Pause Young (Concurrent Start) (Metadata GC Threshold)
[2025-05-29T17:22:00.125+0000][gc,task     ] GC(4) Using 8 workers of 8 for evacuation
[2025-05-29T17:22:00.133+0000][gc,phases   ] GC(4)   Pre Evacuate Collection Set: 0.4ms
[2025-05-29T17:22:00.133+0000][gc,phases   ] GC(4)   Merge Heap Roots: 0.2ms
[2025-05-29T17:22:00.133+0000][gc,phases   ] GC(4)   Evacuate Collection Set: 5.3ms
[2025-05-29T17:22:00.133+0000][gc,phases   ] GC(4)   Post Evacuate Collection Set: 1.0ms
[2025-05-29T17:22:00.133+0000][gc,phases   ] GC(4)   Other: 0.8ms
[2025-05-29T17:22:00.134+0000][gc,heap     ] GC(4) Eden regions: 21->0(49)
[2025-05-29T17:22:00.134+0000][gc,heap     ] GC(4) Survivor regions: 6->2(7)
[2025-05-29T17:22:00.134+0000][gc,heap     ] GC(4) Old regions: 8->14
[2025-05-29T17:22:00.134+0000][gc,heap     ] GC(4) Archive regions: 2->2
[2025-05-29T17:22:00.134+0000][gc,heap     ] GC(4) Humongous regions: 12->12
[2025-05-29T17:22:00.135+0000][gc,metaspace] GC(4) Metaspace: 35605K(36096K)->35605K(36096K) NonClass: 31445K(31680K)->31445K(31680K) Class: 4160K(4416K)->4160K(4416K)
[2025-05-29T17:22:00.135+0000][gc          ] GC(4) Pause Young (Concurrent Start) (Metadata GC Threshold) 46M->27M(1024M) 9.867ms
[2025-05-29T17:22:00.135+0000][gc,cpu      ] GC(4) User=0.04s Sys=0.00s Real=0.01s
[2025-05-29T17:22:00.135+0000][gc          ] GC(5) Concurrent Mark Cycle
[2025-05-29T17:22:00.136+0000][gc,marking  ] GC(5) Concurrent Clear Claimed Marks
[2025-05-29T17:22:00.136+0000][gc,marking  ] GC(5) Concurrent Clear Claimed Marks 0.222ms
[2025-05-29T17:22:00.136+0000][gc,marking  ] GC(5) Concurrent Scan Root Regions
[2025-05-29T17:22:00.141+0000][gc,marking  ] GC(5) Concurrent Scan Root Regions 4.916ms
[2025-05-29T17:22:00.141+0000][gc,marking  ] GC(5) Concurrent Mark
[2025-05-29T17:22:00.141+0000][gc,marking  ] GC(5) Concurrent Mark From Roots
[2025-05-29T17:22:00.142+0000][gc,task     ] GC(5) Using 2 workers of 2 for marking
[2025-05-29T17:22:00.158+0000][gc,marking  ] GC(5) Concurrent Mark From Roots 16.465ms
[2025-05-29T17:22:00.160+0000][gc,marking  ] GC(5) Concurrent Preclean
[2025-05-29T17:22:00.160+0000][gc,marking  ] GC(5) Concurrent Preclean 0.344ms
[2025-05-29T17:22:00.163+0000][gc,start    ] GC(5) Pause Remark
[2025-05-29T17:22:00.166+0000][gc          ] GC(5) Pause Remark 31M->31M(1024M) 3.527ms
[2025-05-29T17:22:00.166+0000][gc,cpu      ] GC(5) User=0.02s Sys=0.00s Real=0.01s
[2025-05-29T17:22:00.167+0000][gc,marking  ] GC(5) Concurrent Mark 25.648ms
[2025-05-29T17:22:00.167+0000][gc,marking  ] GC(5) Concurrent Rebuild Remembered Sets
[2025-05-29T17:22:00.176+0000][gc,marking  ] GC(5) Concurrent Rebuild Remembered Sets 8.710ms
[2025-05-29T17:22:00.177+0000][gc,start    ] GC(5) Pause Cleanup
[2025-05-29T17:22:00.177+0000][gc          ] GC(5) Pause Cleanup 33M->33M(1024M) 0.543ms
[2025-05-29T17:22:00.177+0000][gc,cpu      ] GC(5) User=0.00s Sys=0.00s Real=0.00s
[2025-05-29T17:22:00.180+0000][gc,marking  ] GC(5) Concurrent Cleanup for Next Mark
[2025-05-29T17:22:00.483+0000][gc,marking  ] GC(5) Concurrent Cleanup for Next Mark 303.120ms
[2025-05-29T17:22:00.484+0000][gc          ] GC(5) Concurrent Mark Cycle 348.686ms
[2025-05-29T17:22:00.814+0000][gc,start    ] GC(6) Pause Young (Normal) (G1 Evacuation Pause)
[2025-05-29T17:22:00.814+0000][gc,task     ] GC(6) Using 8 workers of 8 for evacuation
[2025-05-29T17:22:00.824+0000][gc,phases   ] GC(6)   Pre Evacuate Collection Set: 0.4ms
[2025-05-29T17:22:00.825+0000][gc,phases   ] GC(6)   Merge Heap Roots: 0.4ms
[2025-05-29T17:22:00.825+0000][gc,phases   ] GC(6)   Evacuate Collection Set: 7.8ms
[2025-05-29T17:22:00.825+0000][gc,phases   ] GC(6)   Post Evacuate Collection Set: 1.3ms
[2025-05-29T17:22:00.825+0000][gc,phases   ] GC(6)   Other: 0.5ms
[2025-05-29T17:22:00.826+0000][gc,heap     ] GC(6) Eden regions: 49->0(44)
[2025-05-29T17:22:00.826+0000][gc,heap     ] GC(6) Survivor regions: 2->7(7)
[2025-05-29T17:22:00.826+0000][gc,heap     ] GC(6) Old regions: 14->14
[2025-05-29T17:22:00.826+0000][gc,heap     ] GC(6) Archive regions: 2->2
[2025-05-29T17:22:00.826+0000][gc,heap     ] GC(6) Humongous regions: 12->10
[2025-05-29T17:22:00.827+0000][gc,metaspace] GC(6) Metaspace: 41336K(41984K)->41336K(41984K) NonClass: 36449K(36800K)->36449K(36800K) Class: 4887K(5184K)->4887K(5184K)
[2025-05-29T17:22:00.827+0000][gc          ] GC(6) Pause Young (Normal) (G1 Evacuation Pause) 76M->31M(1024M) 12.714ms
[2025-05-29T17:22:00.827+0000][gc,cpu      ] GC(6) User=0.05s Sys=0.00s Real=0.02s
[2025-05-29T17:23:17.756+0000][gc,start    ] GC(7) Pause Young (Normal) (G1 Evacuation Pause)
[2025-05-29T17:23:17.756+0000][gc,task     ] GC(7) Using 8 workers of 8 for evacuation
[2025-05-29T17:23:17.776+0000][gc,phases   ] GC(7)   Pre Evacuate Collection Set: 0.3ms
[2025-05-29T17:23:17.777+0000][gc,phases   ] GC(7)   Merge Heap Roots: 0.2ms
[2025-05-29T17:23:17.777+0000][gc,phases   ] GC(7)   Evacuate Collection Set: 16.6ms
[2025-05-29T17:23:17.778+0000][gc,phases   ] GC(7)   Post Evacuate Collection Set: 2.6ms
[2025-05-29T17:23:17.778+0000][gc,phases   ] GC(7)   Other: 1.0ms
[2025-05-29T17:23:17.778+0000][gc,heap     ] GC(7) Eden regions: 44->0(47)
[2025-05-29T17:23:17.778+0000][gc,heap     ] GC(7) Survivor regions: 7->4(7)
[2025-05-29T17:23:17.778+0000][gc,heap     ] GC(7) Old regions: 14->21
[2025-05-29T17:23:17.779+0000][gc,heap     ] GC(7) Archive regions: 2->2
[2025-05-29T17:23:17.779+0000][gc,heap     ] GC(7) Humongous regions: 139->139
[2025-05-29T17:23:17.779+0000][gc,metaspace] GC(7) Metaspace: 46592K(47488K)->46592K(47488K) NonClass: 41047K(41472K)->41047K(41472K) Class: 5544K(6016K)->5544K(6016K)
[2025-05-29T17:23:17.779+0000][gc          ] GC(7) Pause Young (Normal) (G1 Evacuation Pause) 204M->164M(1024M) 23.428ms
[2025-05-29T17:23:17.779+0000][gc,cpu      ] GC(7) User=0.02s Sys=0.06s Real=0.02s
[2025-05-29T17:24:43.586+0000][gc,heap,exit] Heap
[2025-05-29T17:24:43.587+0000][gc,heap,exit]  garbage-first heap   total 1048576K, used 203218K [0x00000000c0000000, 0x0000000100000000)
[2025-05-29T17:24:43.587+0000][gc,heap,exit]   region size 1024K, 39 young (39936K), 4 survivors (4096K)
[2025-05-29T17:24:43.587+0000][gc,heap,exit]  Metaspace       used 47914K, committed 48832K, reserved 1114112K
[2025-05-29T17:24:43.588+0000][gc,heap,exit]   class space    used 5701K, committed 6144K, reserved 1048576K
